gthr-default.h:229:1:int __gthread_key_delete(__gthread_key_t)	16	static
basic_string.h:6405:3:std::__cxx11::string std::__cxx11::to_string(int)	24	static
EXPADDO24.cpp:14:1:EXPADDO24::EXPADDO24(uint8_t)	16	static
EXPADDO24.cpp:20:1:EXPADDO24::EXPADDO24()	16	static
EXPADDO24.cpp:27:1:EXPADDO24::~EXPADDO24()	16	static
EXPADDO24.cpp:27:1:virtual EXPADDO24::~EXPADDO24()	16	static
EXPADDO24.cpp:31:9:uint8_t EXPADDO24::readPort()	24	static
EXPADDO24.cpp:51:9:uint8_t EXPADDO24::writePort(uint8_t)	16	static
EXPADDO24.cpp:68:9:uint8_t EXPADDO24::setDir(uint8_t)	16	static
EXPADDO24.cpp:82:13:std::__cxx11::string EXPADDO24::testAB(uint8_t)	152	static
EXPADDO24.cpp:124:13:std::__cxx11::string EXPADDO24::testAC(uint8_t)	152	static
EXPADDO24.cpp:168:6:void EXPADDO24::setSide(uint8_t)	16	static
EXPADDO24.cpp:173:9:uint8_t EXPADDO24::getDir()	16	static
string_conversions.h:99:5:) [with _String = std::__cxx11::basic_string<char>; _CharT = char]	52	dynamic
basic_string.h:139:14:std::__cxx11::basic_string<char>::_Alloc_hider::~_Alloc_hider()	16	static
basic_string.h:5968:5:std::__cxx11::basic_string<_CharT, _Traits, _Alloc> std::operator+(const _CharT*, std::__cxx11::basic_string<_CharT, _Traits, _Alloc>&&) [with _CharT = char; _Traits = std::char_traits<char>; _Alloc = std::allocator<char>]	24	static
move.h:98:5:constexpr typename std::remove_reference< <template-parameter-1-1> >::type&& std::move(_Tp&&) [with _Tp = std::__cxx11::basic_string<char>&]	16	static
basic_string.h:604:9:std::__cxx11::basic_string<_CharT, _Traits, _Alloc>::basic_string(_InputIterator, _InputIterator, const _Alloc&) [with _InputIterator = char*; <template-parameter-2-2> = void; _CharT = char; _Traits = std::char_traits<char>; _Alloc = std::allocator<char>]	32	static
basic_string.h:252:9:void std::__cxx11::basic_string<_CharT, _Traits, _Alloc>::_M_construct(_InIterator, _InIterator) [with _InIterator = char*; _CharT = char; _Traits = std::char_traits<char>; _Alloc = std::allocator<char>]	32	static
basic_string.h:232:9:void std::__cxx11::basic_string<_CharT, _Traits, _Alloc>::_M_construct_aux(_InIterator, _InIterator, std::__false_type) [with _InIterator = char*; _CharT = char; _Traits = std::char_traits<char>; _Alloc = std::allocator<char>]	40	static
basic_string.tcc:206:7:void std::__cxx11::basic_string<_CharT, _Traits, _Alloc>::_M_construct(_InIterator, _InIterator, std::forward_iterator_tag) [with _FwdIterator = char*; _CharT = char; _Traits = std::char_traits<char>; _Alloc = std::allocator<char>]	32	static
type_traits.h:152:5:bool __gnu_cxx::__is_null_pointer(_Type*) [with _Type = char]	16	static
stl_iterator_base_types.h:205:5:constexpr typename std::iterator_traits<_Iterator>::iterator_category std::__iterator_category(const _Iter&) [with _Iter = char*]	16	static
stl_iterator_base_funcs.h:138:5:typename std::iterator_traits<_Iterator>::difference_type std::distance(_InputIterator, _InputIterator) [with _InputIterator = char*]	32	static
stl_iterator_base_funcs.h:98:5:constexpr typename std::iterator_traits<_Iterator>::difference_type std::__distance(_RandomAccessIterator, _RandomAccessIterator, std::random_access_iterator_tag) [with _RandomAccessIterator = char*]	24	static
EXPADDO24.cpp:182:1:void __static_initialization_and_destruction_0(int, int)	16	static
EXPADDO24.cpp:182:1:cpp)	8	static
EXPADDO24.cpp:182:1:cpp)	8	static
