core_cm7.h:2147:34:void __NVIC_SystemReset()	4	static,ignoring_inline_asm
char_traits.h:314:7:static std::size_t std::char_traits<char>::length(const char_type*)	16	static
gthr-default.h:229:1:int __gthread_key_delete(__gthread_key_t)	16	static
basic_string.h:6362:3:int std::__cxx11::stoi(const string&, std::size_t*, int)	32	static
main.cpp:117:5:int main()	4504	static
main.cpp:363:6:void initSCPI()	56	static
main.cpp:382:6:void initStateMachine()	400	static
main.cpp:450:6:void SystemClock_Config()	232	static
main.cpp:511:6:void TM_I2C_InitCustomPinsCallback(I2C_TypeDef*, uint16_t)	24	static
main.cpp:521:6:void TraitementSECU()	40	static
main.cpp:527:6:void HAL_GPIO_EXTI_Callback(uint16_t)	24	static
main.cpp:547:6:void Error_Handler()	4	static
string_conversions.h:63:2:)::_Save_errno::_Save_errno() [with _TRet = long int; _Ret = int; _CharT = char; _Base = {int}]	16	static
string_conversions.h:64:2:)::_Save_errno::~_Save_errno() [with _TRet = long int; _Ret = int; _CharT = char; _Base = {int}]	16	static
string_conversions.h:73:4:)::_Range_chk::_S_chk(_TRet, std::true_type) [with _TRet = long int; _Ret = int; _CharT = char; _Base = {int}]	16	static
string_conversions.h:54:5:) [with _TRet = long int; _Ret = int; _CharT = char; _Base = {int}]	56	static
basic_string.tcc:1157:5:std::__cxx11::basic_string<_CharT, _Traits, _Alloc> std::operator+(const _CharT*, const std::__cxx11::basic_string<_CharT, _Traits, _Alloc>&) [with _CharT = char; _Traits = std::char_traits<char>; _Alloc = std::allocator<char>]	32	static
main.cpp:552:1:void __static_initialization_and_destruction_0(int, int)	16	static
main.cpp:552:1:cpp)	8	static
main.cpp:552:1:cpp)	8	static
