core_cm7.h:2147:34:void __NVIC_SystemReset()	4	static,ignoring_inline_asm
char_traits.h:314:7:static std::size_t std::char_traits<char>::length(const char_type*)	16	static
gthr-default.h:229:1:int __gthread_key_delete(__gthread_key_t)	16	static
main.cpp:115:5:int main()	4504	static
main.cpp:360:6:void initStateMachine()	400	static
main.cpp:428:6:void SystemClock_Config()	232	static
main.cpp:489:6:void TM_I2C_InitCustomPinsCallback(I2C_TypeDef*, uint16_t)	24	static
main.cpp:499:6:void TraitementSECU()	40	static
main.cpp:505:6:void HAL_GPIO_EXTI_Callback(uint16_t)	24	static
main.cpp:525:6:void Error_Handler()	4	static
basic_string.tcc:1157:5:std::__cxx11::basic_string<_CharT, _Traits, _Alloc> std::operator+(const _CharT*, const std::__cxx11::basic_string<_CharT, _Traits, _Alloc>&) [with _CharT = char; _Traits = std::char_traits<char>; _Alloc = std::allocator<char>]	32	static
main.cpp:530:1:void __static_initialization_and_destruction_0(int, int)	16	static
main.cpp:530:1:cpp)	8	static
main.cpp:530:1:cpp)	8	static
