new:168:14:void* operator new(std::size_t, void*)	16	static
gthr-default.h:229:1:int __gthread_key_delete(__gthread_key_t)	16	static
stl_tree.h:206:5:void std::_Rb_tree_header::_M_reset()	16	static
OUCART0018.cpp:15:1:OUCART0018::OUCART0018()	16	static
OUCART0018.cpp:20:1:OUCART0018::OUCART0018(uint8_t)	16	static
OUCART0018.cpp:24:6:void OUCART0018::setI2cAdress(uint8_t)	16	static
OUCART0018.cpp:28:1:OUCART0018::~OUCART0018()	16	static
OUCART0018.cpp:28:1:virtual OUCART0018::~OUCART0018()	16	static
OUCART0018.cpp:35:9:uint8_t OUCART0018::switchToi2c(uint8_t)	16	static
OUCART0018.cpp:58:13:std::__cxx11::string OUCART0018::getJsonString()	16	static
OUCART0018.cpp:63:13:std::__cxx11::string OUCART0018::serialize()	16	static
OUCART0018.cpp:68:6:void OUCART0018::deserialize(std::__cxx11::string)	16	static
OUCART0018.cpp:72:16:nlohmann::json OUCART0018::getjsonstruct()	16	static
move.h:73:5:constexpr _Tp&& std::forward(typename std::remove_reference<_From>::type&) [with _Tp = std::__cxx11::basic_string<char>]	16	static
OUCART0018.cpp:76:7:void OUCART0018::getjsonwithref(json&)	56	static
stl_algobase.h:219:5:constexpr const _Tp& std::max(const _Tp&, const _Tp&) [with _Tp = unsigned int]	16	static
json.hpp:18695:5:nlohmann::basic_json<ObjectType, ArrayType, StringType, BooleanType, NumberIntegerType, NumberUnsignedType, NumberFloatType, AllocatorType, JSONSerializer, BinaryType>::~basic_json() [with ObjectType = std::map; ArrayType = std::vector; StringType = std::__cxx11::basic_string<char>; BooleanType = bool; NumberIntegerType = long long int; NumberUnsignedType = long long unsigned int; NumberFloatType = double; AllocatorType = std::allocator; JSONSerializer = nlohmann::adl_serializer; BinaryType = std::vector<unsigned char>]	16	static
move.h:98:5:constexpr typename std::remove_reference< <template-parameter-1-1> >::type&& std::move(_Tp&&) [with _Tp = nlohmann::basic_json<>::json_value&]	16	static
json.hpp:18625:5:nlohmann::basic_json<ObjectType, ArrayType, StringType, BooleanType, NumberIntegerType, NumberUnsignedType, NumberFloatType, AllocatorType, JSONSerializer, BinaryType>::basic_json(nlohmann::basic_json<ObjectType, ArrayType, StringType, BooleanType, NumberIntegerType, NumberUnsignedType, NumberFloatType, AllocatorType, JSONSerializer, BinaryType>&&) [with ObjectType = std::map; ArrayType = std::vector; StringType = std::__cxx11::basic_string<char>; BooleanType = bool; NumberIntegerType = long long int; NumberUnsignedType = long long unsigned int; NumberFloatType = double; AllocatorType = std::allocator; JSONSerializer = nlohmann::adl_serializer; BinaryType = std::vector<unsigned char>]	24	static
json.hpp:17927:5:nlohmann::basic_json<ObjectType, ArrayType, StringType, BooleanType, NumberIntegerType, NumberUnsignedType, NumberFloatType, AllocatorType, JSONSerializer, BinaryType>::basic_json(CompatibleType&&) [with CompatibleType = std::__cxx11::basic_string<char>; U = std::__cxx11::basic_string<char>; typename std::enable_if<((! nlohmann::detail::is_basic_json<U>::value) && nlohmann::detail::is_compatible_type<nlohmann::basic_json<ObjectType, ArrayType, StringType, BooleanType, NumberIntegerType, NumberUnsignedType, NumberFloatType, AllocatorType, JSONSerializer, BinaryType>, U>::value), int>::type <anonymous> = 0; ObjectType = std::map; ArrayType = std::vector; StringType = std::__cxx11::basic_string<char>; BooleanType = bool; NumberIntegerType = long long int; NumberUnsignedType = long long unsigned int; NumberFloatType = double; AllocatorType = std::allocator; JSONSerializer = nlohmann::adl_serializer; BinaryType = std::vector<unsigned char>]	24	static
json.hpp:18662:17:nlohmann::basic_json<ObjectType, ArrayType, StringType, BooleanType, NumberIntegerType, NumberUnsignedType, NumberFloatType, AllocatorType, JSONSerializer, BinaryType>& nlohmann::basic_json<ObjectType, ArrayType, StringType, BooleanType, NumberIntegerType, NumberUnsignedType, NumberFloatType, AllocatorType, JSONSerializer, BinaryType>::operator=(nlohmann::basic_json<ObjectType, ArrayType, StringType, BooleanType, NumberIntegerType, NumberUnsignedType, NumberFloatType, AllocatorType, JSONSerializer, BinaryType>) [with ObjectType = std::map; ArrayType = std::vector; StringType = std::__cxx11::basic_string<char>; BooleanType = bool; NumberIntegerType = long long int; NumberUnsignedType = long long unsigned int; NumberFloatType = double; AllocatorType = std::allocator; JSONSerializer = nlohmann::adl_serializer; BinaryType = std::vector<unsigned char>]	16	static
move.h:98:5:constexpr typename std::remove_reference< <template-parameter-1-1> >::type&& std::move(_Tp&&) [with _Tp = std::__cxx11::basic_string<char>&]	16	static
move.h:98:5:constexpr typename std::remove_reference< <template-parameter-1-1> >::type&& std::move(_Tp&&) [with _Tp = nlohmann::detail::value_t&]	16	static
move.h:187:5:typename std::enable_if<std::__and_<std::__not_<std::__is_tuple_like<_Tp> >, std::is_move_constructible<_Tp>, std::is_move_assignable<_Tp> >::value>::type std::swap(_Tp&, _Tp&) [with _Tp = nlohmann::detail::value_t]	24	static
move.h:187:5:typename std::enable_if<std::__and_<std::__not_<std::__is_tuple_like<_Tp> >, std::is_move_constructible<_Tp>, std::is_move_assignable<_Tp> >::value>::type std::swap(_Tp&, _Tp&) [with _Tp = nlohmann::basic_json<>::json_value]	32	static
json.hpp:17710:10:void nlohmann::basic_json<ObjectType, ArrayType, StringType, BooleanType, NumberIntegerType, NumberUnsignedType, NumberFloatType, AllocatorType, JSONSerializer, BinaryType>::assert_invariant() const [with ObjectType = std::map; ArrayType = std::vector; StringType = std::__cxx11::basic_string<char>; BooleanType = bool; NumberIntegerType = long long int; NumberUnsignedType = long long unsigned int; NumberFloatType = double; AllocatorType = std::allocator; JSONSerializer = nlohmann::adl_serializer; BinaryType = std::vector<unsigned char>]	16	static
json.hpp:19073:20:constexpr bool nlohmann::basic_json<ObjectType, ArrayType, StringType, BooleanType, NumberIntegerType, NumberUnsignedType, NumberFloatType, AllocatorType, JSONSerializer, BinaryType>::is_array() const [with ObjectType = std::map; ArrayType = std::vector; StringType = std::__cxx11::basic_string<char>; BooleanType = bool; NumberIntegerType = long long int; NumberUnsignedType = long long unsigned int; NumberFloatType = double; AllocatorType = std::allocator; JSONSerializer = nlohmann::adl_serializer; BinaryType = std::vector<unsigned char>]	16	static
json.hpp:19051:20:constexpr bool nlohmann::basic_json<ObjectType, ArrayType, StringType, BooleanType, NumberIntegerType, NumberUnsignedType, NumberFloatType, AllocatorType, JSONSerializer, BinaryType>::is_object() const [with ObjectType = std::map; ArrayType = std::vector; StringType = std::__cxx11::basic_string<char>; BooleanType = bool; NumberIntegerType = long long int; NumberUnsignedType = long long unsigned int; NumberFloatType = double; AllocatorType = std::allocator; JSONSerializer = nlohmann::adl_serializer; BinaryType = std::vector<unsigned char>]	16	static
json.hpp:17610:14:void nlohmann::basic_json<ObjectType, ArrayType, StringType, BooleanType, NumberIntegerType, NumberUnsignedType, NumberFloatType, AllocatorType, JSONSerializer, BinaryType>::json_value::destroy(nlohmann::basic_json<ObjectType, ArrayType, StringType, BooleanType, NumberIntegerType, NumberUnsignedType, NumberFloatType, AllocatorType, JSONSerializer, BinaryType>::value_t) [with ObjectType = std::map; ArrayType = std::vector; StringType = std::__cxx11::basic_string<char>; BooleanType = bool; NumberIntegerType = long long int; NumberUnsignedType = long long unsigned int; NumberFloatType = double; AllocatorType = std::allocator; JSONSerializer = nlohmann::adl_serializer; BinaryType = std::vector<unsigned char>]	104	static
json.hpp:4399:17:static decltype ((nlohmann::{anonymous}::to_json(j, forward<ValueType>(val)), void())) nlohmann::adl_serializer<T, SFINAE>::to_json(BasicJsonType&, ValueType&&) [with BasicJsonType = nlohmann::basic_json<>; ValueType = std::__cxx11::basic_string<char>; <template-parameter-1-1> = std::__cxx11::basic_string<char>; <template-parameter-1-2> = void]	24	static
stl_vector.h:670:7:std::vector<_Tp, _Alloc>::size_type std::vector<_Tp, _Alloc>::size() const [with _Tp = nlohmann::basic_json<>; _Alloc = std::allocator<nlohmann::basic_json<> >]	16	static
stl_map.h:462:7:std::map<_Key, _Tp, _Compare, _Alloc>::size_type std::map<_Key, _Tp, _Compare, _Alloc>::size() const [with _Key = std::__cxx11::basic_string<char>; _Tp = nlohmann::basic_json<>; _Compare = std::less<void>; _Alloc = std::allocator<std::pair<const std::__cxx11::basic_string<char>, nlohmann::basic_json<> > >]	16	static
stl_map.h:366:7:std::map<_Key, _Tp, _Compare, _Alloc>::iterator std::map<_Key, _Tp, _Compare, _Alloc>::end() [with _Key = std::__cxx11::basic_string<char>; _Tp = nlohmann::basic_json<>; _Compare = std::less<void>; _Alloc = std::allocator<std::pair<const std::__cxx11::basic_string<char>, nlohmann::basic_json<> > >]	16	static
stl_tree.h:319:7:bool std::_Rb_tree_iterator<_Tp>::operator!=(const _Self&) const [with _Tp = std::pair<const std::__cxx11::basic_string<char>, nlohmann::basic_json<> >]	16	static
stl_vector.h:581:7:std::vector<_Tp, _Alloc>::iterator std::vector<_Tp, _Alloc>::end() [with _Tp = nlohmann::basic_json<>; _Alloc = std::allocator<nlohmann::basic_json<> >]	24	static
stl_iterator.h:792:7:__gnu_cxx::__normal_iterator<_Iterator, _Container>::reference __gnu_cxx::__normal_iterator<_Iterator, _Container>::operator*() const [with _Iterator = nlohmann::basic_json<>*; _Container = std::vector<nlohmann::basic_json<>, std::allocator<nlohmann::basic_json<> > >]	16	static
stl_vector.h:259:7:std::vector<_Tp, _Alloc>::vector() [with _Tp = nlohmann::basic_json<>; _Alloc = std::allocator<nlohmann::basic_json<> >]	16	static
stl_vector.h:433:7:std::vector<_Tp, _Alloc>::~vector() [with _Tp = nlohmann::basic_json<>; _Alloc = std::allocator<nlohmann::basic_json<> >]	24	static
vector.tcc:65:5:void std::vector<_Tp, _Alloc>::reserve(std::vector<_Tp, _Alloc>::size_type) [with _Tp = nlohmann::basic_json<>; _Alloc = std::allocator<nlohmann::basic_json<> >]	32	static
stl_vector.h:563:7:std::vector<_Tp, _Alloc>::iterator std::vector<_Tp, _Alloc>::begin() [with _Tp = nlohmann::basic_json<>; _Alloc = std::allocator<nlohmann::basic_json<> >]	24	static
stl_iterator.h:530:5:std::back_insert_iterator<_Container> std::back_inserter(_Container&) [with _Container = std::vector<nlohmann::basic_json<>, std::allocator<nlohmann::basic_json<> > >]	24	static
stl_algobase.h:479:5:_OI std::move(_II, _II, _OI) [with _II = __gnu_cxx::__normal_iterator<nlohmann::basic_json<>*, std::vector<nlohmann::basic_json<>, std::allocator<nlohmann::basic_json<> > > >; _OI = std::back_insert_iterator<std::vector<nlohmann::basic_json<>, std::allocator<nlohmann::basic_json<> > > >]	32	static
stl_map.h:348:7:std::map<_Key, _Tp, _Compare, _Alloc>::iterator std::map<_Key, _Tp, _Compare, _Alloc>::begin() [with _Key = std::__cxx11::basic_string<char>; _Tp = nlohmann::basic_json<>; _Compare = std::less<void>; _Alloc = std::allocator<std::pair<const std::__cxx11::basic_string<char>, nlohmann::basic_json<> > >]	16	static
stl_tree.h:285:7:std::_Rb_tree_iterator<_Tp>::_Self& std::_Rb_tree_iterator<_Tp>::operator++() [with _Tp = std::pair<const std::__cxx11::basic_string<char>, nlohmann::basic_json<> >]	16	static
stl_tree.h:277:7:_Tp& std::_Rb_tree_iterator<_Tp>::operator*() const [with _Tp = std::pair<const std::__cxx11::basic_string<char>, nlohmann::basic_json<> >]	16	static
move.h:98:5:constexpr typename std::remove_reference< <template-parameter-1-1> >::type&& std::move(_Tp&&) [with _Tp = nlohmann::basic_json<>&]	16	static
stl_vector.h:953:7:void std::vector<_Tp, _Alloc>::push_back(std::vector<_Tp, _Alloc>::value_type&&) [with _Tp = nlohmann::basic_json<>; _Alloc = std::allocator<nlohmann::basic_json<> >]	16	static
stl_vector.h:759:7:bool std::vector<_Tp, _Alloc>::empty() const [with _Tp = nlohmann::basic_json<>; _Alloc = std::allocator<nlohmann::basic_json<> >]	24	static
stl_vector.h:895:7:std::vector<_Tp, _Alloc>::reference std::vector<_Tp, _Alloc>::back() [with _Tp = nlohmann::basic_json<>; _Alloc = std::allocator<nlohmann::basic_json<> >]	24	static
stl_vector.h:975:7:void std::vector<_Tp, _Alloc>::pop_back() [with _Tp = nlohmann::basic_json<>; _Alloc = std::allocator<nlohmann::basic_json<> >]	16	static
stl_vector.h:1247:7:void std::vector<_Tp, _Alloc>::clear() [with _Tp = nlohmann::basic_json<>; _Alloc = std::allocator<nlohmann::basic_json<> >]	16	static
stl_map.h:1127:7:void std::map<_Key, _Tp, _Compare, _Alloc>::clear() [with _Key = std::__cxx11::basic_string<char>; _Tp = nlohmann::basic_json<>; _Compare = std::less<void>; _Alloc = std::allocator<std::pair<const std::__cxx11::basic_string<char>, nlohmann::basic_json<> > >]	16	static
allocator.h:131:7:std::allocator< <template-parameter-1-1> >::allocator() [with _Tp = std::map<std::__cxx11::basic_string<char>, nlohmann::basic_json<>, std::less<void>, std::allocator<std::pair<const std::__cxx11::basic_string<char>, nlohmann::basic_json<> > > >]	16	static
allocator.h:139:7:std::allocator< <template-parameter-1-1> >::~allocator() [with _Tp = std::map<std::__cxx11::basic_string<char>, nlohmann::basic_json<>, std::less<void>, std::allocator<std::pair<const std::__cxx11::basic_string<char>, nlohmann::basic_json<> > > >]	16	static
alloc_traits.h:486:2:static void std::allocator_traits<std::allocator<_CharT> >::destroy(std::allocator_traits<std::allocator<_CharT> >::allocator_type&, _Up*) [with _Up = std::map<std::__cxx11::basic_string<char>, nlohmann::basic_json<>, std::less<void>, std::allocator<std::pair<const std::__cxx11::basic_string<char>, nlohmann::basic_json<> > > >; _Tp = std::map<std::__cxx11::basic_string<char>, nlohmann::basic_json<>, std::less<void>, std::allocator<std::pair<const std::__cxx11::basic_string<char>, nlohmann::basic_json<> > > >]	16	static
alloc_traits.h:461:7:static void std::allocator_traits<std::allocator<_CharT> >::deallocate(std::allocator_traits<std::allocator<_CharT> >::allocator_type&, std::allocator_traits<std::allocator<_CharT> >::pointer, std::allocator_traits<std::allocator<_CharT> >::size_type) [with _Tp = std::map<std::__cxx11::basic_string<char>, nlohmann::basic_json<>, std::less<void>, std::allocator<std::pair<const std::__cxx11::basic_string<char>, nlohmann::basic_json<> > > >]	24	static
allocator.h:131:7:std::allocator< <template-parameter-1-1> >::allocator() [with _Tp = std::vector<nlohmann::basic_json<>, std::allocator<nlohmann::basic_json<> > >]	16	static
allocator.h:139:7:std::allocator< <template-parameter-1-1> >::~allocator() [with _Tp = std::vector<nlohmann::basic_json<>, std::allocator<nlohmann::basic_json<> > >]	16	static
alloc_traits.h:486:2:static void std::allocator_traits<std::allocator<_CharT> >::destroy(std::allocator_traits<std::allocator<_CharT> >::allocator_type&, _Up*) [with _Up = std::vector<nlohmann::basic_json<>, std::allocator<nlohmann::basic_json<> > >; _Tp = std::vector<nlohmann::basic_json<>, std::allocator<nlohmann::basic_json<> > >]	16	static
alloc_traits.h:461:7:static void std::allocator_traits<std::allocator<_CharT> >::deallocate(std::allocator_traits<std::allocator<_CharT> >::allocator_type&, std::allocator_traits<std::allocator<_CharT> >::pointer, std::allocator_traits<std::allocator<_CharT> >::size_type) [with _Tp = std::vector<nlohmann::basic_json<>, std::allocator<nlohmann::basic_json<> > >]	24	static
allocator.h:131:7:std::allocator< <template-parameter-1-1> >::allocator() [with _Tp = std::__cxx11::basic_string<char>]	16	static
allocator.h:139:7:std::allocator< <template-parameter-1-1> >::~allocator() [with _Tp = std::__cxx11::basic_string<char>]	16	static
alloc_traits.h:486:2:static void std::allocator_traits<std::allocator<_CharT> >::destroy(std::allocator_traits<std::allocator<_CharT> >::allocator_type&, _Up*) [with _Up = std::__cxx11::basic_string<char>; _Tp = std::__cxx11::basic_string<char>]	16	static
alloc_traits.h:461:7:static void std::allocator_traits<std::allocator<_CharT> >::deallocate(std::allocator_traits<std::allocator<_CharT> >::allocator_type&, std::allocator_traits<std::allocator<_CharT> >::pointer, std::allocator_traits<std::allocator<_CharT> >::size_type) [with _Tp = std::__cxx11::basic_string<char>]	24	static
allocator.h:131:7:std::allocator< <template-parameter-1-1> >::allocator() [with _Tp = nlohmann::byte_container_with_subtype<std::vector<unsigned char> >]	16	static
allocator.h:139:7:std::allocator< <template-parameter-1-1> >::~allocator() [with _Tp = nlohmann::byte_container_with_subtype<std::vector<unsigned char> >]	16	static
alloc_traits.h:486:2:static void std::allocator_traits<std::allocator<_CharT> >::destroy(std::allocator_traits<std::allocator<_CharT> >::allocator_type&, _Up*) [with _Up = nlohmann::byte_container_with_subtype<std::vector<unsigned char> >; _Tp = nlohmann::byte_container_with_subtype<std::vector<unsigned char> >]	16	static
alloc_traits.h:461:7:static void std::allocator_traits<std::allocator<_CharT> >::deallocate(std::allocator_traits<std::allocator<_CharT> >::allocator_type&, std::allocator_traits<std::allocator<_CharT> >::pointer, std::allocator_traits<std::allocator<_CharT> >::size_type) [with _Tp = nlohmann::byte_container_with_subtype<std::vector<unsigned char> >]	24	static
json.hpp:4350:10:decltype ((nlohmann::detail::to_json(j, forward<T>(val)), void())) nlohmann::detail::to_json_fn::operator()(BasicJsonType&, T&&) const [with BasicJsonType = nlohmann::basic_json<>; T = std::__cxx11::basic_string<char>]	24	static
stl_tree.h:996:7:std::_Rb_tree<_Key, _Val, _KeyOfValue, _Compare, _Alloc>::size_type std::_Rb_tree<_Key, _Val, _KeyOfValue, _Compare, _Alloc>::size() const [with _Key = std::__cxx11::basic_string<char>; _Val = std::pair<const std::__cxx11::basic_string<char>, nlohmann::basic_json<> >; _KeyOfValue = std::_Select1st<std::pair<const std::__cxx11::basic_string<char>, nlohmann::basic_json<> > >; _Compare = std::less<void>; _Alloc = std::allocator<std::pair<const std::__cxx11::basic_string<char>, nlohmann::basic_json<> > >]	16	static
stl_tree.h:968:7:std::_Rb_tree<_Key, _Val, _KeyOfValue, _Compare, _Alloc>::iterator std::_Rb_tree<_Key, _Val, _KeyOfValue, _Compare, _Alloc>::end() [with _Key = std::__cxx11::basic_string<char>; _Val = std::pair<const std::__cxx11::basic_string<char>, nlohmann::basic_json<> >; _KeyOfValue = std::_Select1st<std::pair<const std::__cxx11::basic_string<char>, nlohmann::basic_json<> > >; _Compare = std::less<void>; _Alloc = std::allocator<std::pair<const std::__cxx11::basic_string<char>, nlohmann::basic_json<> > >]	24	static
stl_tree.h:234:7:_Val* std::_Rb_tree_node<_Val>::_M_valptr() [with _Val = std::pair<const std::__cxx11::basic_string<char>, nlohmann::basic_json<> >]	16	static
stl_iterator.h:779:7:__gnu_cxx::__normal_iterator<_Iterator, _Container>::__normal_iterator(const _Iterator&) [with _Iterator = nlohmann::basic_json<>*; _Container = std::vector<nlohmann::basic_json<>, std::allocator<nlohmann::basic_json<> > >]	16	static
stl_iterator.h:844:7:const _Iterator& __gnu_cxx::__normal_iterator<_Iterator, _Container>::base() const [with _Iterator = nlohmann::basic_json<>*; _Container = std::vector<nlohmann::basic_json<>, std::allocator<nlohmann::basic_json<> > >]	16	static
stl_vector.h:81:14:std::_Vector_base<nlohmann::basic_json<>, std::allocator<nlohmann::basic_json<> > >::_Vector_impl::~_Vector_impl()	16	static
stl_vector.h:126:7:std::_Vector_base<_Tp, _Alloc>::_Vector_base() [with _Tp = nlohmann::basic_json<>; _Alloc = std::allocator<nlohmann::basic_json<> >]	16	static
stl_vector.h:161:7:std::_Vector_base<_Tp, _Alloc>::~_Vector_base() [with _Tp = nlohmann::basic_json<>; _Alloc = std::allocator<nlohmann::basic_json<> >]	16	static
stl_vector.h:115:7:std::_Vector_base<_Tp, _Alloc>::_Tp_alloc_type& std::_Vector_base<_Tp, _Alloc>::_M_get_Tp_allocator() [with _Tp = nlohmann::basic_json<>; _Alloc = std::allocator<nlohmann::basic_json<> >]	16	static
stl_construct.h:203:5:void std::_Destroy(_ForwardIterator, _ForwardIterator, std::allocator<_T2>&) [with _ForwardIterator = nlohmann::basic_json<>*; _Tp = nlohmann::basic_json<>]	24	static
stl_vector.h:675:7:std::vector<_Tp, _Alloc>::size_type std::vector<_Tp, _Alloc>::max_size() const [with _Tp = nlohmann::basic_json<>; _Alloc = std::allocator<nlohmann::basic_json<> >]	16	static
stl_vector.h:750:7:std::vector<_Tp, _Alloc>::size_type std::vector<_Tp, _Alloc>::capacity() const [with _Tp = nlohmann::basic_json<>; _Alloc = std::allocator<nlohmann::basic_json<> >]	16	static
stl_iterator.h:1221:5:_ReturnType std::__make_move_if_noexcept_iterator(_Tp*) [with _Tp = nlohmann::basic_json<>; _ReturnType = std::move_iterator<nlohmann::basic_json<>*>]	24	static
stl_vector.h:1257:2:std::vector<_Tp, _Alloc>::pointer std::vector<_Tp, _Alloc>::_M_allocate_and_copy(std::vector<_Tp, _Alloc>::size_type, _ForwardIterator, _ForwardIterator) [with _ForwardIterator = std::move_iterator<nlohmann::basic_json<>*>; _Tp = nlohmann::basic_json<>; _Alloc = std::allocator<nlohmann::basic_json<> >]	32	static
stl_vector.h:176:7:void std::_Vector_base<_Tp, _Alloc>::_M_deallocate(std::_Vector_base<_Tp, _Alloc>::pointer, std::size_t) [with _Tp = nlohmann::basic_json<>; _Alloc = std::allocator<nlohmann::basic_json<> >]	24	static
stl_iterator.h:464:7:std::back_insert_iterator<_Container>::back_insert_iterator(_Container&) [with _Container = std::vector<nlohmann::basic_json<>, std::allocator<nlohmann::basic_json<> > >]	16	static
cpp_type_traits.h:408:5:_Iterator std::__miter_base(_Iterator) [with _Iterator = __gnu_cxx::__normal_iterator<nlohmann::basic_json<>*, std::vector<nlohmann::basic_json<>, std::allocator<nlohmann::basic_json<> > > >]	16	static
stl_algobase.h:420:5:_OI std::__copy_move_a2(_II, _II, _OI) [with bool _IsMove = true; _II = __gnu_cxx::__normal_iterator<nlohmann::basic_json<>*, std::vector<nlohmann::basic_json<>, std::allocator<nlohmann::basic_json<> > > >; _OI = std::back_insert_iterator<std::vector<nlohmann::basic_json<>, std::allocator<nlohmann::basic_json<> > > >]	32	static
stl_tree.h:960:7:std::_Rb_tree<_Key, _Val, _KeyOfValue, _Compare, _Alloc>::iterator std::_Rb_tree<_Key, _Val, _KeyOfValue, _Compare, _Alloc>::begin() [with _Key = std::__cxx11::basic_string<char>; _Val = std::pair<const std::__cxx11::basic_string<char>, nlohmann::basic_json<> >; _KeyOfValue = std::_Select1st<std::pair<const std::__cxx11::basic_string<char>, nlohmann::basic_json<> > >; _Compare = std::less<void>; _Alloc = std::allocator<std::pair<const std::__cxx11::basic_string<char>, nlohmann::basic_json<> > >]	24	static
move.h:73:5:constexpr _Tp&& std::forward(typename std::remove_reference<_From>::type&) [with _Tp = nlohmann::basic_json<>]	16	static
vector.tcc:95:7:) [with _Args = {nlohmann::basic_json<std::map, std::vector, std::__cxx11::basic_string<char, std::char_traits<char>, std::allocator<char> >, bool, long long int, long long unsigned int, double, std::allocator, nlohmann::adl_serializer, std::vector<unsigned char, std::allocator<unsigned char> > >}; _Tp = nlohmann::basic_json<>; _Alloc = std::allocator<nlohmann::basic_json<> >]	24	static
stl_vector.h:572:7:std::vector<_Tp, _Alloc>::const_iterator std::vector<_Tp, _Alloc>::begin() const [with _Tp = nlohmann::basic_json<>; _Alloc = std::allocator<nlohmann::basic_json<> >]	24	static
stl_vector.h:590:7:std::vector<_Tp, _Alloc>::const_iterator std::vector<_Tp, _Alloc>::end() const [with _Tp = nlohmann::basic_json<>; _Alloc = std::allocator<nlohmann::basic_json<> >]	24	static
stl_iterator.h:866:5:bool __gnu_cxx::operator==(const __gnu_cxx::__normal_iterator<_Iterator, _Container>&, const __gnu_cxx::__normal_iterator<_Iterator, _Container>&) [with _Iterator = const nlohmann::basic_json<>*; _Container = std::vector<nlohmann::basic_json<>, std::allocator<nlohmann::basic_json<> > >]	24	static
stl_iterator.h:840:7:__gnu_cxx::__normal_iterator<_Iterator, _Container> __gnu_cxx::__normal_iterator<_Iterator, _Container>::operator-(__gnu_cxx::__normal_iterator<_Iterator, _Container>::difference_type) const [with _Iterator = nlohmann::basic_json<>*; _Container = std::vector<nlohmann::basic_json<>, std::allocator<nlohmann::basic_json<> > >]	24	static
alloc_traits.h:486:2:static void std::allocator_traits<std::allocator<_CharT> >::destroy(std::allocator_traits<std::allocator<_CharT> >::allocator_type&, _Up*) [with _Up = nlohmann::basic_json<>; _Tp = nlohmann::basic_json<>]	16	static
stl_vector.h:1511:7:void std::vector<_Tp, _Alloc>::_M_erase_at_end(std::vector<_Tp, _Alloc>::pointer) [with _Tp = nlohmann::basic_json<>; _Alloc = std::allocator<nlohmann::basic_json<> >]	24	static
stl_tree.h:1169:7:void std::_Rb_tree<_Key, _Val, _KeyOfValue, _Compare, _Alloc>::clear() [with _Key = std::__cxx11::basic_string<char>; _Val = std::pair<const std::__cxx11::basic_string<char>, nlohmann::basic_json<> >; _KeyOfValue = std::_Select1st<std::pair<const std::__cxx11::basic_string<char>, nlohmann::basic_json<> > >; _Compare = std::less<void>; _Alloc = std::allocator<std::pair<const std::__cxx11::basic_string<char>, nlohmann::basic_json<> > >]	16	static
new_allocator.h:79:7:__gnu_cxx::new_allocator<_Tp>::new_allocator() [with _Tp = std::map<std::__cxx11::basic_string<char>, nlohmann::basic_json<>, std::less<void>, std::allocator<std::pair<const std::__cxx11::basic_string<char>, nlohmann::basic_json<> > > >]	16	static
new_allocator.h:86:7:__gnu_cxx::new_allocator<_Tp>::~new_allocator() [with _Tp = std::map<std::__cxx11::basic_string<char>, nlohmann::basic_json<>, std::less<void>, std::allocator<std::pair<const std::__cxx11::basic_string<char>, nlohmann::basic_json<> > > >]	16	static
stl_map.h:294:7:std::map<_Key, _Tp, _Compare, _Alloc>::~map() [with _Key = std::__cxx11::basic_string<char>; _Tp = nlohmann::basic_json<>; _Compare = std::less<void>; _Alloc = std::allocator<std::pair<const std::__cxx11::basic_string<char>, nlohmann::basic_json<> > >]	16	static
new_allocator.h:140:2:void __gnu_cxx::new_allocator<_Tp>::destroy(_Up*) [with _Up = std::map<std::__cxx11::basic_string<char>, nlohmann::basic_json<>, std::less<void>, std::allocator<std::pair<const std::__cxx11::basic_string<char>, nlohmann::basic_json<> > > >; _Tp = std::map<std::__cxx11::basic_string<char>, nlohmann::basic_json<>, std::less<void>, std::allocator<std::pair<const std::__cxx11::basic_string<char>, nlohmann::basic_json<> > > >]	16	static
new_allocator.h:116:7:void __gnu_cxx::new_allocator<_Tp>::deallocate(__gnu_cxx::new_allocator<_Tp>::pointer, __gnu_cxx::new_allocator<_Tp>::size_type) [with _Tp = std::map<std::__cxx11::basic_string<char>, nlohmann::basic_json<>, std::less<void>, std::allocator<std::pair<const std::__cxx11::basic_string<char>, nlohmann::basic_json<> > > >]	24	static
new_allocator.h:79:7:__gnu_cxx::new_allocator<_Tp>::new_allocator() [with _Tp = std::vector<nlohmann::basic_json<>, std::allocator<nlohmann::basic_json<> > >]	16	static
new_allocator.h:86:7:__gnu_cxx::new_allocator<_Tp>::~new_allocator() [with _Tp = std::vector<nlohmann::basic_json<>, std::allocator<nlohmann::basic_json<> > >]	16	static
new_allocator.h:140:2:void __gnu_cxx::new_allocator<_Tp>::destroy(_Up*) [with _Up = std::vector<nlohmann::basic_json<>, std::allocator<nlohmann::basic_json<> > >; _Tp = std::vector<nlohmann::basic_json<>, std::allocator<nlohmann::basic_json<> > >]	16	static
new_allocator.h:116:7:void __gnu_cxx::new_allocator<_Tp>::deallocate(__gnu_cxx::new_allocator<_Tp>::pointer, __gnu_cxx::new_allocator<_Tp>::size_type) [with _Tp = std::vector<nlohmann::basic_json<>, std::allocator<nlohmann::basic_json<> > >]	24	static
new_allocator.h:79:7:__gnu_cxx::new_allocator<_Tp>::new_allocator() [with _Tp = std::__cxx11::basic_string<char>]	16	static
new_allocator.h:86:7:__gnu_cxx::new_allocator<_Tp>::~new_allocator() [with _Tp = std::__cxx11::basic_string<char>]	16	static
new_allocator.h:140:2:void __gnu_cxx::new_allocator<_Tp>::destroy(_Up*) [with _Up = std::__cxx11::basic_string<char>; _Tp = std::__cxx11::basic_string<char>]	16	static
new_allocator.h:116:7:void __gnu_cxx::new_allocator<_Tp>::deallocate(__gnu_cxx::new_allocator<_Tp>::pointer, __gnu_cxx::new_allocator<_Tp>::size_type) [with _Tp = std::__cxx11::basic_string<char>]	24	static
new_allocator.h:79:7:__gnu_cxx::new_allocator<_Tp>::new_allocator() [with _Tp = nlohmann::byte_container_with_subtype<std::vector<unsigned char> >]	16	static
new_allocator.h:86:7:__gnu_cxx::new_allocator<_Tp>::~new_allocator() [with _Tp = nlohmann::byte_container_with_subtype<std::vector<unsigned char> >]	16	static
json.hpp:4433:7:nlohmann::byte_container_with_subtype<std::vector<unsigned char> >::~byte_container_with_subtype()	16	static
new_allocator.h:140:2:void __gnu_cxx::new_allocator<_Tp>::destroy(_Up*) [with _Up = nlohmann::byte_container_with_subtype<std::vector<unsigned char> >; _Tp = nlohmann::byte_container_with_subtype<std::vector<unsigned char> >]	16	static
new_allocator.h:116:7:void __gnu_cxx::new_allocator<_Tp>::deallocate(__gnu_cxx::new_allocator<_Tp>::pointer, __gnu_cxx::new_allocator<_Tp>::size_type) [with _Tp = nlohmann::byte_container_with_subtype<std::vector<unsigned char> >]	24	static
json.hpp:4226:6:void nlohmann::detail::to_json(BasicJsonType&, typename BasicJsonType::string_t&&) [with BasicJsonType = nlohmann::basic_json<>]	16	static
stl_tree.h:273:7:std::_Rb_tree_iterator<_Tp>::_Rb_tree_iterator(std::_Rb_tree_iterator<_Tp>::_Base_ptr) [with _Tp = std::pair<const std::__cxx11::basic_string<char>, nlohmann::basic_json<> >]	16	static
aligned_buffer.h:70:7:_Tp* __gnu_cxx::__aligned_membuf<_Tp>::_M_ptr() [with _Tp = std::pair<const std::__cxx11::basic_string<char>, nlohmann::basic_json<> >]	16	static
stl_vector.h:88:2:std::_Vector_base<_Tp, _Alloc>::_Vector_impl::_Vector_impl() [with _Tp = nlohmann::basic_json<>; _Alloc = std::allocator<nlohmann::basic_json<> >]	16	static
allocator.h:139:7:std::allocator< <template-parameter-1-1> >::~allocator() [with _Tp = nlohmann::basic_json<>]	16	static
stl_construct.h:127:5:void std::_Destroy(_ForwardIterator, _ForwardIterator) [with _ForwardIterator = nlohmann::basic_json<>*]	16	static
alloc_traits.h:495:7:static std::allocator_traits<std::allocator<_CharT> >::size_type std::allocator_traits<std::allocator<_CharT> >::max_size(const allocator_type&) [with _Tp = nlohmann::basic_json<>]	16	static
stl_vector.h:119:7:const _Tp_alloc_type& std::_Vector_base<_Tp, _Alloc>::_M_get_Tp_allocator() const [with _Tp = nlohmann::basic_json<>; _Alloc = std::allocator<nlohmann::basic_json<> >]	16	static
stl_iterator.h:1036:7:std::move_iterator<_Iterator>::move_iterator(std::move_iterator<_Iterator>::iterator_type) [with _Iterator = nlohmann::basic_json<>*]	16	static
stl_vector.h:169:7:std::_Vector_base<_Tp, _Alloc>::pointer std::_Vector_base<_Tp, _Alloc>::_M_allocate(std::size_t) [with _Tp = nlohmann::basic_json<>; _Alloc = std::allocator<nlohmann::basic_json<> >]	16	static
stl_uninitialized.h:287:5:_ForwardIterator std::__uninitialized_copy_a(_InputIterator, _InputIterator, _ForwardIterator, std::allocator<_Tp>&) [with _InputIterator = std::move_iterator<nlohmann::basic_json<>*>; _ForwardIterator = nlohmann::basic_json<>*; _Tp = nlohmann::basic_json<>]	24	static
alloc_traits.h:461:7:static void std::allocator_traits<std::allocator<_CharT> >::deallocate(std::allocator_traits<std::allocator<_CharT> >::allocator_type&, std::allocator_traits<std::allocator<_CharT> >::pointer, std::allocator_traits<std::allocator<_CharT> >::size_type) [with _Tp = nlohmann::basic_json<>]	24	static
move.h:47:5:constexpr _Tp* std::__addressof(_Tp&) [with _Tp = std::vector<nlohmann::basic_json<>, std::allocator<nlohmann::basic_json<> > >]	16	static
stl_iterator.h:983:5:_Iterator std::__niter_base(__gnu_cxx::__normal_iterator<_Iterator, _Container>) [with _Iterator = nlohmann::basic_json<>*; _Container = std::vector<nlohmann::basic_json<>, std::allocator<nlohmann::basic_json<> > >]	16	static
stl_algobase.h:277:5:_Iterator std::__niter_base(_Iterator) [with _Iterator = std::back_insert_iterator<std::vector<nlohmann::basic_json<>, std::allocator<nlohmann::basic_json<> > > >]	16	static
stl_algobase.h:375:5:_OI std::__copy_move_a(_II, _II, _OI) [with bool _IsMove = true; _II = nlohmann::basic_json<>*; _OI = std::back_insert_iterator<std::vector<nlohmann::basic_json<>, std::allocator<nlohmann::basic_json<> > > >]	32	static
alloc_traits.h:474:2:) [with _Up = nlohmann::basic_json<>; _Args = {nlohmann::basic_json<std::map, std::vector, std::__cxx11::basic_string<char, std::char_traits<char>, std::allocator<char> >, bool, long long int, long long unsigned int, double, std::allocator, nlohmann::adl_serializer, std::vector<unsigned char, std::allocator<unsigned char> > >}; _Tp = nlohmann::basic_json<>]	24	static
vector.tcc:394:7:) [with _Args = {nlohmann::basic_json<std::map, std::vector, std::__cxx11::basic_string<char, std::char_traits<char>, std::allocator<char> >, bool, long long int, long long unsigned int, double, std::allocator, nlohmann::adl_serializer, std::vector<unsigned char, std::allocator<unsigned char> > >}; _Tp = nlohmann::basic_json<>; _Alloc = std::allocator<nlohmann::basic_json<> >]	56	static
stl_iterator.h:779:7:__gnu_cxx::__normal_iterator<_Iterator, _Container>::__normal_iterator(const _Iterator&) [with _Iterator = const nlohmann::basic_json<>*; _Container = std::vector<nlohmann::basic_json<>, std::allocator<nlohmann::basic_json<> > >]	16	static
stl_iterator.h:844:7:const _Iterator& __gnu_cxx::__normal_iterator<_Iterator, _Container>::base() const [with _Iterator = const nlohmann::basic_json<>*; _Container = std::vector<nlohmann::basic_json<>, std::allocator<nlohmann::basic_json<> > >]	16	static
new_allocator.h:140:2:void __gnu_cxx::new_allocator<_Tp>::destroy(_Up*) [with _Up = nlohmann::basic_json<>; _Tp = nlohmann::basic_json<>]	16	static
stl_tree.h:1850:5:void std::_Rb_tree<_Key, _Val, _KeyOfValue, _Compare, _Alloc>::_M_erase(std::_Rb_tree<_Key, _Val, _KeyOfValue, _Compare, _Alloc>::_Link_type) [with _Key = std::__cxx11::basic_string<char>; _Val = std::pair<const std::__cxx11::basic_string<char>, nlohmann::basic_json<> >; _KeyOfValue = std::_Select1st<std::pair<const std::__cxx11::basic_string<char>, nlohmann::basic_json<> > >; _Compare = std::less<void>; _Alloc = std::allocator<std::pair<const std::__cxx11::basic_string<char>, nlohmann::basic_json<> > >]	24	static
stl_tree.h:736:7:std::_Rb_tree_node<_Val>* std::_Rb_tree<_Key, _Val, _KeyOfValue, _Compare, _Alloc>::_M_begin() [with _Key = std::__cxx11::basic_string<char>; _Val = std::pair<const std::__cxx11::basic_string<char>, nlohmann::basic_json<> >; _KeyOfValue = std::_Select1st<std::pair<const std::__cxx11::basic_string<char>, nlohmann::basic_json<> > >; _Compare = std::less<void>; _Alloc = std::allocator<std::pair<const std::__cxx11::basic_string<char>, nlohmann::basic_json<> > >]	16	static
stl_tree.h:677:16:std::_Rb_tree<std::__cxx11::basic_string<char>, std::pair<const std::__cxx11::basic_string<char>, nlohmann::basic_json<> >, std::_Select1st<std::pair<const std::__cxx11::basic_string<char>, nlohmann::basic_json<> > >, std::less<void>, std::allocator<std::pair<const std::__cxx11::basic_string<char>, nlohmann::basic_json<> > > >::_Rb_tree_impl<std::less<void>, true>::~_Rb_tree_impl()	16	static
stl_tree.h:948:7:std::_Rb_tree<_Key, _Val, _KeyOfValue, _Compare, _Alloc>::~_Rb_tree() [with _Key = std::__cxx11::basic_string<char>; _Val = std::pair<const std::__cxx11::basic_string<char>, nlohmann::basic_json<> >; _KeyOfValue = std::_Select1st<std::pair<const std::__cxx11::basic_string<char>, nlohmann::basic_json<> > >; _Compare = std::less<void>; _Alloc = std::allocator<std::pair<const std::__cxx11::basic_string<char>, nlohmann::basic_json<> > >]	16	static
stl_vector.h:433:7:std::vector<_Tp, _Alloc>::~vector() [with _Tp = unsigned char; _Alloc = std::allocator<unsigned char>]	24	static
json.hpp:4040:17:static void nlohmann::detail::external_constructor<(nlohmann::detail::value_t)3>::construct(BasicJsonType&, typename BasicJsonType::string_t&&) [with BasicJsonType = nlohmann::basic_json<>]	32	static
aligned_buffer.h:62:7:void* __gnu_cxx::__aligned_membuf<_Tp>::_M_addr() [with _Tp = std::pair<const std::__cxx11::basic_string<char>, nlohmann::basic_json<> >]	16	static
alloc_traits.h:435:7:static _Tp* std::allocator_traits<std::allocator<_CharT> >::allocate(std::allocator_traits<std::allocator<_CharT> >::allocator_type&, std::allocator_traits<std::allocator<_CharT> >::size_type) [with _Tp = std::__cxx11::basic_string<char>]	16	static
allocator.h:131:7:std::allocator< <template-parameter-1-1> >::allocator() [with _Tp = nlohmann::basic_json<>]	16	static
new_allocator.h:86:7:__gnu_cxx::new_allocator<_Tp>::~new_allocator() [with _Tp = nlohmann::basic_json<>]	16	static
move.h:47:5:constexpr _Tp* std::__addressof(_Tp&) [with _Tp = nlohmann::basic_json<>]	16	static
stl_construct.h:105:9:static void std::_Destroy_aux<<anonymous> >::__destroy(_ForwardIterator, _ForwardIterator) [with _ForwardIterator = nlohmann::basic_json<>*; bool <anonymous> = false]	16	static
new_allocator.h:129:7:__gnu_cxx::new_allocator<_Tp>::size_type __gnu_cxx::new_allocator<_Tp>::max_size() const [with _Tp = nlohmann::basic_json<>]	16	static
alloc_traits.h:435:7:static _Tp* std::allocator_traits<std::allocator<_CharT> >::allocate(std::allocator_traits<std::allocator<_CharT> >::allocator_type&, std::allocator_traits<std::allocator<_CharT> >::size_type) [with _Tp = nlohmann::basic_json<>]	16	static
stl_uninitialized.h:115:5:_ForwardIterator std::uninitialized_copy(_InputIterator, _InputIterator, _ForwardIterator) [with _InputIterator = std::move_iterator<nlohmann::basic_json<>*>; _ForwardIterator = nlohmann::basic_json<>*]	32	static
new_allocator.h:116:7:void __gnu_cxx::new_allocator<_Tp>::deallocate(__gnu_cxx::new_allocator<_Tp>::pointer, __gnu_cxx::new_allocator<_Tp>::size_type) [with _Tp = nlohmann::basic_json<>]	24	static
stl_algobase.h:338:9:static _OI std::__copy_move<true, false, std::random_access_iterator_tag>::__copy_m(_II, _II, _OI) [with _II = nlohmann::basic_json<>*; _OI = std::back_insert_iterator<std::vector<nlohmann::basic_json<>, std::allocator<nlohmann::basic_json<> > > >]	40	static
new_allocator.h:135:2:) [with _Up = nlohmann::basic_json<>; _Args = {nlohmann::basic_json<std::map, std::vector, std::__cxx11::basic_string<char, std::char_traits<char>, std::allocator<char> >, bool, long long int, long long unsigned int, double, std::allocator, nlohmann::adl_serializer, std::vector<unsigned char, std::allocator<unsigned char> > >}; _Tp = nlohmann::basic_json<>]	32	static
stl_vector.h:1497:7:std::vector<_Tp, _Alloc>::size_type std::vector<_Tp, _Alloc>::_M_check_len(std::vector<_Tp, _Alloc>::size_type, const char*) const [with _Tp = nlohmann::basic_json<>; _Alloc = std::allocator<nlohmann::basic_json<> >]	40	static
stl_iterator.h:962:5:typename __gnu_cxx::__normal_iterator<_Iterator, _Container>::difference_type __gnu_cxx::operator-(const __gnu_cxx::__normal_iterator<_Iterator, _Container>&, const __gnu_cxx::__normal_iterator<_Iterator, _Container>&) [with _Iterator = nlohmann::basic_json<>*; _Container = std::vector<nlohmann::basic_json<>, std::allocator<nlohmann::basic_json<> > >]	24	static
stl_uninitialized.h:305:5:_ForwardIterator std::__uninitialized_move_if_noexcept_a(_InputIterator, _InputIterator, _ForwardIterator, _Allocator&) [with _InputIterator = nlohmann::basic_json<>*; _ForwardIterator = nlohmann::basic_json<>*; _Allocator = std::allocator<nlohmann::basic_json<> >]	32	static
stl_tree.h:771:7:static std::_Rb_tree_node<_Val>* std::_Rb_tree<_Key, _Val, _KeyOfValue, _Compare, _Alloc>::_S_right(std::_Rb_tree<_Key, _Val, _KeyOfValue, _Compare, _Alloc>::_Base_ptr) [with _Key = std::__cxx11::basic_string<char>; _Val = std::pair<const std::__cxx11::basic_string<char>, nlohmann::basic_json<> >; _KeyOfValue = std::_Select1st<std::pair<const std::__cxx11::basic_string<char>, nlohmann::basic_json<> > >; _Compare = std::less<void>; _Alloc = std::allocator<std::pair<const std::__cxx11::basic_string<char>, nlohmann::basic_json<> > >]	16	static
stl_tree.h:763:7:static std::_Rb_tree_node<_Val>* std::_Rb_tree<_Key, _Val, _KeyOfValue, _Compare, _Alloc>::_S_left(std::_Rb_tree<_Key, _Val, _KeyOfValue, _Compare, _Alloc>::_Base_ptr) [with _Key = std::__cxx11::basic_string<char>; _Val = std::pair<const std::__cxx11::basic_string<char>, nlohmann::basic_json<> >; _KeyOfValue = std::_Select1st<std::pair<const std::__cxx11::basic_string<char>, nlohmann::basic_json<> > >; _Compare = std::less<void>; _Alloc = std::allocator<std::pair<const std::__cxx11::basic_string<char>, nlohmann::basic_json<> > >]	16	static
stl_tree.h:656:7:void std::_Rb_tree<_Key, _Val, _KeyOfValue, _Compare, _Alloc>::_M_drop_node(std::_Rb_tree<_Key, _Val, _KeyOfValue, _Compare, _Alloc>::_Link_type) [with _Key = std::__cxx11::basic_string<char>; _Val = std::pair<const std::__cxx11::basic_string<char>, nlohmann::basic_json<> >; _KeyOfValue = std::_Select1st<std::pair<const std::__cxx11::basic_string<char>, nlohmann::basic_json<> > >; _Compare = std::less<void>; _Alloc = std::allocator<std::pair<const std::__cxx11::basic_string<char>, nlohmann::basic_json<> > >]	16	static
allocator.h:139:7:std::allocator< <template-parameter-1-1> >::~allocator() [with _Tp = std::_Rb_tree_node<std::pair<const std::__cxx11::basic_string<char>, nlohmann::basic_json<> > >]	16	static
stl_vector.h:81:14:std::_Vector_base<unsigned char, std::allocator<unsigned char> >::_Vector_impl::~_Vector_impl()	16	static
stl_vector.h:161:7:std::_Vector_base<_Tp, _Alloc>::~_Vector_base() [with _Tp = unsigned char; _Alloc = std::allocator<unsigned char>]	16	static
stl_vector.h:115:7:std::_Vector_base<_Tp, _Alloc>::_Tp_alloc_type& std::_Vector_base<_Tp, _Alloc>::_M_get_Tp_allocator() [with _Tp = unsigned char; _Alloc = std::allocator<unsigned char>]	16	static
stl_construct.h:203:5:void std::_Destroy(_ForwardIterator, _ForwardIterator, std::allocator<_T2>&) [with _ForwardIterator = unsigned char*; _Tp = unsigned char]	24	static
json.hpp:17557:9:nlohmann::basic_json<ObjectType, ArrayType, StringType, BooleanType, NumberIntegerType, NumberUnsignedType, NumberFloatType, AllocatorType, JSONSerializer, BinaryType>::json_value::json_value(nlohmann::basic_json<ObjectType, ArrayType, StringType, BooleanType, NumberIntegerType, NumberUnsignedType, NumberFloatType, AllocatorType, JSONSerializer, BinaryType>::string_t&&) [with ObjectType = std::map; ArrayType = std::vector; StringType = std::__cxx11::basic_string<char>; BooleanType = bool; NumberIntegerType = long long int; NumberUnsignedType = long long unsigned int; NumberFloatType = double; AllocatorType = std::allocator; JSONSerializer = nlohmann::adl_serializer; BinaryType = std::vector<unsigned char>]	16	static
new_allocator.h:99:7:_Tp* __gnu_cxx::new_allocator<_Tp>::allocate(__gnu_cxx::new_allocator<_Tp>::size_type, const void*) [with _Tp = std::__cxx11::basic_string<char>]	24	static
new_allocator.h:79:7:__gnu_cxx::new_allocator<_Tp>::new_allocator() [with _Tp = nlohmann::basic_json<>]	16	static
stl_construct.h:97:5:void std::_Destroy(_Tp*) [with _Tp = nlohmann::basic_json<>]	16	static
new_allocator.h:99:7:_Tp* __gnu_cxx::new_allocator<_Tp>::allocate(__gnu_cxx::new_allocator<_Tp>::size_type, const void*) [with _Tp = nlohmann::basic_json<>]	24	static
stl_uninitialized.h:76:9:static _ForwardIterator std::__uninitialized_copy<_TrivialValueTypes>::__uninit_copy(_InputIterator, _InputIterator, _ForwardIterator) [with _InputIterator = std::move_iterator<nlohmann::basic_json<>*>; _ForwardIterator = nlohmann::basic_json<>*; bool _TrivialValueTypes = false]	40	static
stl_iterator.h:503:7:std::back_insert_iterator<_Container>& std::back_insert_iterator<_Container>::operator*() [with _Container = std::vector<nlohmann::basic_json<>, std::allocator<nlohmann::basic_json<> > >]	16	static
stl_iterator.h:494:7:std::back_insert_iterator<_Container>& std::back_insert_iterator<_Container>::operator=(typename _Container::value_type&&) [with _Container = std::vector<nlohmann::basic_json<>, std::allocator<nlohmann::basic_json<> > >]	24	static
stl_iterator.h:508:7:std::back_insert_iterator<_Container>& std::back_insert_iterator<_Container>::operator++() [with _Container = std::vector<nlohmann::basic_json<>, std::allocator<nlohmann::basic_json<> > >]	16	static
stl_tree.h:648:7:void std::_Rb_tree<_Key, _Val, _KeyOfValue, _Compare, _Alloc>::_M_destroy_node(std::_Rb_tree<_Key, _Val, _KeyOfValue, _Compare, _Alloc>::_Link_type) [with _Key = std::__cxx11::basic_string<char>; _Val = std::pair<const std::__cxx11::basic_string<char>, nlohmann::basic_json<> >; _KeyOfValue = std::_Select1st<std::pair<const std::__cxx11::basic_string<char>, nlohmann::basic_json<> > >; _Compare = std::less<void>; _Alloc = std::allocator<std::pair<const std::__cxx11::basic_string<char>, nlohmann::basic_json<> > >]	24	static
stl_tree.h:591:7:void std::_Rb_tree<_Key, _Val, _KeyOfValue, _Compare, _Alloc>::_M_put_node(std::_Rb_tree<_Key, _Val, _KeyOfValue, _Compare, _Alloc>::_Link_type) [with _Key = std::__cxx11::basic_string<char>; _Val = std::pair<const std::__cxx11::basic_string<char>, nlohmann::basic_json<> >; _KeyOfValue = std::_Select1st<std::pair<const std::__cxx11::basic_string<char>, nlohmann::basic_json<> > >; _Compare = std::less<void>; _Alloc = std::allocator<std::pair<const std::__cxx11::basic_string<char>, nlohmann::basic_json<> > >]	16	static
new_allocator.h:86:7:__gnu_cxx::new_allocator<_Tp>::~new_allocator() [with _Tp = std::_Rb_tree_node<std::pair<const std::__cxx11::basic_string<char>, nlohmann::basic_json<> > >]	16	static
allocator.h:139:7:std::allocator< <template-parameter-1-1> >::~allocator() [with _Tp = unsigned char]	16	static
stl_vector.h:176:7:void std::_Vector_base<_Tp, _Alloc>::_M_deallocate(std::_Vector_base<_Tp, _Alloc>::pointer, std::size_t) [with _Tp = unsigned char; _Alloc = std::allocator<unsigned char>]	24	static
stl_construct.h:127:5:void std::_Destroy(_ForwardIterator, _ForwardIterator) [with _ForwardIterator = unsigned char*]	16	static
json.hpp:17411:38:)::<lambda(T*)> [with T = std::__cxx11::basic_string<char>; Args = {std::__cxx11::basic_string<char, std::char_traits<char>, std::allocator<char> >}; ObjectType = std::map; ArrayType = std::vector; StringType = std::__cxx11::basic_string<char>; BooleanType = bool; NumberIntegerType = long long int; NumberUnsignedType = long long unsigned int; NumberFloatType = double; AllocatorType = std::allocator; JSONSerializer = nlohmann::adl_serializer; BinaryType = std::vector<unsigned char>]	16	static
json.hpp:17406:15:) [with T = std::__cxx11::basic_string<char>; Args = {std::__cxx11::basic_string<char, std::char_traits<char>, std::allocator<char> >}; ObjectType = std::map; ArrayType = std::vector; StringType = std::__cxx11::basic_string<char>; BooleanType = bool; NumberIntegerType = long long int; NumberUnsignedType = long long unsigned int; NumberFloatType = double; AllocatorType = std::allocator; JSONSerializer = nlohmann::adl_serializer; BinaryType = std::vector<unsigned char>]	40	static
new_allocator.h:129:7:__gnu_cxx::new_allocator<_Tp>::size_type __gnu_cxx::new_allocator<_Tp>::max_size() const [with _Tp = std::__cxx11::basic_string<char>]	16	static
move.h:73:5:constexpr _Tp&& std::forward(typename std::remove_reference<_From>::type&) [with _Tp = std::__cxx11::basic_string<char>*&]	16	static
stl_iterator.h:1136:5:bool std::operator!=(const std::move_iterator<_IteratorL>&, const std::move_iterator<_IteratorL>&) [with _Iterator = nlohmann::basic_json<>*]	16	static
stl_iterator.h:1057:7:std::move_iterator<_Iterator>& std::move_iterator<_Iterator>::operator++() [with _Iterator = nlohmann::basic_json<>*]	16	static
stl_iterator.h:1049:7:std::move_iterator<_Iterator>::reference std::move_iterator<_Iterator>::operator*() const [with _Iterator = nlohmann::basic_json<>*]	16	static
stl_construct.h:74:5:) [with _T1 = nlohmann::basic_json<>; _Args = {nlohmann::basic_json<std::map, std::vector, std::__cxx11::basic_string<char, std::char_traits<char>, std::allocator<char> >, bool, long long int, long long unsigned int, double, std::allocator, nlohmann::adl_serializer, std::vector<unsigned char, std::allocator<unsigned char> > >}]	24	static
stl_tree.h:574:7:std::_Rb_tree<_Key, _Val, _KeyOfValue, _Compare, _Alloc>::_Node_allocator& std::_Rb_tree<_Key, _Val, _KeyOfValue, _Compare, _Alloc>::_M_get_Node_allocator() [with _Key = std::__cxx11::basic_string<char>; _Val = std::pair<const std::__cxx11::basic_string<char>, nlohmann::basic_json<> >; _KeyOfValue = std::_Select1st<std::pair<const std::__cxx11::basic_string<char>, nlohmann::basic_json<> > >; _Compare = std::less<void>; _Alloc = std::allocator<std::pair<const std::__cxx11::basic_string<char>, nlohmann::basic_json<> > >]	16	static
alloc_traits.h:486:2:static void std::allocator_traits<std::allocator<_CharT> >::destroy(std::allocator_traits<std::allocator<_CharT> >::allocator_type&, _Up*) [with _Up = std::pair<const std::__cxx11::basic_string<char>, nlohmann::basic_json<> >; _Tp = std::_Rb_tree_node<std::pair<const std::__cxx11::basic_string<char>, nlohmann::basic_json<> > >]	16	static
alloc_traits.h:461:7:static void std::allocator_traits<std::allocator<_CharT> >::deallocate(std::allocator_traits<std::allocator<_CharT> >::allocator_type&, std::allocator_traits<std::allocator<_CharT> >::pointer, std::allocator_traits<std::allocator<_CharT> >::size_type) [with _Tp = std::_Rb_tree_node<std::pair<const std::__cxx11::basic_string<char>, nlohmann::basic_json<> > >]	24	static
new_allocator.h:86:7:__gnu_cxx::new_allocator<_Tp>::~new_allocator() [with _Tp = unsigned char]	16	static
alloc_traits.h:461:7:static void std::allocator_traits<std::allocator<_CharT> >::deallocate(std::allocator_traits<std::allocator<_CharT> >::allocator_type&, std::allocator_traits<std::allocator<_CharT> >::pointer, std::allocator_traits<std::allocator<_CharT> >::size_type) [with _Tp = unsigned char]	24	static
stl_construct.h:117:9:static void std::_Destroy_aux<true>::__destroy(_ForwardIterator, _ForwardIterator) [with _ForwardIterator = unsigned char*]	16	static
unique_ptr.h:212:7:) [with T = std::__cxx11::basic_string<char>; Args = {std::__cxx11::basic_string<char, std::char_traits<char>, std::allocator<char> >}; ObjectType = std::map; ArrayType = std::vector; StringType = std::__cxx11::basic_string<char>; BooleanType = bool; NumberIntegerType = long long int; NumberUnsignedType = long long unsigned int; NumberFloatType = double; AllocatorType = std::allocator; JSONSerializer = nlohmann::adl_serializer; BinaryType = std::vector<unsigned char>]::<lambda(std::__cxx11::basic_string<char>*)>]	24	static
unique_ptr.h:264:7:) [with T = std::__cxx11::basic_string<char>; Args = {std::__cxx11::basic_string<char, std::char_traits<char>, std::allocator<char> >}; ObjectType = std::map; ArrayType = std::vector; StringType = std::__cxx11::basic_string<char>; BooleanType = bool; NumberIntegerType = long long int; NumberUnsignedType = long long unsigned int; NumberFloatType = double; AllocatorType = std::allocator; JSONSerializer = nlohmann::adl_serializer; BinaryType = std::vector<unsigned char>]::<lambda(std::__cxx11::basic_string<char>*)>]	24	static
unique_ptr.h:336:7:) [with T = std::__cxx11::basic_string<char>; Args = {std::__cxx11::basic_string<char, std::char_traits<char>, std::allocator<char> >}; ObjectType = std::map; ArrayType = std::vector; StringType = std::__cxx11::basic_string<char>; BooleanType = bool; NumberIntegerType = long long int; NumberUnsignedType = long long unsigned int; NumberFloatType = double; AllocatorType = std::allocator; JSONSerializer = nlohmann::adl_serializer; BinaryType = std::vector<unsigned char>]::<lambda(std::__cxx11::basic_string<char>*)>]	16	static
alloc_traits.h:474:2:) [with _Up = std::__cxx11::basic_string<char>; _Args = {std::__cxx11::basic_string<char, std::char_traits<char>, std::allocator<char> >}; _Tp = std::__cxx11::basic_string<char>]	24	static
unique_ptr.h:706:5:) [with T = std::__cxx11::basic_string<char>; Args = {std::__cxx11::basic_string<char, std::char_traits<char>, std::allocator<char> >}; ObjectType = std::map; ArrayType = std::vector; StringType = std::__cxx11::basic_string<char>; BooleanType = bool; NumberIntegerType = long long int; NumberUnsignedType = long long unsigned int; NumberFloatType = double; AllocatorType = std::allocator; JSONSerializer = nlohmann::adl_serializer; BinaryType = std::vector<unsigned char>]::<lambda(std::__cxx11::basic_string<char>*)>]	16	static
unique_ptr.h:357:7:) [with T = std::__cxx11::basic_string<char>; Args = {std::__cxx11::basic_string<char, std::char_traits<char>, std::allocator<char> >}; ObjectType = std::map; ArrayType = std::vector; StringType = std::__cxx11::basic_string<char>; BooleanType = bool; NumberIntegerType = long long int; NumberUnsignedType = long long unsigned int; NumberFloatType = double; AllocatorType = std::allocator; JSONSerializer = nlohmann::adl_serializer; BinaryType = std::vector<unsigned char>]::<lambda(std::__cxx11::basic_string<char>*)>]	24	static
stl_iterator.h:1124:5:bool std::operator==(const std::move_iterator<_IteratorL>&, const std::move_iterator<_IteratorL>&) [with _Iterator = nlohmann::basic_json<>*]	24	static
stl_pair.h:198:12:std::pair<const std::__cxx11::basic_string<char>, nlohmann::basic_json<> >::~pair()	16	static
new_allocator.h:140:2:void __gnu_cxx::new_allocator<_Tp>::destroy(_Up*) [with _Up = std::pair<const std::__cxx11::basic_string<char>, nlohmann::basic_json<> >; _Tp = std::_Rb_tree_node<std::pair<const std::__cxx11::basic_string<char>, nlohmann::basic_json<> > >]	16	static
new_allocator.h:116:7:void __gnu_cxx::new_allocator<_Tp>::deallocate(__gnu_cxx::new_allocator<_Tp>::pointer, __gnu_cxx::new_allocator<_Tp>::size_type) [with _Tp = std::_Rb_tree_node<std::pair<const std::__cxx11::basic_string<char>, nlohmann::basic_json<> > >]	24	static
new_allocator.h:116:7:void __gnu_cxx::new_allocator<_Tp>::deallocate(__gnu_cxx::new_allocator<_Tp>::pointer, __gnu_cxx::new_allocator<_Tp>::size_type) [with _Tp = unsigned char]	24	static
move.h:73:5:) [with T = std::__cxx11::basic_string<char>; Args = {std::__cxx11::basic_string<char, std::char_traits<char>, std::allocator<char> >}; ObjectType = std::map; ArrayType = std::vector; StringType = std::__cxx11::basic_string<char>; BooleanType = bool; NumberIntegerType = long long int; NumberUnsignedType = long long unsigned int; NumberFloatType = double; AllocatorType = std::allocator; JSONSerializer = nlohmann::adl_serializer; BinaryType = std::vector<unsigned char>]::<lambda(std::__cxx11::basic_string<char>*)>&]	16	static
unique_ptr.h:143:7:) [with T = std::__cxx11::basic_string<char>; Args = {std::__cxx11::basic_string<char, std::char_traits<char>, std::allocator<char> >}; ObjectType = std::map; ArrayType = std::vector; StringType = std::__cxx11::basic_string<char>; BooleanType = bool; NumberIntegerType = long long int; NumberUnsignedType = long long unsigned int; NumberFloatType = double; AllocatorType = std::allocator; JSONSerializer = nlohmann::adl_serializer; BinaryType = std::vector<unsigned char>]::<lambda(std::__cxx11::basic_string<char>*)>]	32	static
unique_ptr.h:146:18:) [with T = std::__cxx11::basic_string<char>; Args = {std::__cxx11::basic_string<char, std::char_traits<char>, std::allocator<char> >}; ObjectType = std::map; ArrayType = std::vector; StringType = std::__cxx11::basic_string<char>; BooleanType = bool; NumberIntegerType = long long int; NumberUnsignedType = long long unsigned int; NumberFloatType = double; AllocatorType = std::allocator; JSONSerializer = nlohmann::adl_serializer; BinaryType = std::vector<unsigned char>]::<lambda(std::__cxx11::basic_string<char>*)>]	16	static
unique_ptr.h:341:7:) [with T = std::__cxx11::basic_string<char>; Args = {std::__cxx11::basic_string<char, std::char_traits<char>, std::allocator<char> >}; ObjectType = std::map; ArrayType = std::vector; StringType = std::__cxx11::basic_string<char>; BooleanType = bool; NumberIntegerType = long long int; NumberUnsignedType = long long unsigned int; NumberFloatType = double; AllocatorType = std::allocator; JSONSerializer = nlohmann::adl_serializer; BinaryType = std::vector<unsigned char>]::<lambda(std::__cxx11::basic_string<char>*)>]	16	static
unique_ptr.h:147:18:) [with T = std::__cxx11::basic_string<char>; Args = {std::__cxx11::basic_string<char, std::char_traits<char>, std::allocator<char> >}; ObjectType = std::map; ArrayType = std::vector; StringType = std::__cxx11::basic_string<char>; BooleanType = bool; NumberIntegerType = long long int; NumberUnsignedType = long long unsigned int; NumberFloatType = double; AllocatorType = std::allocator; JSONSerializer = nlohmann::adl_serializer; BinaryType = std::vector<unsigned char>]::<lambda(std::__cxx11::basic_string<char>*)>]	16	static
new_allocator.h:135:2:) [with _Up = std::__cxx11::basic_string<char>; _Args = {std::__cxx11::basic_string<char, std::char_traits<char>, std::allocator<char> >}; _Tp = std::__cxx11::basic_string<char>]	32	static
unique_ptr.h:350:16:) [with T = std::__cxx11::basic_string<char>; Args = {std::__cxx11::basic_string<char, std::char_traits<char>, std::allocator<char> >}; ObjectType = std::map; ArrayType = std::vector; StringType = std::__cxx11::basic_string<char>; BooleanType = bool; NumberIntegerType = long long int; NumberUnsignedType = long long unsigned int; NumberFloatType = double; AllocatorType = std::allocator; JSONSerializer = nlohmann::adl_serializer; BinaryType = std::vector<unsigned char>]::<lambda(std::__cxx11::basic_string<char>*)>]	16	static
tuple:132:19:constexpr std::_Head_base<_Idx, _Head, false>::_Head_base(_UHead&&) [with _UHead = std::__cxx11::basic_string<char>*&; unsigned int _Idx = 0; _Head = std::__cxx11::basic_string<char>*]	16	static
stl_iterator.h:1045:7:std::move_iterator<_Iterator>::iterator_type std::move_iterator<_Iterator>::base() const [with _Iterator = nlohmann::basic_json<>*]	16	static
tuple:971:19:) [with T = std::__cxx11::basic_string<char>; Args = {std::__cxx11::basic_string<char, std::char_traits<char>, std::allocator<char> >}; ObjectType = std::map; ArrayType = std::vector; StringType = std::__cxx11::basic_string<char>; BooleanType = bool; NumberIntegerType = long long int; NumberUnsignedType = long long unsigned int; NumberFloatType = double; AllocatorType = std::allocator; JSONSerializer = nlohmann::adl_serializer; BinaryType = std::vector<unsigned char>]::<lambda(std::__cxx11::basic_string<char>*)>]	32	static
tuple:1314:5:) [with T = std::__cxx11::basic_string<char>; Args = {std::__cxx11::basic_string<char, std::char_traits<char>, std::allocator<char> >}; ObjectType = std::map; ArrayType = std::vector; StringType = std::__cxx11::basic_string<char>; BooleanType = bool; NumberIntegerType = long long int; NumberUnsignedType = long long unsigned int; NumberFloatType = double; AllocatorType = std::allocator; JSONSerializer = nlohmann::adl_serializer; BinaryType = std::vector<unsigned char>]::<lambda(std::__cxx11::basic_string<char, std::char_traits<char>, std::allocator<char> >*)>}]	16	static
unique_ptr.h:148:18:) [with T = std::__cxx11::basic_string<char>; Args = {std::__cxx11::basic_string<char, std::char_traits<char>, std::allocator<char> >}; ObjectType = std::map; ArrayType = std::vector; StringType = std::__cxx11::basic_string<char>; BooleanType = bool; NumberIntegerType = long long int; NumberUnsignedType = long long unsigned int; NumberFloatType = double; AllocatorType = std::allocator; JSONSerializer = nlohmann::adl_serializer; BinaryType = std::vector<unsigned char>]::<lambda(std::__cxx11::basic_string<char>*)>]	16	static
tuple:1320:5:) [with T = std::__cxx11::basic_string<char>; Args = {std::__cxx11::basic_string<char, std::char_traits<char>, std::allocator<char> >}; ObjectType = std::map; ArrayType = std::vector; StringType = std::__cxx11::basic_string<char>; BooleanType = bool; NumberIntegerType = long long int; NumberUnsignedType = long long unsigned int; NumberFloatType = double; AllocatorType = std::allocator; JSONSerializer = nlohmann::adl_serializer; BinaryType = std::vector<unsigned char>]::<lambda(std::__cxx11::basic_string<char, std::char_traits<char>, std::allocator<char> >*)>}]	16	static
tuple:160:7:static constexpr _Head& std::_Head_base<_Idx, _Head, false>::_M_head(std::_Head_base<_Idx, _Head, false>&) [with unsigned int _Idx = 0; _Head = std::__cxx11::basic_string<char>*]	16	static
tuple:163:7:static constexpr const _Head& std::_Head_base<_Idx, _Head, false>::_M_head(const std::_Head_base<_Idx, _Head, false>&) [with unsigned int _Idx = 0; _Head = std::__cxx11::basic_string<char>*]	16	static
tuple:216:19:) [with T = std::__cxx11::basic_string<char>; Args = {std::__cxx11::basic_string<char, std::char_traits<char>, std::allocator<char> >}; ObjectType = std::map; ArrayType = std::vector; StringType = std::__cxx11::basic_string<char>; BooleanType = bool; NumberIntegerType = long long int; NumberUnsignedType = long long unsigned int; NumberFloatType = double; AllocatorType = std::allocator; JSONSerializer = nlohmann::adl_serializer; BinaryType = std::vector<unsigned char>]::<lambda(std::__cxx11::basic_string<char, std::char_traits<char>, std::allocator<char> >*)>}]	32	static
tuple:1303:5:) [with T = std::__cxx11::basic_string<char>; Args = {std::__cxx11::basic_string<char, std::char_traits<char>, std::allocator<char> >}; ObjectType = std::map; ArrayType = std::vector; StringType = std::__cxx11::basic_string<char>; BooleanType = bool; NumberIntegerType = long long int; NumberUnsignedType = long long unsigned int; NumberFloatType = double; AllocatorType = std::allocator; JSONSerializer = nlohmann::adl_serializer; BinaryType = std::vector<unsigned char>]::<lambda(std::__cxx11::basic_string<char, std::char_traits<char>, std::allocator<char> >*)>}]	16	static
tuple:1314:5:) [with T = std::__cxx11::basic_string<char>; Args = {std::__cxx11::basic_string<char, std::char_traits<char>, std::allocator<char> >}; ObjectType = std::map; ArrayType = std::vector; StringType = std::__cxx11::basic_string<char>; BooleanType = bool; NumberIntegerType = long long int; NumberUnsignedType = long long unsigned int; NumberFloatType = double; AllocatorType = std::allocator; JSONSerializer = nlohmann::adl_serializer; BinaryType = std::vector<unsigned char>]::<lambda(std::__cxx11::basic_string<char, std::char_traits<char>, std::allocator<char> >*)>}]	16	static
tuple:1308:5:) [with T = std::__cxx11::basic_string<char>; Args = {std::__cxx11::basic_string<char, std::char_traits<char>, std::allocator<char> >}; ObjectType = std::map; ArrayType = std::vector; StringType = std::__cxx11::basic_string<char>; BooleanType = bool; NumberIntegerType = long long int; NumberUnsignedType = long long unsigned int; NumberFloatType = double; AllocatorType = std::allocator; JSONSerializer = nlohmann::adl_serializer; BinaryType = std::vector<unsigned char>]::<lambda(std::__cxx11::basic_string<char, std::char_traits<char>, std::allocator<char> >*)>}]	16	static
tuple:360:17:) [with T = std::__cxx11::basic_string<char>; Args = {std::__cxx11::basic_string<char, std::char_traits<char>, std::allocator<char> >}; ObjectType = std::map; ArrayType = std::vector; StringType = std::__cxx11::basic_string<char>; BooleanType = bool; NumberIntegerType = long long int; NumberUnsignedType = long long unsigned int; NumberFloatType = double; AllocatorType = std::allocator; JSONSerializer = nlohmann::adl_serializer; BinaryType = std::vector<unsigned char>]::<lambda(std::__cxx11::basic_string<char>*)>]	16	static
tuple:195:7:) [with T = std::__cxx11::basic_string<char>; Args = {std::__cxx11::basic_string<char, std::char_traits<char>, std::allocator<char> >}; ObjectType = std::map; ArrayType = std::vector; StringType = std::__cxx11::basic_string<char>; BooleanType = bool; NumberIntegerType = long long int; NumberUnsignedType = long long unsigned int; NumberFloatType = double; AllocatorType = std::allocator; JSONSerializer = nlohmann::adl_serializer; BinaryType = std::vector<unsigned char>]::<lambda(std::__cxx11::basic_string<char, std::char_traits<char>, std::allocator<char> >*)>}]	16	static
tuple:1303:5:) [with T = std::__cxx11::basic_string<char>; Args = {std::__cxx11::basic_string<char, std::char_traits<char>, std::allocator<char> >}; ObjectType = std::map; ArrayType = std::vector; StringType = std::__cxx11::basic_string<char>; BooleanType = bool; NumberIntegerType = long long int; NumberUnsignedType = long long unsigned int; NumberFloatType = double; AllocatorType = std::allocator; JSONSerializer = nlohmann::adl_serializer; BinaryType = std::vector<unsigned char>]::<lambda(std::__cxx11::basic_string<char>*)>; _Tail = {}]	16	static
tuple:198:7:) [with T = std::__cxx11::basic_string<char>; Args = {std::__cxx11::basic_string<char, std::char_traits<char>, std::allocator<char> >}; ObjectType = std::map; ArrayType = std::vector; StringType = std::__cxx11::basic_string<char>; BooleanType = bool; NumberIntegerType = long long int; NumberUnsignedType = long long unsigned int; NumberFloatType = double; AllocatorType = std::allocator; JSONSerializer = nlohmann::adl_serializer; BinaryType = std::vector<unsigned char>]::<lambda(std::__cxx11::basic_string<char, std::char_traits<char>, std::allocator<char> >*)>}]	16	static
tuple:125:17:) [with T = std::__cxx11::basic_string<char>; Args = {std::__cxx11::basic_string<char, std::char_traits<char>, std::allocator<char> >}; ObjectType = std::map; ArrayType = std::vector; StringType = std::__cxx11::basic_string<char>; BooleanType = bool; NumberIntegerType = long long int; NumberUnsignedType = long long unsigned int; NumberFloatType = double; AllocatorType = std::allocator; JSONSerializer = nlohmann::adl_serializer; BinaryType = std::vector<unsigned char>]::<lambda(std::__cxx11::basic_string<char>*)>]	16	static
tuple:351:7:) [with T = std::__cxx11::basic_string<char>; Args = {std::__cxx11::basic_string<char, std::char_traits<char>, std::allocator<char> >}; ObjectType = std::map; ArrayType = std::vector; StringType = std::__cxx11::basic_string<char>; BooleanType = bool; NumberIntegerType = long long int; NumberUnsignedType = long long unsigned int; NumberFloatType = double; AllocatorType = std::allocator; JSONSerializer = nlohmann::adl_serializer; BinaryType = std::vector<unsigned char>]::<lambda(std::__cxx11::basic_string<char>*)>]	16	static
tuple:160:7:) [with T = std::__cxx11::basic_string<char>; Args = {std::__cxx11::basic_string<char, std::char_traits<char>, std::allocator<char> >}; ObjectType = std::map; ArrayType = std::vector; StringType = std::__cxx11::basic_string<char>; BooleanType = bool; NumberIntegerType = long long int; NumberUnsignedType = long long unsigned int; NumberFloatType = double; AllocatorType = std::allocator; JSONSerializer = nlohmann::adl_serializer; BinaryType = std::vector<unsigned char>]::<lambda(std::__cxx11::basic_string<char>*)>]	16	static
OUCART0018.cpp:79:1:void __static_initialization_and_destruction_0(int, int)	16	static
OUCART0018.cpp:79:1:cpp)	8	static
OUCART0018.cpp:79:1:cpp)	8	static
