char_traits.h:314:7:static std::size_t std::char_traits<char>::length(const char_type*)	16	static
char_traits.h:362:7:static constexpr std::char_traits<char>::char_type std::char_traits<char>::to_char_type(const int_type&)	16	static
exception.h:63:5:std::exception::exception()	16	static
new:168:14:void* operator new(std::size_t, void*)	16	static
new:174:13:void operator delete(void*, void*)	16	static
gthr-default.h:229:1:int __gthread_key_delete(__gthread_key_t)	16	static
basic_string.h:6405:3:std::__cxx11::string std::__cxx11::to_string(int)	24	static
basic_string.h:6410:3:std::__cxx11::string std::__cxx11::to_string(unsigned int)	24	static
limits:1281:7:static constexpr long long int std::numeric_limits<long long int>::max()	8	static
limits:1351:7:static constexpr long long unsigned int std::numeric_limits<long long unsigned int>::max()	8	static
shared_ptr_base.h:302:5:void std::_Sp_counted_base<_Lp>::_M_add_ref_copy() [with __gnu_cxx::_Lock_policy _Lp = (__gnu_cxx::_Lock_policy)0]	16	static
shared_ptr_base.h:307:5:void std::_Sp_counted_base<_Lp>::_M_release() [with __gnu_cxx::_Lock_policy _Lp = (__gnu_cxx::_Lock_policy)0]	16	static
stl_tree.h:206:5:void std::_Rb_tree_header::_M_reset()	16	static
cmath:573:3:constexpr bool std::isfinite(double)	16	static
cmath:672:3:constexpr bool std::signbit(double)	16	static
json.hpp:2357:17:virtual const char* nlohmann::detail::exception::what() const	16	static
json.hpp:2367:5:nlohmann::detail::exception::exception(int, const char*)	24	static
json.hpp:2369:24:static std::__cxx11::string nlohmann::detail::exception::name(const string&, int)	120	static
json.hpp:2352:7:nlohmann::detail::exception::~exception()	16	static
json.hpp:2352:7:virtual nlohmann::detail::exception::~exception()	16	static
json.hpp:2567:23:static nlohmann::detail::type_error nlohmann::detail::type_error::create(int, const string&)	104	static
json.hpp:2575:5:nlohmann::detail::type_error::type_error(int, const char*)	24	static
json.hpp:14396:15:constexpr nlohmann::detail::dtoa_impl::diyfp::diyfp(uint64_t, int)	24	static
json.hpp:14402:18:static nlohmann::detail::dtoa_impl::diyfp nlohmann::detail::dtoa_impl::diyfp::sub(const nlohmann::detail::dtoa_impl::diyfp&, const nlohmann::detail::dtoa_impl::diyfp&)	40	static
json.hpp:14414:18:static nlohmann::detail::dtoa_impl::diyfp nlohmann::detail::dtoa_impl::diyfp::mul(const nlohmann::detail::dtoa_impl::diyfp&, const nlohmann::detail::dtoa_impl::diyfp&)	168	static
json.hpp:14479:18:static nlohmann::detail::dtoa_impl::diyfp nlohmann::detail::dtoa_impl::diyfp::normalize(nlohmann::detail::dtoa_impl::diyfp)	24	static
json.hpp:14496:18:static nlohmann::detail::dtoa_impl::diyfp nlohmann::detail::dtoa_impl::diyfp::normalize_to(const nlohmann::detail::dtoa_impl::diyfp&, int)	64	static
array:175:7:constexpr std::array<_Tp, _Nm>::size_type std::array<_Tp, _Nm>::size() const [with _Tp = nlohmann::detail::dtoa_impl::cached_power; unsigned int _Nm = 79]	16	static
json.hpp:14660:21:nlohmann::detail::dtoa_impl::cached_power nlohmann::detail::dtoa_impl::get_cached_power_for_binary_exponent(int)	48	static
json.hpp:14824:12:int nlohmann::detail::dtoa_impl::find_largest_pow10(uint32_t, uint32_t&)	16	static
json.hpp:14880:13:void nlohmann::detail::dtoa_impl::grisu2_round(char*, int, uint64_t, uint64_t, uint64_t, uint64_t)	40	static
json.hpp:14921:13:void nlohmann::detail::dtoa_impl::grisu2_digit_gen(char*, int&, int&, nlohmann::detail::dtoa_impl::diyfp, nlohmann::detail::dtoa_impl::diyfp, nlohmann::detail::dtoa_impl::diyfp)	256	static
json.hpp:15162:13:void nlohmann::detail::dtoa_impl::grisu2(char*, int&, int&, nlohmann::detail::dtoa_impl::diyfp, nlohmann::detail::dtoa_impl::diyfp, nlohmann::detail::dtoa_impl::diyfp)	192	static
json.hpp:15262:14:char* nlohmann::detail::dtoa_impl::append_exponent(char*, int)	24	static
json.hpp:15314:14:char* nlohmann::detail::dtoa_impl::format_buffer(char*, int, int, int, int)	32	static
OUCART0018.cpp:21:1:OUCART0018::OUCART0018()	16	static
OUCART0018.cpp:31:1:OUCART0018::OUCART0018(uint8_t)	16	static
OUCART0018.cpp:41:6:void OUCART0018::setI2cAdress(uint8_t)	16	static
OUCART0018.cpp:45:1:OUCART0018::~OUCART0018()	16	static
OUCART0018.cpp:45:1:virtual OUCART0018::~OUCART0018()	16	static
OUCART0018.cpp:54:9:uint8_t OUCART0018::switchToi2c(uint8_t)	24	static
OUCART0018.cpp:86:9:uint8_t OUCART0018::getJsonStringfromMemory(std::__cxx11::string&)	24	static
OUCART0018.cpp:103:9:uint8_t OUCART0018::storeJsonStringtoMemory(std::__cxx11::string&)	24	static
OUCART0018.cpp:119:6:void OUCART0018::setTemp(uint8_t, uint8_t)	16	static
OUCART0018.cpp:131:6:void OUCART0018::setDir(uint8_t, uint8_t)	16	static
OUCART0018.cpp:143:6:void OUCART0018::writePort(uint8_t, uint8_t)	16	static
OUCART0018.cpp:155:6:void OUCART0018::readPort(uint8_t, uint8_t*)	24	static
OUCART0018.cpp:171:9:uint8_t OUCART0018::isConnected()	16	static
OUCART0018.cpp:176:13:std::__cxx11::string OUCART0018::serialize(nlohmann::json)	80	static
OUCART0018.cpp:181:6:void OUCART0018::deserialize(std::__cxx11::string)	16	static
OUCART0018.cpp:185:16:nlohmann::json OUCART0018::getjsonstruct()	16	static
move.h:73:5:constexpr _Tp&& std::forward(typename std::remove_reference<_From>::type&) [with _Tp = std::__cxx11::basic_string<char>&]	16	static
OUCART0018.cpp:189:7:void OUCART0018::getjsonwithref(json&)	56	static
string_conversions.h:99:5:) [with _String = std::__cxx11::basic_string<char>; _CharT = char]	52	dynamic
basic_string.h:139:14:std::__cxx11::basic_string<char>::_Alloc_hider::~_Alloc_hider()	16	static
basic_string.h:5956:5:std::__cxx11::basic_string<_CharT, _Traits, _Alloc> std::operator+(std::__cxx11::basic_string<_CharT, _Traits, _Alloc>&&, std::__cxx11::basic_string<_CharT, _Traits, _Alloc>&&) [with _CharT = char; _Traits = std::char_traits<char>; _Alloc = std::allocator<char>]	40	static
basic_string.h:5968:5:std::__cxx11::basic_string<_CharT, _Traits, _Alloc> std::operator+(const _CharT*, std::__cxx11::basic_string<_CharT, _Traits, _Alloc>&&) [with _CharT = char; _Traits = std::char_traits<char>; _Alloc = std::allocator<char>]	24	static
shared_ptr_base.h:130:7:void std::_Sp_counted_base<_Lp>::_M_destroy() [with __gnu_cxx::_Lock_policy _Lp = (__gnu_cxx::_Lock_policy)0]	16	static
stl_algobase.h:219:5:constexpr const _Tp& std::max(const _Tp&, const _Tp&) [with _Tp = unsigned int]	16	static
basic_string.tcc:1157:5:std::__cxx11::basic_string<_CharT, _Traits, _Alloc> std::operator+(const _CharT*, const std::__cxx11::basic_string<_CharT, _Traits, _Alloc>&) [with _CharT = char; _Traits = std::char_traits<char>; _Alloc = std::allocator<char>]	32	static
basic_string.h:5980:5:std::__cxx11::basic_string<_CharT, _Traits, _Alloc> std::operator+(std::__cxx11::basic_string<_CharT, _Traits, _Alloc>&&, const _CharT*) [with _CharT = char; _Traits = std::char_traits<char>; _Alloc = std::allocator<char>]	24	static
basic_string.h:5944:5:std::__cxx11::basic_string<_CharT, _Traits, _Alloc> std::operator+(std::__cxx11::basic_string<_CharT, _Traits, _Alloc>&&, const std::__cxx11::basic_string<_CharT, _Traits, _Alloc>&) [with _CharT = char; _Traits = std::char_traits<char>; _Alloc = std::allocator<char>]	24	static
array:189:7:constexpr const value_type& std::array<_Tp, _Nm>::operator[](std::array<_Tp, _Nm>::size_type) const [with _Tp = nlohmann::detail::dtoa_impl::cached_power; unsigned int _Nm = 79]	16	static
json.hpp:18695:5:nlohmann::basic_json<ObjectType, ArrayType, StringType, BooleanType, NumberIntegerType, NumberUnsignedType, NumberFloatType, AllocatorType, JSONSerializer, BinaryType>::~basic_json() [with ObjectType = std::map; ArrayType = std::vector; StringType = std::__cxx11::basic_string<char>; BooleanType = bool; NumberIntegerType = long long int; NumberUnsignedType = long long unsigned int; NumberFloatType = double; AllocatorType = std::allocator; JSONSerializer = nlohmann::adl_serializer; BinaryType = std::vector<unsigned char>]	16	static
move.h:98:5:constexpr typename std::remove_reference< <template-parameter-1-1> >::type&& std::move(_Tp&&) [with _Tp = nlohmann::basic_json<>::json_value&]	16	static
json.hpp:18625:5:nlohmann::basic_json<ObjectType, ArrayType, StringType, BooleanType, NumberIntegerType, NumberUnsignedType, NumberFloatType, AllocatorType, JSONSerializer, BinaryType>::basic_json(nlohmann::basic_json<ObjectType, ArrayType, StringType, BooleanType, NumberIntegerType, NumberUnsignedType, NumberFloatType, AllocatorType, JSONSerializer, BinaryType>&&) [with ObjectType = std::map; ArrayType = std::vector; StringType = std::__cxx11::basic_string<char>; BooleanType = bool; NumberIntegerType = long long int; NumberUnsignedType = long long unsigned int; NumberFloatType = double; AllocatorType = std::allocator; JSONSerializer = nlohmann::adl_serializer; BinaryType = std::vector<unsigned char>]	24	static
shared_ptr_base.h:1123:7:std::__shared_ptr<_Tp, _Lp>::~__shared_ptr() [with _Tp = nlohmann::detail::output_adapter_protocol<char>; __gnu_cxx::_Lock_policy _Lp = (__gnu_cxx::_Lock_policy)0]	16	static
shared_ptr.h:93:11:std::shared_ptr<nlohmann::detail::output_adapter_protocol<char> >::~shared_ptr()	16	static
json.hpp:12716:7:nlohmann::detail::output_adapter<char>::~output_adapter()	16	static
json.hpp:15509:5:nlohmann::detail::serializer<BasicJsonType>::~serializer() [with BasicJsonType = nlohmann::basic_json<>]	16	static
json.hpp:18759:14:nlohmann::basic_json<ObjectType, ArrayType, StringType, BooleanType, NumberIntegerType, NumberUnsignedType, NumberFloatType, AllocatorType, JSONSerializer, BinaryType>::string_t nlohmann::basic_json<ObjectType, ArrayType, StringType, BooleanType, NumberIntegerType, NumberUnsignedType, NumberFloatType, AllocatorType, JSONSerializer, BinaryType>::dump(int, char, bool, nlohmann::basic_json<ObjectType, ArrayType, StringType, BooleanType, NumberIntegerType, NumberUnsignedType, NumberFloatType, AllocatorType, JSONSerializer, BinaryType>::error_handler_t) const [with ObjectType = std::map; ArrayType = std::vector; StringType = std::__cxx11::basic_string<char>; BooleanType = bool; NumberIntegerType = long long int; NumberUnsignedType = long long unsigned int; NumberFloatType = double; AllocatorType = std::allocator; JSONSerializer = nlohmann::adl_serializer; BinaryType = std::vector<unsigned char>]	680	static
move.h:98:5:constexpr typename std::remove_reference< <template-parameter-1-1> >::type&& std::move(_Tp&&) [with _Tp = std::__cxx11::basic_string<char>&]	16	static
json.hpp:17927:5:nlohmann::basic_json<ObjectType, ArrayType, StringType, BooleanType, NumberIntegerType, NumberUnsignedType, NumberFloatType, AllocatorType, JSONSerializer, BinaryType>::basic_json(CompatibleType&&) [with CompatibleType = std::__cxx11::basic_string<char>&; U = std::__cxx11::basic_string<char>; typename std::enable_if<((! nlohmann::detail::is_basic_json<U>::value) && nlohmann::detail::is_compatible_type<nlohmann::basic_json<ObjectType, ArrayType, StringType, BooleanType, NumberIntegerType, NumberUnsignedType, NumberFloatType, AllocatorType, JSONSerializer, BinaryType>, U>::value), int>::type <anonymous> = 0; ObjectType = std::map; ArrayType = std::vector; StringType = std::__cxx11::basic_string<char>; BooleanType = bool; NumberIntegerType = long long int; NumberUnsignedType = long long unsigned int; NumberFloatType = double; AllocatorType = std::allocator; JSONSerializer = nlohmann::adl_serializer; BinaryType = std::vector<unsigned char>]	24	static
json.hpp:18662:17:nlohmann::basic_json<ObjectType, ArrayType, StringType, BooleanType, NumberIntegerType, NumberUnsignedType, NumberFloatType, AllocatorType, JSONSerializer, BinaryType>& nlohmann::basic_json<ObjectType, ArrayType, StringType, BooleanType, NumberIntegerType, NumberUnsignedType, NumberFloatType, AllocatorType, JSONSerializer, BinaryType>::operator=(nlohmann::basic_json<ObjectType, ArrayType, StringType, BooleanType, NumberIntegerType, NumberUnsignedType, NumberFloatType, AllocatorType, JSONSerializer, BinaryType>) [with ObjectType = std::map; ArrayType = std::vector; StringType = std::__cxx11::basic_string<char>; BooleanType = bool; NumberIntegerType = long long int; NumberUnsignedType = long long unsigned int; NumberFloatType = double; AllocatorType = std::allocator; JSONSerializer = nlohmann::adl_serializer; BinaryType = std::vector<unsigned char>]	16	static
basic_string.h:604:9:std::__cxx11::basic_string<_CharT, _Traits, _Alloc>::basic_string(_InputIterator, _InputIterator, const _Alloc&) [with _InputIterator = char*; <template-parameter-2-2> = void; _CharT = char; _Traits = std::char_traits<char>; _Alloc = std::allocator<char>]	32	static
shared_ptr_base.h:120:7:std::_Sp_counted_base<_Lp>::~_Sp_counted_base() [with __gnu_cxx::_Lock_policy _Lp = (__gnu_cxx::_Lock_policy)0]	16	static
shared_ptr_base.h:120:7:std::_Sp_counted_base<_Lp>::~_Sp_counted_base() [with __gnu_cxx::_Lock_policy _Lp = (__gnu_cxx::_Lock_policy)0]	16	static
array:55:7:static constexpr _Tp& std::__array_traits<_Tp, _Nm>::_S_ref(const _Tp (&)[_Nm], std::size_t) [with _Tp = nlohmann::detail::dtoa_impl::cached_power; unsigned int _Nm = 79]	16	static
json.hpp:4540:20:constexpr bool nlohmann::byte_container_with_subtype<BinaryType>::has_subtype() const [with BinaryType = std::vector<unsigned char>]	16	static
json.hpp:4519:28:constexpr uint8_t nlohmann::byte_container_with_subtype<BinaryType>::subtype() const [with BinaryType = std::vector<unsigned char>]	16	static
stl_vector.h:572:7:std::vector<_Tp, _Alloc>::const_iterator std::vector<_Tp, _Alloc>::begin() const [with _Tp = unsigned char; _Alloc = std::allocator<unsigned char>]	24	static
stl_vector.h:590:7:std::vector<_Tp, _Alloc>::const_iterator std::vector<_Tp, _Alloc>::end() const [with _Tp = unsigned char; _Alloc = std::allocator<unsigned char>]	24	static
stl_iterator.h:880:5:bool __gnu_cxx::operator!=(const __gnu_cxx::__normal_iterator<_Iterator, _Container>&, const __gnu_cxx::__normal_iterator<_Iterator, _Container>&) [with _Iterator = const unsigned char*; _Container = std::vector<unsigned char>]	24	static
stl_iterator.h:800:7:__gnu_cxx::__normal_iterator<_Iterator, _Container>& __gnu_cxx::__normal_iterator<_Iterator, _Container>::operator++() [with _Iterator = const unsigned char*; _Container = std::vector<unsigned char>]	16	static
stl_iterator.h:792:7:__gnu_cxx::__normal_iterator<_Iterator, _Container>::reference __gnu_cxx::__normal_iterator<_Iterator, _Container>::operator*() const [with _Iterator = const unsigned char*; _Container = std::vector<unsigned char>]	16	static
move.h:98:5:constexpr typename std::remove_reference< <template-parameter-1-1> >::type&& std::move(_Tp&&) [with _Tp = nlohmann::detail::value_t&]	16	static
move.h:187:5:typename std::enable_if<std::__and_<std::__not_<std::__is_tuple_like<_Tp> >, std::is_move_constructible<_Tp>, std::is_move_assignable<_Tp> >::value>::type std::swap(_Tp&, _Tp&) [with _Tp = nlohmann::detail::value_t]	24	static
move.h:187:5:typename std::enable_if<std::__and_<std::__not_<std::__is_tuple_like<_Tp> >, std::is_move_constructible<_Tp>, std::is_move_assignable<_Tp> >::value>::type std::swap(_Tp&, _Tp&) [with _Tp = nlohmann::basic_json<>::json_value]	32	static
json.hpp:17710:10:void nlohmann::basic_json<ObjectType, ArrayType, StringType, BooleanType, NumberIntegerType, NumberUnsignedType, NumberFloatType, AllocatorType, JSONSerializer, BinaryType>::assert_invariant() const [with ObjectType = std::map; ArrayType = std::vector; StringType = std::__cxx11::basic_string<char>; BooleanType = bool; NumberIntegerType = long long int; NumberUnsignedType = long long unsigned int; NumberFloatType = double; AllocatorType = std::allocator; JSONSerializer = nlohmann::adl_serializer; BinaryType = std::vector<unsigned char>]	16	static
json.hpp:19073:20:constexpr bool nlohmann::basic_json<ObjectType, ArrayType, StringType, BooleanType, NumberIntegerType, NumberUnsignedType, NumberFloatType, AllocatorType, JSONSerializer, BinaryType>::is_array() const [with ObjectType = std::map; ArrayType = std::vector; StringType = std::__cxx11::basic_string<char>; BooleanType = bool; NumberIntegerType = long long int; NumberUnsignedType = long long unsigned int; NumberFloatType = double; AllocatorType = std::allocator; JSONSerializer = nlohmann::adl_serializer; BinaryType = std::vector<unsigned char>]	16	static
json.hpp:19051:20:constexpr bool nlohmann::basic_json<ObjectType, ArrayType, StringType, BooleanType, NumberIntegerType, NumberUnsignedType, NumberFloatType, AllocatorType, JSONSerializer, BinaryType>::is_object() const [with ObjectType = std::map; ArrayType = std::vector; StringType = std::__cxx11::basic_string<char>; BooleanType = bool; NumberIntegerType = long long int; NumberUnsignedType = long long unsigned int; NumberFloatType = double; AllocatorType = std::allocator; JSONSerializer = nlohmann::adl_serializer; BinaryType = std::vector<unsigned char>]	16	static
json.hpp:17610:14:void nlohmann::basic_json<ObjectType, ArrayType, StringType, BooleanType, NumberIntegerType, NumberUnsignedType, NumberFloatType, AllocatorType, JSONSerializer, BinaryType>::json_value::destroy(nlohmann::basic_json<ObjectType, ArrayType, StringType, BooleanType, NumberIntegerType, NumberUnsignedType, NumberFloatType, AllocatorType, JSONSerializer, BinaryType>::value_t) [with ObjectType = std::map; ArrayType = std::vector; StringType = std::__cxx11::basic_string<char>; BooleanType = bool; NumberIntegerType = long long int; NumberUnsignedType = long long unsigned int; NumberFloatType = double; AllocatorType = std::allocator; JSONSerializer = nlohmann::adl_serializer; BinaryType = std::vector<unsigned char>]	104	static
shared_ptr_base.h:1123:7:std::__shared_ptr<_Tp, _Lp>::~__shared_ptr() [with _Tp = nlohmann::detail::output_string_adapter<char, std::__cxx11::basic_string<char> >; __gnu_cxx::_Lock_policy _Lp = (__gnu_cxx::_Lock_policy)0]	16	static
shared_ptr.h:93:11:std::shared_ptr<nlohmann::detail::output_string_adapter<char, std::__cxx11::basic_string<char> > >::~shared_ptr()	16	static
json.hpp:12725:5:nlohmann::detail::output_adapter<CharType, StringType>::output_adapter(StringType&) [with CharType = char; StringType = std::__cxx11::basic_string<char>]	32	static
shared_ptr_base.h:681:7:std::__shared_count<_Lp>::~__shared_count() [with __gnu_cxx::_Lock_policy _Lp = (__gnu_cxx::_Lock_policy)0]	16	static
shared_ptr_base.h:1121:7:std::__shared_ptr<_Tp, _Lp>::__shared_ptr(const std::__shared_ptr<_Tp, _Lp>&) [with _Tp = nlohmann::detail::output_adapter_protocol<char>; __gnu_cxx::_Lock_policy _Lp = (__gnu_cxx::_Lock_policy)0]	16	static
shared_ptr.h:119:7:std::shared_ptr<_Tp>::shared_ptr(const std::shared_ptr<_Tp>&) [with _Tp = nlohmann::detail::output_adapter_protocol<char>]	16	static
json.hpp:12728:5:nlohmann::detail::output_adapter<CharType, StringType>::operator nlohmann::detail::output_adapter_t<CharType>() [with CharType = char; StringType = std::__cxx11::basic_string<char>]	16	static
move.h:98:5:constexpr typename std::remove_reference< <template-parameter-1-1> >::type&& std::move(_Tp&&) [with _Tp = std::shared_ptr<nlohmann::detail::output_adapter_protocol<char> >&]	16	static
shared_ptr.h:244:7:std::shared_ptr<_Tp>::shared_ptr(std::shared_ptr<_Tp>&&) [with _Tp = nlohmann::detail::output_adapter_protocol<char>]	24	static
json.hpp:15493:5:nlohmann::detail::serializer<BasicJsonType>::serializer(nlohmann::detail::output_adapter_t<char>, char, nlohmann::detail::error_handler_t) [with BasicJsonType = nlohmann::basic_json<>]	48	static
json.hpp:15533:10:void nlohmann::detail::serializer<BasicJsonType>::dump(const BasicJsonType&, bool, bool, unsigned int, unsigned int) [with BasicJsonType = nlohmann::basic_json<>]	144	static
basic_string.h:252:9:void std::__cxx11::basic_string<_CharT, _Traits, _Alloc>::_M_construct(_InIterator, _InIterator) [with _InIterator = char*; _CharT = char; _Traits = std::char_traits<char>; _Alloc = std::allocator<char>]	32	static
json.hpp:4399:17:static decltype ((nlohmann::{anonymous}::to_json(j, forward<ValueType>(val)), void())) nlohmann::adl_serializer<T, SFINAE>::to_json(BasicJsonType&, ValueType&&) [with BasicJsonType = nlohmann::basic_json<>; ValueType = std::__cxx11::basic_string<char>&; <template-parameter-1-1> = std::__cxx11::basic_string<char>; <template-parameter-1-2> = void]	24	static
stl_vector.h:670:7:std::vector<_Tp, _Alloc>::size_type std::vector<_Tp, _Alloc>::size() const [with _Tp = nlohmann::basic_json<>; _Alloc = std::allocator<nlohmann::basic_json<> >]	16	static
stl_map.h:462:7:std::map<_Key, _Tp, _Compare, _Alloc>::size_type std::map<_Key, _Tp, _Compare, _Alloc>::size() const [with _Key = std::__cxx11::basic_string<char>; _Tp = nlohmann::basic_json<>; _Compare = std::less<void>; _Alloc = std::allocator<std::pair<const std::__cxx11::basic_string<char>, nlohmann::basic_json<> > >]	16	static
stl_map.h:366:7:std::map<_Key, _Tp, _Compare, _Alloc>::iterator std::map<_Key, _Tp, _Compare, _Alloc>::end() [with _Key = std::__cxx11::basic_string<char>; _Tp = nlohmann::basic_json<>; _Compare = std::less<void>; _Alloc = std::allocator<std::pair<const std::__cxx11::basic_string<char>, nlohmann::basic_json<> > >]	16	static
stl_tree.h:319:7:bool std::_Rb_tree_iterator<_Tp>::operator!=(const _Self&) const [with _Tp = std::pair<const std::__cxx11::basic_string<char>, nlohmann::basic_json<> >]	16	static
stl_vector.h:581:7:std::vector<_Tp, _Alloc>::iterator std::vector<_Tp, _Alloc>::end() [with _Tp = nlohmann::basic_json<>; _Alloc = std::allocator<nlohmann::basic_json<> >]	24	static
stl_iterator.h:792:7:__gnu_cxx::__normal_iterator<_Iterator, _Container>::reference __gnu_cxx::__normal_iterator<_Iterator, _Container>::operator*() const [with _Iterator = nlohmann::basic_json<>*; _Container = std::vector<nlohmann::basic_json<>, std::allocator<nlohmann::basic_json<> > >]	16	static
stl_iterator.h:779:7:__gnu_cxx::__normal_iterator<_Iterator, _Container>::__normal_iterator(const _Iterator&) [with _Iterator = const unsigned char*; _Container = std::vector<unsigned char>]	16	static
stl_iterator.h:844:7:const _Iterator& __gnu_cxx::__normal_iterator<_Iterator, _Container>::base() const [with _Iterator = const unsigned char*; _Container = std::vector<unsigned char>]	16	static
stl_vector.h:259:7:std::vector<_Tp, _Alloc>::vector() [with _Tp = nlohmann::basic_json<>; _Alloc = std::allocator<nlohmann::basic_json<> >]	16	static
stl_vector.h:433:7:std::vector<_Tp, _Alloc>::~vector() [with _Tp = nlohmann::basic_json<>; _Alloc = std::allocator<nlohmann::basic_json<> >]	24	static
vector.tcc:65:5:void std::vector<_Tp, _Alloc>::reserve(std::vector<_Tp, _Alloc>::size_type) [with _Tp = nlohmann::basic_json<>; _Alloc = std::allocator<nlohmann::basic_json<> >]	32	static
stl_vector.h:563:7:std::vector<_Tp, _Alloc>::iterator std::vector<_Tp, _Alloc>::begin() [with _Tp = nlohmann::basic_json<>; _Alloc = std::allocator<nlohmann::basic_json<> >]	24	static
stl_iterator.h:530:5:std::back_insert_iterator<_Container> std::back_inserter(_Container&) [with _Container = std::vector<nlohmann::basic_json<>, std::allocator<nlohmann::basic_json<> > >]	24	static
stl_algobase.h:479:5:_OI std::move(_II, _II, _OI) [with _II = __gnu_cxx::__normal_iterator<nlohmann::basic_json<>*, std::vector<nlohmann::basic_json<>, std::allocator<nlohmann::basic_json<> > > >; _OI = std::back_insert_iterator<std::vector<nlohmann::basic_json<>, std::allocator<nlohmann::basic_json<> > > >]	32	static
stl_map.h:348:7:std::map<_Key, _Tp, _Compare, _Alloc>::iterator std::map<_Key, _Tp, _Compare, _Alloc>::begin() [with _Key = std::__cxx11::basic_string<char>; _Tp = nlohmann::basic_json<>; _Compare = std::less<void>; _Alloc = std::allocator<std::pair<const std::__cxx11::basic_string<char>, nlohmann::basic_json<> > >]	16	static
stl_tree.h:285:7:std::_Rb_tree_iterator<_Tp>::_Self& std::_Rb_tree_iterator<_Tp>::operator++() [with _Tp = std::pair<const std::__cxx11::basic_string<char>, nlohmann::basic_json<> >]	16	static
stl_tree.h:277:7:_Tp& std::_Rb_tree_iterator<_Tp>::operator*() const [with _Tp = std::pair<const std::__cxx11::basic_string<char>, nlohmann::basic_json<> >]	16	static
move.h:98:5:constexpr typename std::remove_reference< <template-parameter-1-1> >::type&& std::move(_Tp&&) [with _Tp = nlohmann::basic_json<>&]	16	static
stl_vector.h:953:7:void std::vector<_Tp, _Alloc>::push_back(std::vector<_Tp, _Alloc>::value_type&&) [with _Tp = nlohmann::basic_json<>; _Alloc = std::allocator<nlohmann::basic_json<> >]	16	static
stl_vector.h:759:7:bool std::vector<_Tp, _Alloc>::empty() const [with _Tp = nlohmann::basic_json<>; _Alloc = std::allocator<nlohmann::basic_json<> >]	24	static
stl_vector.h:895:7:std::vector<_Tp, _Alloc>::reference std::vector<_Tp, _Alloc>::back() [with _Tp = nlohmann::basic_json<>; _Alloc = std::allocator<nlohmann::basic_json<> >]	24	static
stl_vector.h:975:7:void std::vector<_Tp, _Alloc>::pop_back() [with _Tp = nlohmann::basic_json<>; _Alloc = std::allocator<nlohmann::basic_json<> >]	16	static
stl_vector.h:1247:7:void std::vector<_Tp, _Alloc>::clear() [with _Tp = nlohmann::basic_json<>; _Alloc = std::allocator<nlohmann::basic_json<> >]	16	static
stl_map.h:1127:7:void std::map<_Key, _Tp, _Compare, _Alloc>::clear() [with _Key = std::__cxx11::basic_string<char>; _Tp = nlohmann::basic_json<>; _Compare = std::less<void>; _Alloc = std::allocator<std::pair<const std::__cxx11::basic_string<char>, nlohmann::basic_json<> > >]	16	static
allocator.h:131:7:std::allocator< <template-parameter-1-1> >::allocator() [with _Tp = std::map<std::__cxx11::basic_string<char>, nlohmann::basic_json<>, std::less<void>, std::allocator<std::pair<const std::__cxx11::basic_string<char>, nlohmann::basic_json<> > > >]	16	static
allocator.h:139:7:std::allocator< <template-parameter-1-1> >::~allocator() [with _Tp = std::map<std::__cxx11::basic_string<char>, nlohmann::basic_json<>, std::less<void>, std::allocator<std::pair<const std::__cxx11::basic_string<char>, nlohmann::basic_json<> > > >]	16	static
alloc_traits.h:486:2:static void std::allocator_traits<std::allocator<_CharT> >::destroy(std::allocator_traits<std::allocator<_CharT> >::allocator_type&, _Up*) [with _Up = std::map<std::__cxx11::basic_string<char>, nlohmann::basic_json<>, std::less<void>, std::allocator<std::pair<const std::__cxx11::basic_string<char>, nlohmann::basic_json<> > > >; _Tp = std::map<std::__cxx11::basic_string<char>, nlohmann::basic_json<>, std::less<void>, std::allocator<std::pair<const std::__cxx11::basic_string<char>, nlohmann::basic_json<> > > >]	16	static
alloc_traits.h:461:7:static void std::allocator_traits<std::allocator<_CharT> >::deallocate(std::allocator_traits<std::allocator<_CharT> >::allocator_type&, std::allocator_traits<std::allocator<_CharT> >::pointer, std::allocator_traits<std::allocator<_CharT> >::size_type) [with _Tp = std::map<std::__cxx11::basic_string<char>, nlohmann::basic_json<>, std::less<void>, std::allocator<std::pair<const std::__cxx11::basic_string<char>, nlohmann::basic_json<> > > >]	24	static
allocator.h:131:7:std::allocator< <template-parameter-1-1> >::allocator() [with _Tp = std::vector<nlohmann::basic_json<>, std::allocator<nlohmann::basic_json<> > >]	16	static
allocator.h:139:7:std::allocator< <template-parameter-1-1> >::~allocator() [with _Tp = std::vector<nlohmann::basic_json<>, std::allocator<nlohmann::basic_json<> > >]	16	static
alloc_traits.h:486:2:static void std::allocator_traits<std::allocator<_CharT> >::destroy(std::allocator_traits<std::allocator<_CharT> >::allocator_type&, _Up*) [with _Up = std::vector<nlohmann::basic_json<>, std::allocator<nlohmann::basic_json<> > >; _Tp = std::vector<nlohmann::basic_json<>, std::allocator<nlohmann::basic_json<> > >]	16	static
alloc_traits.h:461:7:static void std::allocator_traits<std::allocator<_CharT> >::deallocate(std::allocator_traits<std::allocator<_CharT> >::allocator_type&, std::allocator_traits<std::allocator<_CharT> >::pointer, std::allocator_traits<std::allocator<_CharT> >::size_type) [with _Tp = std::vector<nlohmann::basic_json<>, std::allocator<nlohmann::basic_json<> > >]	24	static
allocator.h:131:7:std::allocator< <template-parameter-1-1> >::allocator() [with _Tp = std::__cxx11::basic_string<char>]	16	static
allocator.h:139:7:std::allocator< <template-parameter-1-1> >::~allocator() [with _Tp = std::__cxx11::basic_string<char>]	16	static
alloc_traits.h:486:2:static void std::allocator_traits<std::allocator<_CharT> >::destroy(std::allocator_traits<std::allocator<_CharT> >::allocator_type&, _Up*) [with _Up = std::__cxx11::basic_string<char>; _Tp = std::__cxx11::basic_string<char>]	16	static
alloc_traits.h:461:7:static void std::allocator_traits<std::allocator<_CharT> >::deallocate(std::allocator_traits<std::allocator<_CharT> >::allocator_type&, std::allocator_traits<std::allocator<_CharT> >::pointer, std::allocator_traits<std::allocator<_CharT> >::size_type) [with _Tp = std::__cxx11::basic_string<char>]	24	static
allocator.h:131:7:std::allocator< <template-parameter-1-1> >::allocator() [with _Tp = nlohmann::byte_container_with_subtype<std::vector<unsigned char> >]	16	static
allocator.h:139:7:std::allocator< <template-parameter-1-1> >::~allocator() [with _Tp = nlohmann::byte_container_with_subtype<std::vector<unsigned char> >]	16	static
alloc_traits.h:486:2:static void std::allocator_traits<std::allocator<_CharT> >::destroy(std::allocator_traits<std::allocator<_CharT> >::allocator_type&, _Up*) [with _Up = nlohmann::byte_container_with_subtype<std::vector<unsigned char> >; _Tp = nlohmann::byte_container_with_subtype<std::vector<unsigned char> >]	16	static
alloc_traits.h:461:7:static void std::allocator_traits<std::allocator<_CharT> >::deallocate(std::allocator_traits<std::allocator<_CharT> >::allocator_type&, std::allocator_traits<std::allocator<_CharT> >::pointer, std::allocator_traits<std::allocator<_CharT> >::size_type) [with _Tp = nlohmann::byte_container_with_subtype<std::vector<unsigned char> >]	24	static
shared_ptr.h:703:5:) [with _Tp = nlohmann::detail::output_string_adapter<char, std::__cxx11::basic_string<char> >; _Args = {std::__cxx11::basic_string<char, std::char_traits<char>, std::allocator<char> >&}]	24	static
move.h:98:5:constexpr typename std::remove_reference< <template-parameter-1-1> >::type&& std::move(_Tp&&) [with _Tp = std::shared_ptr<nlohmann::detail::output_string_adapter<char, std::__cxx11::basic_string<char> > >&]	16	static
shared_ptr.h:253:2:std::shared_ptr<_Tp>::shared_ptr(std::shared_ptr<_Yp>&&) [with _Yp = nlohmann::detail::output_string_adapter<char, std::__cxx11::basic_string<char> >; <template-parameter-2-2> = void; _Tp = nlohmann::detail::output_adapter_protocol<char>]	24	static
shared_ptr_base.h:687:7:std::__shared_count<_Lp>::__shared_count(const std::__shared_count<_Lp>&) [with __gnu_cxx::_Lock_policy _Lp = (__gnu_cxx::_Lock_policy)0]	16	static
shared_ptr_base.h:1130:7:std::__shared_ptr<_Tp, _Lp>::__shared_ptr(std::__shared_ptr<_Tp, _Lp>&&) [with _Tp = nlohmann::detail::output_adapter_protocol<char>; __gnu_cxx::_Lock_policy _Lp = (__gnu_cxx::_Lock_policy)0]	16	static
stl_map.h:457:7:bool std::map<_Key, _Tp, _Compare, _Alloc>::empty() const [with _Key = std::__cxx11::basic_string<char>; _Tp = nlohmann::basic_json<>; _Compare = std::less<void>; _Alloc = std::allocator<std::pair<const std::__cxx11::basic_string<char>, nlohmann::basic_json<> > >]	16	static
shared_ptr_base.h:966:7:std::__shared_ptr_access<_Tp, _Lp, <anonymous>, <anonymous> >::element_type* std::__shared_ptr_access<_Tp, _Lp, <anonymous>, <anonymous> >::operator->() const [with _Tp = nlohmann::detail::output_adapter_protocol<char>; __gnu_cxx::_Lock_policy _Lp = (__gnu_cxx::_Lock_policy)0; bool <anonymous> = false; bool <anonymous> = false]	16	static
stl_map.h:421:7:std::map<_Key, _Tp, _Compare, _Alloc>::const_iterator std::map<_Key, _Tp, _Compare, _Alloc>::cbegin() const [with _Key = std::__cxx11::basic_string<char>; _Tp = nlohmann::basic_json<>; _Compare = std::less<void>; _Alloc = std::allocator<std::pair<const std::__cxx11::basic_string<char>, nlohmann::basic_json<> > >]	16	static
stl_tree.h:364:7:std::_Rb_tree_const_iterator<_Tp>::_Self& std::_Rb_tree_const_iterator<_Tp>::operator++() [with _Tp = std::pair<const std::__cxx11::basic_string<char>, nlohmann::basic_json<> >]	16	static
json.hpp:15817:10:void nlohmann::detail::serializer<BasicJsonType>::dump_escaped(const string_t&, bool) [with BasicJsonType = nlohmann::basic_json<>]	248	static
stl_tree.h:360:7:const _Tp* std::_Rb_tree_const_iterator<_Tp>::operator->() const [with _Tp = std::pair<const std::__cxx11::basic_string<char>, nlohmann::basic_json<> >]	16	static
stl_map.h:430:7:std::map<_Key, _Tp, _Compare, _Alloc>::const_iterator std::map<_Key, _Tp, _Compare, _Alloc>::cend() const [with _Key = std::__cxx11::basic_string<char>; _Tp = nlohmann::basic_json<>; _Compare = std::less<void>; _Alloc = std::allocator<std::pair<const std::__cxx11::basic_string<char>, nlohmann::basic_json<> > >]	16	static
stl_tree.h:398:7:bool std::_Rb_tree_const_iterator<_Tp>::operator!=(const _Self&) const [with _Tp = std::pair<const std::__cxx11::basic_string<char>, nlohmann::basic_json<> >]	16	static
stl_iterator_base_funcs.h:208:5:_ForwardIterator std::next(_ForwardIterator, typename std::iterator_traits<_Iter>::difference_type) [with _ForwardIterator = std::_Rb_tree_const_iterator<std::pair<const std::__cxx11::basic_string<char>, nlohmann::basic_json<> > >]	16	static
stl_tree.h:394:7:bool std::_Rb_tree_const_iterator<_Tp>::operator==(const _Self&) const [with _Tp = std::pair<const std::__cxx11::basic_string<char>, nlohmann::basic_json<> >]	16	static
stl_vector.h:636:7:std::vector<_Tp, _Alloc>::const_iterator std::vector<_Tp, _Alloc>::cbegin() const [with _Tp = nlohmann::basic_json<>; _Alloc = std::allocator<nlohmann::basic_json<> >]	24	static
stl_vector.h:645:7:std::vector<_Tp, _Alloc>::const_iterator std::vector<_Tp, _Alloc>::cend() const [with _Tp = nlohmann::basic_json<>; _Alloc = std::allocator<nlohmann::basic_json<> >]	24	static
stl_iterator.h:840:7:__gnu_cxx::__normal_iterator<_Iterator, _Container> __gnu_cxx::__normal_iterator<_Iterator, _Container>::operator-(__gnu_cxx::__normal_iterator<_Iterator, _Container>::difference_type) const [with _Iterator = const nlohmann::basic_json<>*; _Container = std::vector<nlohmann::basic_json<>, std::allocator<nlohmann::basic_json<> > >]	24	static
stl_iterator.h:880:5:bool __gnu_cxx::operator!=(const __gnu_cxx::__normal_iterator<_Iterator, _Container>&, const __gnu_cxx::__normal_iterator<_Iterator, _Container>&) [with _Iterator = const nlohmann::basic_json<>*; _Container = std::vector<nlohmann::basic_json<>, std::allocator<nlohmann::basic_json<> > >]	24	static
stl_iterator.h:800:7:__gnu_cxx::__normal_iterator<_Iterator, _Container>& __gnu_cxx::__normal_iterator<_Iterator, _Container>::operator++() [with _Iterator = const nlohmann::basic_json<>*; _Container = std::vector<nlohmann::basic_json<>, std::allocator<nlohmann::basic_json<> > >]	16	static
stl_iterator.h:792:7:__gnu_cxx::__normal_iterator<_Iterator, _Container>::reference __gnu_cxx::__normal_iterator<_Iterator, _Container>::operator*() const [with _Iterator = const nlohmann::basic_json<>*; _Container = std::vector<nlohmann::basic_json<>, std::allocator<nlohmann::basic_json<> > >]	16	static
stl_vector.h:759:7:bool std::vector<_Tp, _Alloc>::empty() const [with _Tp = unsigned char; _Alloc = std::allocator<unsigned char>]	24	static
stl_vector.h:636:7:std::vector<_Tp, _Alloc>::const_iterator std::vector<_Tp, _Alloc>::cbegin() const [with _Tp = unsigned char; _Alloc = std::allocator<unsigned char>]	24	static
stl_vector.h:645:7:std::vector<_Tp, _Alloc>::const_iterator std::vector<_Tp, _Alloc>::cend() const [with _Tp = unsigned char; _Alloc = std::allocator<unsigned char>]	24	static
stl_iterator.h:840:7:__gnu_cxx::__normal_iterator<_Iterator, _Container> __gnu_cxx::__normal_iterator<_Iterator, _Container>::operator-(__gnu_cxx::__normal_iterator<_Iterator, _Container>::difference_type) const [with _Iterator = const unsigned char*; _Container = std::vector<unsigned char>]	24	static
json.hpp:16113:10:void nlohmann::detail::serializer<BasicJsonType>::dump_integer(NumberType) [with NumberType = unsigned char; typename std::enable_if<((std::is_same<NumberType, typename BasicJsonType::number_unsigned_t>::value || std::is_same<NumberType, typename BasicJsonType::number_integer_t>::value) || std::is_same<NumberType, typename BasicJsonType::binary_t::value_type>::value), int>::type <anonymous> = 0; BasicJsonType = nlohmann::basic_json<>]	56	static
stl_vector.h:895:7:std::vector<_Tp, _Alloc>::reference std::vector<_Tp, _Alloc>::back() [with _Tp = unsigned char; _Alloc = std::allocator<unsigned char>]	24	static
json.hpp:16113:10:void nlohmann::detail::serializer<BasicJsonType>::dump_integer(NumberType) [with NumberType = long long int; typename std::enable_if<((std::is_same<NumberType, typename BasicJsonType::number_unsigned_t>::value || std::is_same<NumberType, typename BasicJsonType::number_integer_t>::value) || std::is_same<NumberType, typename BasicJsonType::binary_t::value_type>::value), int>::type <anonymous> = 0; BasicJsonType = nlohmann::basic_json<>]	64	static
json.hpp:16113:10:void nlohmann::detail::serializer<BasicJsonType>::dump_integer(NumberType) [with NumberType = long long unsigned int; typename std::enable_if<((std::is_same<NumberType, typename BasicJsonType::number_unsigned_t>::value || std::is_same<NumberType, typename BasicJsonType::number_integer_t>::value) || std::is_same<NumberType, typename BasicJsonType::binary_t::value_type>::value), int>::type <anonymous> = 0; BasicJsonType = nlohmann::basic_json<>]	64	static
json.hpp:16199:10:void nlohmann::detail::serializer<BasicJsonType>::dump_float(nlohmann::detail::serializer<BasicJsonType>::number_float_t) [with BasicJsonType = nlohmann::basic_json<>]	40	static
basic_string.h:232:9:void std::__cxx11::basic_string<_CharT, _Traits, _Alloc>::_M_construct_aux(_InIterator, _InIterator, std::__false_type) [with _InIterator = char*; _CharT = char; _Traits = std::char_traits<char>; _Alloc = std::allocator<char>]	40	static
json.hpp:4350:10:decltype ((nlohmann::detail::to_json(j, forward<T>(val)), void())) nlohmann::detail::to_json_fn::operator()(BasicJsonType&, T&&) const [with BasicJsonType = nlohmann::basic_json<>; T = std::__cxx11::basic_string<char>&]	24	static
stl_tree.h:996:7:std::_Rb_tree<_Key, _Val, _KeyOfValue, _Compare, _Alloc>::size_type std::_Rb_tree<_Key, _Val, _KeyOfValue, _Compare, _Alloc>::size() const [with _Key = std::__cxx11::basic_string<char>; _Val = std::pair<const std::__cxx11::basic_string<char>, nlohmann::basic_json<> >; _KeyOfValue = std::_Select1st<std::pair<const std::__cxx11::basic_string<char>, nlohmann::basic_json<> > >; _Compare = std::less<void>; _Alloc = std::allocator<std::pair<const std::__cxx11::basic_string<char>, nlohmann::basic_json<> > >]	16	static
stl_tree.h:968:7:std::_Rb_tree<_Key, _Val, _KeyOfValue, _Compare, _Alloc>::iterator std::_Rb_tree<_Key, _Val, _KeyOfValue, _Compare, _Alloc>::end() [with _Key = std::__cxx11::basic_string<char>; _Val = std::pair<const std::__cxx11::basic_string<char>, nlohmann::basic_json<> >; _KeyOfValue = std::_Select1st<std::pair<const std::__cxx11::basic_string<char>, nlohmann::basic_json<> > >; _Compare = std::less<void>; _Alloc = std::allocator<std::pair<const std::__cxx11::basic_string<char>, nlohmann::basic_json<> > >]	24	static
stl_tree.h:234:7:_Val* std::_Rb_tree_node<_Val>::_M_valptr() [with _Val = std::pair<const std::__cxx11::basic_string<char>, nlohmann::basic_json<> >]	16	static
stl_iterator.h:779:7:__gnu_cxx::__normal_iterator<_Iterator, _Container>::__normal_iterator(const _Iterator&) [with _Iterator = nlohmann::basic_json<>*; _Container = std::vector<nlohmann::basic_json<>, std::allocator<nlohmann::basic_json<> > >]	16	static
stl_iterator.h:844:7:const _Iterator& __gnu_cxx::__normal_iterator<_Iterator, _Container>::base() const [with _Iterator = nlohmann::basic_json<>*; _Container = std::vector<nlohmann::basic_json<>, std::allocator<nlohmann::basic_json<> > >]	16	static
stl_vector.h:81:14:std::_Vector_base<nlohmann::basic_json<>, std::allocator<nlohmann::basic_json<> > >::_Vector_impl::~_Vector_impl()	16	static
stl_vector.h:126:7:std::_Vector_base<_Tp, _Alloc>::_Vector_base() [with _Tp = nlohmann::basic_json<>; _Alloc = std::allocator<nlohmann::basic_json<> >]	16	static
stl_vector.h:161:7:std::_Vector_base<_Tp, _Alloc>::~_Vector_base() [with _Tp = nlohmann::basic_json<>; _Alloc = std::allocator<nlohmann::basic_json<> >]	16	static
stl_vector.h:115:7:std::_Vector_base<_Tp, _Alloc>::_Tp_alloc_type& std::_Vector_base<_Tp, _Alloc>::_M_get_Tp_allocator() [with _Tp = nlohmann::basic_json<>; _Alloc = std::allocator<nlohmann::basic_json<> >]	16	static
stl_construct.h:203:5:void std::_Destroy(_ForwardIterator, _ForwardIterator, std::allocator<_T2>&) [with _ForwardIterator = nlohmann::basic_json<>*; _Tp = nlohmann::basic_json<>]	24	static
stl_vector.h:675:7:std::vector<_Tp, _Alloc>::size_type std::vector<_Tp, _Alloc>::max_size() const [with _Tp = nlohmann::basic_json<>; _Alloc = std::allocator<nlohmann::basic_json<> >]	16	static
stl_vector.h:750:7:std::vector<_Tp, _Alloc>::size_type std::vector<_Tp, _Alloc>::capacity() const [with _Tp = nlohmann::basic_json<>; _Alloc = std::allocator<nlohmann::basic_json<> >]	16	static
stl_iterator.h:1221:5:_ReturnType std::__make_move_if_noexcept_iterator(_Tp*) [with _Tp = nlohmann::basic_json<>; _ReturnType = std::move_iterator<nlohmann::basic_json<>*>]	24	static
stl_vector.h:1257:2:std::vector<_Tp, _Alloc>::pointer std::vector<_Tp, _Alloc>::_M_allocate_and_copy(std::vector<_Tp, _Alloc>::size_type, _ForwardIterator, _ForwardIterator) [with _ForwardIterator = std::move_iterator<nlohmann::basic_json<>*>; _Tp = nlohmann::basic_json<>; _Alloc = std::allocator<nlohmann::basic_json<> >]	32	static
stl_vector.h:176:7:void std::_Vector_base<_Tp, _Alloc>::_M_deallocate(std::_Vector_base<_Tp, _Alloc>::pointer, std::size_t) [with _Tp = nlohmann::basic_json<>; _Alloc = std::allocator<nlohmann::basic_json<> >]	24	static
stl_iterator.h:464:7:std::back_insert_iterator<_Container>::back_insert_iterator(_Container&) [with _Container = std::vector<nlohmann::basic_json<>, std::allocator<nlohmann::basic_json<> > >]	16	static
cpp_type_traits.h:408:5:_Iterator std::__miter_base(_Iterator) [with _Iterator = __gnu_cxx::__normal_iterator<nlohmann::basic_json<>*, std::vector<nlohmann::basic_json<>, std::allocator<nlohmann::basic_json<> > > >]	16	static
stl_algobase.h:420:5:_OI std::__copy_move_a2(_II, _II, _OI) [with bool _IsMove = true; _II = __gnu_cxx::__normal_iterator<nlohmann::basic_json<>*, std::vector<nlohmann::basic_json<>, std::allocator<nlohmann::basic_json<> > > >; _OI = std::back_insert_iterator<std::vector<nlohmann::basic_json<>, std::allocator<nlohmann::basic_json<> > > >]	32	static
stl_tree.h:960:7:std::_Rb_tree<_Key, _Val, _KeyOfValue, _Compare, _Alloc>::iterator std::_Rb_tree<_Key, _Val, _KeyOfValue, _Compare, _Alloc>::begin() [with _Key = std::__cxx11::basic_string<char>; _Val = std::pair<const std::__cxx11::basic_string<char>, nlohmann::basic_json<> >; _KeyOfValue = std::_Select1st<std::pair<const std::__cxx11::basic_string<char>, nlohmann::basic_json<> > >; _Compare = std::less<void>; _Alloc = std::allocator<std::pair<const std::__cxx11::basic_string<char>, nlohmann::basic_json<> > >]	24	static
move.h:73:5:constexpr _Tp&& std::forward(typename std::remove_reference<_From>::type&) [with _Tp = nlohmann::basic_json<>]	16	static
vector.tcc:95:7:) [with _Args = {nlohmann::basic_json<std::map, std::vector, std::__cxx11::basic_string<char, std::char_traits<char>, std::allocator<char> >, bool, long long int, long long unsigned int, double, std::allocator, nlohmann::adl_serializer, std::vector<unsigned char, std::allocator<unsigned char> > >}; _Tp = nlohmann::basic_json<>; _Alloc = std::allocator<nlohmann::basic_json<> >]	24	static
stl_vector.h:572:7:std::vector<_Tp, _Alloc>::const_iterator std::vector<_Tp, _Alloc>::begin() const [with _Tp = nlohmann::basic_json<>; _Alloc = std::allocator<nlohmann::basic_json<> >]	24	static
stl_vector.h:590:7:std::vector<_Tp, _Alloc>::const_iterator std::vector<_Tp, _Alloc>::end() const [with _Tp = nlohmann::basic_json<>; _Alloc = std::allocator<nlohmann::basic_json<> >]	24	static
stl_iterator.h:866:5:bool __gnu_cxx::operator==(const __gnu_cxx::__normal_iterator<_Iterator, _Container>&, const __gnu_cxx::__normal_iterator<_Iterator, _Container>&) [with _Iterator = const nlohmann::basic_json<>*; _Container = std::vector<nlohmann::basic_json<>, std::allocator<nlohmann::basic_json<> > >]	24	static
stl_iterator.h:840:7:__gnu_cxx::__normal_iterator<_Iterator, _Container> __gnu_cxx::__normal_iterator<_Iterator, _Container>::operator-(__gnu_cxx::__normal_iterator<_Iterator, _Container>::difference_type) const [with _Iterator = nlohmann::basic_json<>*; _Container = std::vector<nlohmann::basic_json<>, std::allocator<nlohmann::basic_json<> > >]	24	static
alloc_traits.h:486:2:static void std::allocator_traits<std::allocator<_CharT> >::destroy(std::allocator_traits<std::allocator<_CharT> >::allocator_type&, _Up*) [with _Up = nlohmann::basic_json<>; _Tp = nlohmann::basic_json<>]	16	static
stl_vector.h:1511:7:void std::vector<_Tp, _Alloc>::_M_erase_at_end(std::vector<_Tp, _Alloc>::pointer) [with _Tp = nlohmann::basic_json<>; _Alloc = std::allocator<nlohmann::basic_json<> >]	24	static
stl_tree.h:1169:7:void std::_Rb_tree<_Key, _Val, _KeyOfValue, _Compare, _Alloc>::clear() [with _Key = std::__cxx11::basic_string<char>; _Val = std::pair<const std::__cxx11::basic_string<char>, nlohmann::basic_json<> >; _KeyOfValue = std::_Select1st<std::pair<const std::__cxx11::basic_string<char>, nlohmann::basic_json<> > >; _Compare = std::less<void>; _Alloc = std::allocator<std::pair<const std::__cxx11::basic_string<char>, nlohmann::basic_json<> > >]	16	static
new_allocator.h:79:7:__gnu_cxx::new_allocator<_Tp>::new_allocator() [with _Tp = std::map<std::__cxx11::basic_string<char>, nlohmann::basic_json<>, std::less<void>, std::allocator<std::pair<const std::__cxx11::basic_string<char>, nlohmann::basic_json<> > > >]	16	static
new_allocator.h:86:7:__gnu_cxx::new_allocator<_Tp>::~new_allocator() [with _Tp = std::map<std::__cxx11::basic_string<char>, nlohmann::basic_json<>, std::less<void>, std::allocator<std::pair<const std::__cxx11::basic_string<char>, nlohmann::basic_json<> > > >]	16	static
stl_map.h:294:7:std::map<_Key, _Tp, _Compare, _Alloc>::~map() [with _Key = std::__cxx11::basic_string<char>; _Tp = nlohmann::basic_json<>; _Compare = std::less<void>; _Alloc = std::allocator<std::pair<const std::__cxx11::basic_string<char>, nlohmann::basic_json<> > >]	16	static
new_allocator.h:140:2:void __gnu_cxx::new_allocator<_Tp>::destroy(_Up*) [with _Up = std::map<std::__cxx11::basic_string<char>, nlohmann::basic_json<>, std::less<void>, std::allocator<std::pair<const std::__cxx11::basic_string<char>, nlohmann::basic_json<> > > >; _Tp = std::map<std::__cxx11::basic_string<char>, nlohmann::basic_json<>, std::less<void>, std::allocator<std::pair<const std::__cxx11::basic_string<char>, nlohmann::basic_json<> > > >]	16	static
new_allocator.h:116:7:void __gnu_cxx::new_allocator<_Tp>::deallocate(__gnu_cxx::new_allocator<_Tp>::pointer, __gnu_cxx::new_allocator<_Tp>::size_type) [with _Tp = std::map<std::__cxx11::basic_string<char>, nlohmann::basic_json<>, std::less<void>, std::allocator<std::pair<const std::__cxx11::basic_string<char>, nlohmann::basic_json<> > > >]	24	static
new_allocator.h:79:7:__gnu_cxx::new_allocator<_Tp>::new_allocator() [with _Tp = std::vector<nlohmann::basic_json<>, std::allocator<nlohmann::basic_json<> > >]	16	static
new_allocator.h:86:7:__gnu_cxx::new_allocator<_Tp>::~new_allocator() [with _Tp = std::vector<nlohmann::basic_json<>, std::allocator<nlohmann::basic_json<> > >]	16	static
new_allocator.h:140:2:void __gnu_cxx::new_allocator<_Tp>::destroy(_Up*) [with _Up = std::vector<nlohmann::basic_json<>, std::allocator<nlohmann::basic_json<> > >; _Tp = std::vector<nlohmann::basic_json<>, std::allocator<nlohmann::basic_json<> > >]	16	static
new_allocator.h:116:7:void __gnu_cxx::new_allocator<_Tp>::deallocate(__gnu_cxx::new_allocator<_Tp>::pointer, __gnu_cxx::new_allocator<_Tp>::size_type) [with _Tp = std::vector<nlohmann::basic_json<>, std::allocator<nlohmann::basic_json<> > >]	24	static
new_allocator.h:79:7:__gnu_cxx::new_allocator<_Tp>::new_allocator() [with _Tp = std::__cxx11::basic_string<char>]	16	static
new_allocator.h:86:7:__gnu_cxx::new_allocator<_Tp>::~new_allocator() [with _Tp = std::__cxx11::basic_string<char>]	16	static
new_allocator.h:140:2:void __gnu_cxx::new_allocator<_Tp>::destroy(_Up*) [with _Up = std::__cxx11::basic_string<char>; _Tp = std::__cxx11::basic_string<char>]	16	static
new_allocator.h:116:7:void __gnu_cxx::new_allocator<_Tp>::deallocate(__gnu_cxx::new_allocator<_Tp>::pointer, __gnu_cxx::new_allocator<_Tp>::size_type) [with _Tp = std::__cxx11::basic_string<char>]	24	static
new_allocator.h:79:7:__gnu_cxx::new_allocator<_Tp>::new_allocator() [with _Tp = nlohmann::byte_container_with_subtype<std::vector<unsigned char> >]	16	static
new_allocator.h:86:7:__gnu_cxx::new_allocator<_Tp>::~new_allocator() [with _Tp = nlohmann::byte_container_with_subtype<std::vector<unsigned char> >]	16	static
json.hpp:4433:7:nlohmann::byte_container_with_subtype<std::vector<unsigned char> >::~byte_container_with_subtype()	16	static
new_allocator.h:140:2:void __gnu_cxx::new_allocator<_Tp>::destroy(_Up*) [with _Up = nlohmann::byte_container_with_subtype<std::vector<unsigned char> >; _Tp = nlohmann::byte_container_with_subtype<std::vector<unsigned char> >]	16	static
new_allocator.h:116:7:void __gnu_cxx::new_allocator<_Tp>::deallocate(__gnu_cxx::new_allocator<_Tp>::pointer, __gnu_cxx::new_allocator<_Tp>::size_type) [with _Tp = nlohmann::byte_container_with_subtype<std::vector<unsigned char> >]	24	static
move.h:73:5:constexpr _Tp&& std::forward(typename std::remove_reference<_From>::type&) [with _Tp = const std::__cxx11::basic_string<char>&]	16	static
alloc_traits.h:474:2:) [with _Up = std::__cxx11::basic_string<char>; _Args = {const std::__cxx11::basic_string<char, std::char_traits<char>, std::allocator<char> >&}; _Tp = std::__cxx11::basic_string<char>]	24	static
allocator.h:131:7:std::allocator< <template-parameter-1-1> >::allocator() [with _Tp = nlohmann::detail::output_string_adapter<char, std::__cxx11::basic_string<char> >]	16	static
allocator.h:139:7:std::allocator< <template-parameter-1-1> >::~allocator() [with _Tp = nlohmann::detail::output_string_adapter<char, std::__cxx11::basic_string<char> >]	16	static
shared_ptr.h:688:5:) [with _Tp = nlohmann::detail::output_string_adapter<char, std::__cxx11::basic_string<char> >; _Alloc = std::allocator<nlohmann::detail::output_string_adapter<char, std::__cxx11::basic_string<char> > >; _Args = {std::__cxx11::basic_string<char, std::char_traits<char>, std::allocator<char> >&}]	40	static
shared_ptr_base.h:1138:2:std::__shared_ptr<_Tp, _Lp>::__shared_ptr(std::__shared_ptr<_Yp, _Lp>&&) [with _Yp = nlohmann::detail::output_string_adapter<char, std::__cxx11::basic_string<char> >; <template-parameter-2-2> = void; _Tp = nlohmann::detail::output_adapter_protocol<char>; __gnu_cxx::_Lock_policy _Lp = (__gnu_cxx::_Lock_policy)0]	16	static
shared_ptr_base.h:575:17:constexpr std::__shared_count<_Lp>::__shared_count() [with __gnu_cxx::_Lock_policy _Lp = (__gnu_cxx::_Lock_policy)0]	16	static
shared_ptr_base.h:710:7:void std::__shared_count<_Lp>::_M_swap(std::__shared_count<_Lp>&) [with __gnu_cxx::_Lock_policy _Lp = (__gnu_cxx::_Lock_policy)0]	24	static
stl_tree.h:992:7:bool std::_Rb_tree<_Key, _Val, _KeyOfValue, _Compare, _Alloc>::empty() const [with _Key = std::__cxx11::basic_string<char>; _Val = std::pair<const std::__cxx11::basic_string<char>, nlohmann::basic_json<> >; _KeyOfValue = std::_Select1st<std::pair<const std::__cxx11::basic_string<char>, nlohmann::basic_json<> > >; _Compare = std::less<void>; _Alloc = std::allocator<std::pair<const std::__cxx11::basic_string<char>, nlohmann::basic_json<> > >]	16	static
shared_ptr_base.h:974:7:std::__shared_ptr_access<_Tp, _Lp, <anonymous>, <anonymous> >::element_type* std::__shared_ptr_access<_Tp, _Lp, <anonymous>, <anonymous> >::_M_get() const [with _Tp = nlohmann::detail::output_adapter_protocol<char>; __gnu_cxx::_Lock_policy _Lp = (__gnu_cxx::_Lock_policy)0; bool <anonymous> = false; bool <anonymous> = false]	16	static
stl_tree.h:964:7:std::_Rb_tree<_Key, _Val, _KeyOfValue, _Compare, _Alloc>::const_iterator std::_Rb_tree<_Key, _Val, _KeyOfValue, _Compare, _Alloc>::begin() const [with _Key = std::__cxx11::basic_string<char>; _Val = std::pair<const std::__cxx11::basic_string<char>, nlohmann::basic_json<> >; _KeyOfValue = std::_Select1st<std::pair<const std::__cxx11::basic_string<char>, nlohmann::basic_json<> > >; _Compare = std::less<void>; _Alloc = std::allocator<std::pair<const std::__cxx11::basic_string<char>, nlohmann::basic_json<> > >]	24	static
array:189:7:constexpr const value_type& std::array<_Tp, _Nm>::operator[](std::array<_Tp, _Nm>::size_type) const [with _Tp = unsigned char; unsigned int _Nm = 400]	16	static
json.hpp:16298:25:static uint8_t nlohmann::detail::serializer<BasicJsonType>::decode(uint8_t&, uint32_t&, uint8_t) [with BasicJsonType = nlohmann::basic_json<>]	32	static
array:185:7:std::array<_Tp, _Nm>::value_type& std::array<_Tp, _Nm>::operator[](std::array<_Tp, _Nm>::size_type) [with _Tp = char; unsigned int _Nm = 512]	16	static
array:234:7:std::array<_Tp, _Nm>::value_type* std::array<_Tp, _Nm>::data() [with _Tp = char; unsigned int _Nm = 512]	16	static
array:175:7:constexpr std::array<_Tp, _Nm>::size_type std::array<_Tp, _Nm>::size() const [with _Tp = char; unsigned int _Nm = 512]	16	static
json.hpp:14296:31:static constexpr CharType nlohmann::detail::binary_writer<BasicJsonType, CharType>::to_char_type(uint8_t) [with C = char; nlohmann::detail::enable_if_t<std::is_unsigned<NumberType>::value>* <anonymous> = 0; BasicJsonType = nlohmann::basic_json<>; CharType = char]	16	static
stl_tree.h:238:7:const _Val* std::_Rb_tree_node<_Val>::_M_valptr() const [with _Val = std::pair<const std::__cxx11::basic_string<char>, nlohmann::basic_json<> >]	16	static
stl_tree.h:972:7:std::_Rb_tree<_Key, _Val, _KeyOfValue, _Compare, _Alloc>::const_iterator std::_Rb_tree<_Key, _Val, _KeyOfValue, _Compare, _Alloc>::end() const [with _Key = std::__cxx11::basic_string<char>; _Val = std::pair<const std::__cxx11::basic_string<char>, nlohmann::basic_json<> >; _KeyOfValue = std::_Select1st<std::pair<const std::__cxx11::basic_string<char>, nlohmann::basic_json<> > >; _Compare = std::less<void>; _Alloc = std::allocator<std::pair<const std::__cxx11::basic_string<char>, nlohmann::basic_json<> > >]	24	static
stl_iterator_base_types.h:205:5:constexpr typename std::iterator_traits<_Iterator>::iterator_category std::__iterator_category(const _Iter&) [with _Iter = std::_Rb_tree_const_iterator<std::pair<const std::__cxx11::basic_string<char>, nlohmann::basic_json<> > >]	16	static
stl_iterator_base_funcs.h:197:5:void std::advance(_InputIterator&, _Distance) [with _InputIterator = std::_Rb_tree_const_iterator<std::pair<const std::__cxx11::basic_string<char>, nlohmann::basic_json<> > >; _Distance = int]	32	static
stl_iterator.h:779:7:__gnu_cxx::__normal_iterator<_Iterator, _Container>::__normal_iterator(const _Iterator&) [with _Iterator = const nlohmann::basic_json<>*; _Container = std::vector<nlohmann::basic_json<>, std::allocator<nlohmann::basic_json<> > >]	16	static
stl_iterator.h:844:7:const _Iterator& __gnu_cxx::__normal_iterator<_Iterator, _Container>::base() const [with _Iterator = const nlohmann::basic_json<>*; _Container = std::vector<nlohmann::basic_json<>, std::allocator<nlohmann::basic_json<> > >]	16	static
stl_iterator.h:866:5:bool __gnu_cxx::operator==(const __gnu_cxx::__normal_iterator<_Iterator, _Container>&, const __gnu_cxx::__normal_iterator<_Iterator, _Container>&) [with _Iterator = const unsigned char*; _Container = std::vector<unsigned char>]	24	static
array:126:7:std::array<_Tp, _Nm>::value_type* std::array<_Tp, _Nm>::begin() [with _Tp = char; unsigned int _Nm = 64]	16	static
json.hpp:16352:30:nlohmann::detail::serializer<BasicJsonType>::number_unsigned_t nlohmann::detail::serializer<BasicJsonType>::remove_sign(nlohmann::detail::serializer<BasicJsonType>::number_integer_t) [with BasicJsonType = nlohmann::basic_json<>]	32	static
json.hpp:16073:25:unsigned int nlohmann::detail::serializer<BasicJsonType>::count_digits(nlohmann::detail::serializer<BasicJsonType>::number_unsigned_t) [with BasicJsonType = nlohmann::basic_json<>]	40	static
array:175:7:constexpr std::array<_Tp, _Nm>::size_type std::array<_Tp, _Nm>::size() const [with _Tp = char; unsigned int _Nm = 64]	16	static
array:189:7:constexpr const value_type& std::array<_Tp, _Nm>::operator[](std::array<_Tp, _Nm>::size_type) const [with _Tp = std::array<char, 2>; unsigned int _Nm = 100]	16	static
array:189:7:constexpr const value_type& std::array<_Tp, _Nm>::operator[](std::array<_Tp, _Nm>::size_type) const [with _Tp = char; unsigned int _Nm = 2]	16	static
array:234:7:std::array<_Tp, _Nm>::value_type* std::array<_Tp, _Nm>::data() [with _Tp = char; unsigned int _Nm = 64]	16	static
stl_vector.h:581:7:std::vector<_Tp, _Alloc>::iterator std::vector<_Tp, _Alloc>::end() [with _Tp = unsigned char; _Alloc = std::allocator<unsigned char>]	24	static
stl_iterator.h:840:7:__gnu_cxx::__normal_iterator<_Iterator, _Container> __gnu_cxx::__normal_iterator<_Iterator, _Container>::operator-(__gnu_cxx::__normal_iterator<_Iterator, _Container>::difference_type) const [with _Iterator = unsigned char*; _Container = std::vector<unsigned char>]	24	static
stl_iterator.h:792:7:__gnu_cxx::__normal_iterator<_Iterator, _Container>::reference __gnu_cxx::__normal_iterator<_Iterator, _Container>::operator*() const [with _Iterator = unsigned char*; _Container = std::vector<unsigned char>]	16	static
json.hpp:16220:10:void nlohmann::detail::serializer<BasicJsonType>::dump_float(nlohmann::detail::serializer<BasicJsonType>::number_float_t, std::true_type) [with BasicJsonType = nlohmann::basic_json<>]	32	static
basic_string.tcc:206:7:void std::__cxx11::basic_string<_CharT, _Traits, _Alloc>::_M_construct(_InIterator, _InIterator, std::forward_iterator_tag) [with _FwdIterator = char*; _CharT = char; _Traits = std::char_traits<char>; _Alloc = std::allocator<char>]	32	static
json.hpp:4220:6:void nlohmann::detail::to_json(BasicJsonType&, const CompatibleString&) [with BasicJsonType = nlohmann::basic_json<>; CompatibleString = std::__cxx11::basic_string<char>; typename std::enable_if<std::is_constructible<typename BasicJsonType::string_t, CompatibleStringType>::value, int>::type <anonymous> = 0]	16	static
stl_tree.h:273:7:std::_Rb_tree_iterator<_Tp>::_Rb_tree_iterator(std::_Rb_tree_iterator<_Tp>::_Base_ptr) [with _Tp = std::pair<const std::__cxx11::basic_string<char>, nlohmann::basic_json<> >]	16	static
aligned_buffer.h:70:7:_Tp* __gnu_cxx::__aligned_membuf<_Tp>::_M_ptr() [with _Tp = std::pair<const std::__cxx11::basic_string<char>, nlohmann::basic_json<> >]	16	static
stl_vector.h:88:2:std::_Vector_base<_Tp, _Alloc>::_Vector_impl::_Vector_impl() [with _Tp = nlohmann::basic_json<>; _Alloc = std::allocator<nlohmann::basic_json<> >]	16	static
allocator.h:139:7:std::allocator< <template-parameter-1-1> >::~allocator() [with _Tp = nlohmann::basic_json<>]	16	static
stl_construct.h:127:5:void std::_Destroy(_ForwardIterator, _ForwardIterator) [with _ForwardIterator = nlohmann::basic_json<>*]	16	static
alloc_traits.h:495:7:static std::allocator_traits<std::allocator<_CharT> >::size_type std::allocator_traits<std::allocator<_CharT> >::max_size(const allocator_type&) [with _Tp = nlohmann::basic_json<>]	16	static
stl_vector.h:119:7:const _Tp_alloc_type& std::_Vector_base<_Tp, _Alloc>::_M_get_Tp_allocator() const [with _Tp = nlohmann::basic_json<>; _Alloc = std::allocator<nlohmann::basic_json<> >]	16	static
stl_iterator.h:1036:7:std::move_iterator<_Iterator>::move_iterator(std::move_iterator<_Iterator>::iterator_type) [with _Iterator = nlohmann::basic_json<>*]	16	static
stl_vector.h:169:7:std::_Vector_base<_Tp, _Alloc>::pointer std::_Vector_base<_Tp, _Alloc>::_M_allocate(std::size_t) [with _Tp = nlohmann::basic_json<>; _Alloc = std::allocator<nlohmann::basic_json<> >]	16	static
stl_uninitialized.h:287:5:_ForwardIterator std::__uninitialized_copy_a(_InputIterator, _InputIterator, _ForwardIterator, std::allocator<_Tp>&) [with _InputIterator = std::move_iterator<nlohmann::basic_json<>*>; _ForwardIterator = nlohmann::basic_json<>*; _Tp = nlohmann::basic_json<>]	24	static
alloc_traits.h:461:7:static void std::allocator_traits<std::allocator<_CharT> >::deallocate(std::allocator_traits<std::allocator<_CharT> >::allocator_type&, std::allocator_traits<std::allocator<_CharT> >::pointer, std::allocator_traits<std::allocator<_CharT> >::size_type) [with _Tp = nlohmann::basic_json<>]	24	static
move.h:47:5:constexpr _Tp* std::__addressof(_Tp&) [with _Tp = std::vector<nlohmann::basic_json<>, std::allocator<nlohmann::basic_json<> > >]	16	static
stl_iterator.h:983:5:_Iterator std::__niter_base(__gnu_cxx::__normal_iterator<_Iterator, _Container>) [with _Iterator = nlohmann::basic_json<>*; _Container = std::vector<nlohmann::basic_json<>, std::allocator<nlohmann::basic_json<> > >]	16	static
stl_algobase.h:277:5:_Iterator std::__niter_base(_Iterator) [with _Iterator = std::back_insert_iterator<std::vector<nlohmann::basic_json<>, std::allocator<nlohmann::basic_json<> > > >]	16	static
stl_algobase.h:375:5:_OI std::__copy_move_a(_II, _II, _OI) [with bool _IsMove = true; _II = nlohmann::basic_json<>*; _OI = std::back_insert_iterator<std::vector<nlohmann::basic_json<>, std::allocator<nlohmann::basic_json<> > > >]	32	static
alloc_traits.h:474:2:) [with _Up = nlohmann::basic_json<>; _Args = {nlohmann::basic_json<std::map, std::vector, std::__cxx11::basic_string<char, std::char_traits<char>, std::allocator<char> >, bool, long long int, long long unsigned int, double, std::allocator, nlohmann::adl_serializer, std::vector<unsigned char, std::allocator<unsigned char> > >}; _Tp = nlohmann::basic_json<>]	24	static
vector.tcc:394:7:) [with _Args = {nlohmann::basic_json<std::map, std::vector, std::__cxx11::basic_string<char, std::char_traits<char>, std::allocator<char> >, bool, long long int, long long unsigned int, double, std::allocator, nlohmann::adl_serializer, std::vector<unsigned char, std::allocator<unsigned char> > >}; _Tp = nlohmann::basic_json<>; _Alloc = std::allocator<nlohmann::basic_json<> >]	56	static
new_allocator.h:140:2:void __gnu_cxx::new_allocator<_Tp>::destroy(_Up*) [with _Up = nlohmann::basic_json<>; _Tp = nlohmann::basic_json<>]	16	static
stl_tree.h:1850:5:void std::_Rb_tree<_Key, _Val, _KeyOfValue, _Compare, _Alloc>::_M_erase(std::_Rb_tree<_Key, _Val, _KeyOfValue, _Compare, _Alloc>::_Link_type) [with _Key = std::__cxx11::basic_string<char>; _Val = std::pair<const std::__cxx11::basic_string<char>, nlohmann::basic_json<> >; _KeyOfValue = std::_Select1st<std::pair<const std::__cxx11::basic_string<char>, nlohmann::basic_json<> > >; _Compare = std::less<void>; _Alloc = std::allocator<std::pair<const std::__cxx11::basic_string<char>, nlohmann::basic_json<> > >]	24	static
stl_tree.h:736:7:std::_Rb_tree_node<_Val>* std::_Rb_tree<_Key, _Val, _KeyOfValue, _Compare, _Alloc>::_M_begin() [with _Key = std::__cxx11::basic_string<char>; _Val = std::pair<const std::__cxx11::basic_string<char>, nlohmann::basic_json<> >; _KeyOfValue = std::_Select1st<std::pair<const std::__cxx11::basic_string<char>, nlohmann::basic_json<> > >; _Compare = std::less<void>; _Alloc = std::allocator<std::pair<const std::__cxx11::basic_string<char>, nlohmann::basic_json<> > >]	16	static
stl_tree.h:677:16:std::_Rb_tree<std::__cxx11::basic_string<char>, std::pair<const std::__cxx11::basic_string<char>, nlohmann::basic_json<> >, std::_Select1st<std::pair<const std::__cxx11::basic_string<char>, nlohmann::basic_json<> > >, std::less<void>, std::allocator<std::pair<const std::__cxx11::basic_string<char>, nlohmann::basic_json<> > > >::_Rb_tree_impl<std::less<void>, true>::~_Rb_tree_impl()	16	static
stl_tree.h:948:7:std::_Rb_tree<_Key, _Val, _KeyOfValue, _Compare, _Alloc>::~_Rb_tree() [with _Key = std::__cxx11::basic_string<char>; _Val = std::pair<const std::__cxx11::basic_string<char>, nlohmann::basic_json<> >; _KeyOfValue = std::_Select1st<std::pair<const std::__cxx11::basic_string<char>, nlohmann::basic_json<> > >; _Compare = std::less<void>; _Alloc = std::allocator<std::pair<const std::__cxx11::basic_string<char>, nlohmann::basic_json<> > >]	16	static
stl_vector.h:433:7:std::vector<_Tp, _Alloc>::~vector() [with _Tp = unsigned char; _Alloc = std::allocator<unsigned char>]	24	static
new_allocator.h:135:2:) [with _Up = std::__cxx11::basic_string<char>; _Args = {const std::__cxx11::basic_string<char, std::char_traits<char>, std::allocator<char> >&}; _Tp = std::__cxx11::basic_string<char>]	40	static
new_allocator.h:79:7:__gnu_cxx::new_allocator<_Tp>::new_allocator() [with _Tp = nlohmann::detail::output_string_adapter<char, std::__cxx11::basic_string<char> >]	16	static
new_allocator.h:86:7:__gnu_cxx::new_allocator<_Tp>::~new_allocator() [with _Tp = nlohmann::detail::output_string_adapter<char, std::__cxx11::basic_string<char> >]	16	static
shared_ptr.h:342:2:) [with _Alloc = std::allocator<nlohmann::detail::output_string_adapter<char, std::__cxx11::basic_string<char> > >; _Args = {std::__cxx11::basic_string<char, std::char_traits<char>, std::allocator<char> >&}; _Tp = nlohmann::detail::output_string_adapter<char, std::__cxx11::basic_string<char> >]	32	static
shared_ptr_base.h:1257:7:std::__shared_ptr<_Tp, _Lp>::element_type* std::__shared_ptr<_Tp, _Lp>::get() const [with _Tp = nlohmann::detail::output_adapter_protocol<char>; __gnu_cxx::_Lock_policy _Lp = (__gnu_cxx::_Lock_policy)0]	16	static
stl_tree.h:345:7:std::_Rb_tree_const_iterator<_Tp>::_Rb_tree_const_iterator(std::_Rb_tree_const_iterator<_Tp>::_Base_ptr) [with _Tp = std::pair<const std::__cxx11::basic_string<char>, nlohmann::basic_json<> >]	16	static
array:55:7:static constexpr _Tp& std::__array_traits<_Tp, _Nm>::_S_ref(const _Tp (&)[_Nm], std::size_t) [with _Tp = unsigned char; unsigned int _Nm = 400]	16	static
array:55:7:static constexpr _Tp& std::__array_traits<_Tp, _Nm>::_S_ref(const _Tp (&)[_Nm], std::size_t) [with _Tp = char; unsigned int _Nm = 512]	16	static
array:59:7:static constexpr _Tp* std::__array_traits<_Tp, _Nm>::_S_ptr(const _Tp (&)[_Nm]) [with _Tp = char; unsigned int _Nm = 512]	16	static
aligned_buffer.h:74:7:const _Tp* __gnu_cxx::__aligned_membuf<_Tp>::_M_ptr() const [with _Tp = std::pair<const std::__cxx11::basic_string<char>, nlohmann::basic_json<> >]	16	static
stl_iterator_base_funcs.h:158:5:constexpr void std::__advance(_BidirectionalIterator&, _Distance, std::bidirectional_iterator_tag) [with _BidirectionalIterator = std::_Rb_tree_const_iterator<std::pair<const std::__cxx11::basic_string<char>, nlohmann::basic_json<> > >; _Distance = int]	24	static
array:55:7:static constexpr _Tp& std::__array_traits<_Tp, _Nm>::_S_ref(const _Tp (&)[_Nm], std::size_t) [with _Tp = std::array<char, 2>; unsigned int _Nm = 100]	16	static
array:55:7:static constexpr _Tp& std::__array_traits<_Tp, _Nm>::_S_ref(const _Tp (&)[_Nm], std::size_t) [with _Tp = char; unsigned int _Nm = 2]	16	static
array:59:7:static constexpr _Tp* std::__array_traits<_Tp, _Nm>::_S_ptr(const _Tp (&)[_Nm]) [with _Tp = char; unsigned int _Nm = 64]	16	static
stl_iterator.h:779:7:__gnu_cxx::__normal_iterator<_Iterator, _Container>::__normal_iterator(const _Iterator&) [with _Iterator = unsigned char*; _Container = std::vector<unsigned char>]	16	static
json.hpp:15399:7:char* nlohmann::detail::to_chars(char*, const char*, FloatType) [with FloatType = double]	48	static
type_traits.h:152:5:bool __gnu_cxx::__is_null_pointer(_Type*) [with _Type = char]	16	static
stl_iterator_base_types.h:205:5:constexpr typename std::iterator_traits<_Iterator>::iterator_category std::__iterator_category(const _Iter&) [with _Iter = char*]	16	static
stl_iterator_base_funcs.h:138:5:typename std::iterator_traits<_Iterator>::difference_type std::distance(_InputIterator, _InputIterator) [with _InputIterator = char*]	32	static
json.hpp:4032:17:static void nlohmann::detail::external_constructor<(nlohmann::detail::value_t)3>::construct(BasicJsonType&, const typename BasicJsonType::string_t&) [with BasicJsonType = nlohmann::basic_json<>]	32	static
aligned_buffer.h:62:7:void* __gnu_cxx::__aligned_membuf<_Tp>::_M_addr() [with _Tp = std::pair<const std::__cxx11::basic_string<char>, nlohmann::basic_json<> >]	16	static
alloc_traits.h:435:7:static _Tp* std::allocator_traits<std::allocator<_CharT> >::allocate(std::allocator_traits<std::allocator<_CharT> >::allocator_type&, std::allocator_traits<std::allocator<_CharT> >::size_type) [with _Tp = std::__cxx11::basic_string<char>]	16	static
json.hpp:17551:9:nlohmann::basic_json<ObjectType, ArrayType, StringType, BooleanType, NumberIntegerType, NumberUnsignedType, NumberFloatType, AllocatorType, JSONSerializer, BinaryType>::json_value::json_value(const string_t&) [with ObjectType = std::map; ArrayType = std::vector; StringType = std::__cxx11::basic_string<char>; BooleanType = bool; NumberIntegerType = long long int; NumberUnsignedType = long long unsigned int; NumberFloatType = double; AllocatorType = std::allocator; JSONSerializer = nlohmann::adl_serializer; BinaryType = std::vector<unsigned char>]	16	static
allocator.h:131:7:std::allocator< <template-parameter-1-1> >::allocator() [with _Tp = nlohmann::basic_json<>]	16	static
new_allocator.h:86:7:__gnu_cxx::new_allocator<_Tp>::~new_allocator() [with _Tp = nlohmann::basic_json<>]	16	static
move.h:47:5:constexpr _Tp* std::__addressof(_Tp&) [with _Tp = nlohmann::basic_json<>]	16	static
stl_construct.h:105:9:static void std::_Destroy_aux<<anonymous> >::__destroy(_ForwardIterator, _ForwardIterator) [with _ForwardIterator = nlohmann::basic_json<>*; bool <anonymous> = false]	16	static
new_allocator.h:129:7:__gnu_cxx::new_allocator<_Tp>::size_type __gnu_cxx::new_allocator<_Tp>::max_size() const [with _Tp = nlohmann::basic_json<>]	16	static
alloc_traits.h:435:7:static _Tp* std::allocator_traits<std::allocator<_CharT> >::allocate(std::allocator_traits<std::allocator<_CharT> >::allocator_type&, std::allocator_traits<std::allocator<_CharT> >::size_type) [with _Tp = nlohmann::basic_json<>]	16	static
stl_uninitialized.h:115:5:_ForwardIterator std::uninitialized_copy(_InputIterator, _InputIterator, _ForwardIterator) [with _InputIterator = std::move_iterator<nlohmann::basic_json<>*>; _ForwardIterator = nlohmann::basic_json<>*]	32	static
new_allocator.h:116:7:void __gnu_cxx::new_allocator<_Tp>::deallocate(__gnu_cxx::new_allocator<_Tp>::pointer, __gnu_cxx::new_allocator<_Tp>::size_type) [with _Tp = nlohmann::basic_json<>]	24	static
stl_algobase.h:338:9:static _OI std::__copy_move<true, false, std::random_access_iterator_tag>::__copy_m(_II, _II, _OI) [with _II = nlohmann::basic_json<>*; _OI = std::back_insert_iterator<std::vector<nlohmann::basic_json<>, std::allocator<nlohmann::basic_json<> > > >]	40	static
new_allocator.h:135:2:) [with _Up = nlohmann::basic_json<>; _Args = {nlohmann::basic_json<std::map, std::vector, std::__cxx11::basic_string<char, std::char_traits<char>, std::allocator<char> >, bool, long long int, long long unsigned int, double, std::allocator, nlohmann::adl_serializer, std::vector<unsigned char, std::allocator<unsigned char> > >}; _Tp = nlohmann::basic_json<>]	32	static
stl_vector.h:1497:7:std::vector<_Tp, _Alloc>::size_type std::vector<_Tp, _Alloc>::_M_check_len(std::vector<_Tp, _Alloc>::size_type, const char*) const [with _Tp = nlohmann::basic_json<>; _Alloc = std::allocator<nlohmann::basic_json<> >]	40	static
stl_iterator.h:962:5:typename __gnu_cxx::__normal_iterator<_Iterator, _Container>::difference_type __gnu_cxx::operator-(const __gnu_cxx::__normal_iterator<_Iterator, _Container>&, const __gnu_cxx::__normal_iterator<_Iterator, _Container>&) [with _Iterator = nlohmann::basic_json<>*; _Container = std::vector<nlohmann::basic_json<>, std::allocator<nlohmann::basic_json<> > >]	24	static
stl_uninitialized.h:305:5:_ForwardIterator std::__uninitialized_move_if_noexcept_a(_InputIterator, _InputIterator, _ForwardIterator, _Allocator&) [with _InputIterator = nlohmann::basic_json<>*; _ForwardIterator = nlohmann::basic_json<>*; _Allocator = std::allocator<nlohmann::basic_json<> >]	32	static
stl_tree.h:771:7:static std::_Rb_tree_node<_Val>* std::_Rb_tree<_Key, _Val, _KeyOfValue, _Compare, _Alloc>::_S_right(std::_Rb_tree<_Key, _Val, _KeyOfValue, _Compare, _Alloc>::_Base_ptr) [with _Key = std::__cxx11::basic_string<char>; _Val = std::pair<const std::__cxx11::basic_string<char>, nlohmann::basic_json<> >; _KeyOfValue = std::_Select1st<std::pair<const std::__cxx11::basic_string<char>, nlohmann::basic_json<> > >; _Compare = std::less<void>; _Alloc = std::allocator<std::pair<const std::__cxx11::basic_string<char>, nlohmann::basic_json<> > >]	16	static
stl_tree.h:763:7:static std::_Rb_tree_node<_Val>* std::_Rb_tree<_Key, _Val, _KeyOfValue, _Compare, _Alloc>::_S_left(std::_Rb_tree<_Key, _Val, _KeyOfValue, _Compare, _Alloc>::_Base_ptr) [with _Key = std::__cxx11::basic_string<char>; _Val = std::pair<const std::__cxx11::basic_string<char>, nlohmann::basic_json<> >; _KeyOfValue = std::_Select1st<std::pair<const std::__cxx11::basic_string<char>, nlohmann::basic_json<> > >; _Compare = std::less<void>; _Alloc = std::allocator<std::pair<const std::__cxx11::basic_string<char>, nlohmann::basic_json<> > >]	16	static
stl_tree.h:656:7:void std::_Rb_tree<_Key, _Val, _KeyOfValue, _Compare, _Alloc>::_M_drop_node(std::_Rb_tree<_Key, _Val, _KeyOfValue, _Compare, _Alloc>::_Link_type) [with _Key = std::__cxx11::basic_string<char>; _Val = std::pair<const std::__cxx11::basic_string<char>, nlohmann::basic_json<> >; _KeyOfValue = std::_Select1st<std::pair<const std::__cxx11::basic_string<char>, nlohmann::basic_json<> > >; _Compare = std::less<void>; _Alloc = std::allocator<std::pair<const std::__cxx11::basic_string<char>, nlohmann::basic_json<> > >]	16	static
allocator.h:139:7:std::allocator< <template-parameter-1-1> >::~allocator() [with _Tp = std::_Rb_tree_node<std::pair<const std::__cxx11::basic_string<char>, nlohmann::basic_json<> > >]	16	static
stl_vector.h:81:14:std::_Vector_base<unsigned char, std::allocator<unsigned char> >::_Vector_impl::~_Vector_impl()	16	static
stl_vector.h:161:7:std::_Vector_base<_Tp, _Alloc>::~_Vector_base() [with _Tp = unsigned char; _Alloc = std::allocator<unsigned char>]	16	static
stl_vector.h:115:7:std::_Vector_base<_Tp, _Alloc>::_Tp_alloc_type& std::_Vector_base<_Tp, _Alloc>::_M_get_Tp_allocator() [with _Tp = unsigned char; _Alloc = std::allocator<unsigned char>]	16	static
stl_construct.h:203:5:void std::_Destroy(_ForwardIterator, _ForwardIterator, std::allocator<_T2>&) [with _ForwardIterator = unsigned char*; _Tp = unsigned char]	24	static
shared_ptr_base.h:1305:16:std::__shared_ptr<nlohmann::detail::output_string_adapter<char, std::__cxx11::basic_string<char> >, (__gnu_cxx::_Lock_policy)0>::_Deleter<std::allocator<nlohmann::detail::output_string_adapter<char, std::__cxx11::basic_string<char> > > >::~_Deleter()	16	static
shared_ptr_base.h:1305:16:std::__shared_ptr<nlohmann::detail::output_string_adapter<char, std::__cxx11::basic_string<char> >, (__gnu_cxx::_Lock_policy)0>::_Deleter<std::allocator<nlohmann::detail::output_string_adapter<char, std::__cxx11::basic_string<char> > > >::_Deleter(const std::__shared_ptr<nlohmann::detail::output_string_adapter<char, std::__cxx11::basic_string<char> >, (__gnu_cxx::_Lock_policy)0>::_Deleter<std::allocator<nlohmann::detail::output_string_adapter<char, std::__cxx11::basic_string<char> > > >&)	16	static
shared_ptr_base.h:1316:2:) [with _Alloc = std::allocator<nlohmann::detail::output_string_adapter<char, std::__cxx11::basic_string<char> > >; _Args = {std::__cxx11::basic_string<char, std::char_traits<char>, std::allocator<char> >&}; _Tp = nlohmann::detail::output_string_adapter<char, std::__cxx11::basic_string<char> >; __gnu_cxx::_Lock_policy _Lp = (__gnu_cxx::_Lock_policy)0]	56	static
aligned_buffer.h:66:7:const void* __gnu_cxx::__aligned_membuf<_Tp>::_M_addr() const [with _Tp = std::pair<const std::__cxx11::basic_string<char>, nlohmann::basic_json<> >]	16	static
stl_tree.h:379:7:std::_Rb_tree_const_iterator<_Tp>::_Self& std::_Rb_tree_const_iterator<_Tp>::operator--() [with _Tp = std::pair<const std::__cxx11::basic_string<char>, nlohmann::basic_json<> >]	16	static
json.hpp:15222:6:void nlohmann::detail::dtoa_impl::grisu2(char*, int&, int&, FloatType) [with FloatType = double]	136	static
stl_iterator_base_funcs.h:98:5:constexpr typename std::iterator_traits<_Iterator>::difference_type std::__distance(_RandomAccessIterator, _RandomAccessIterator, std::random_access_iterator_tag) [with _RandomAccessIterator = char*]	24	static
new_allocator.h:99:7:_Tp* __gnu_cxx::new_allocator<_Tp>::allocate(__gnu_cxx::new_allocator<_Tp>::size_type, const void*) [with _Tp = std::__cxx11::basic_string<char>]	24	static
json.hpp:17411:38:)::<lambda(T*)> [with T = std::__cxx11::basic_string<char>; Args = {const std::__cxx11::basic_string<char, std::char_traits<char>, std::allocator<char> >&}; ObjectType = std::map; ArrayType = std::vector; StringType = std::__cxx11::basic_string<char>; BooleanType = bool; NumberIntegerType = long long int; NumberUnsignedType = long long unsigned int; NumberFloatType = double; AllocatorType = std::allocator; JSONSerializer = nlohmann::adl_serializer; BinaryType = std::vector<unsigned char>]	16	static
json.hpp:17406:15:) [with T = std::__cxx11::basic_string<char>; Args = {const std::__cxx11::basic_string<char, std::char_traits<char>, std::allocator<char> >&}; ObjectType = std::map; ArrayType = std::vector; StringType = std::__cxx11::basic_string<char>; BooleanType = bool; NumberIntegerType = long long int; NumberUnsignedType = long long unsigned int; NumberFloatType = double; AllocatorType = std::allocator; JSONSerializer = nlohmann::adl_serializer; BinaryType = std::vector<unsigned char>]	40	static
new_allocator.h:79:7:__gnu_cxx::new_allocator<_Tp>::new_allocator() [with _Tp = nlohmann::basic_json<>]	16	static
stl_construct.h:97:5:void std::_Destroy(_Tp*) [with _Tp = nlohmann::basic_json<>]	16	static
new_allocator.h:99:7:_Tp* __gnu_cxx::new_allocator<_Tp>::allocate(__gnu_cxx::new_allocator<_Tp>::size_type, const void*) [with _Tp = nlohmann::basic_json<>]	24	static
stl_uninitialized.h:76:9:static _ForwardIterator std::__uninitialized_copy<_TrivialValueTypes>::__uninit_copy(_InputIterator, _InputIterator, _ForwardIterator) [with _InputIterator = std::move_iterator<nlohmann::basic_json<>*>; _ForwardIterator = nlohmann::basic_json<>*; bool _TrivialValueTypes = false]	40	static
stl_iterator.h:503:7:std::back_insert_iterator<_Container>& std::back_insert_iterator<_Container>::operator*() [with _Container = std::vector<nlohmann::basic_json<>, std::allocator<nlohmann::basic_json<> > >]	16	static
stl_iterator.h:494:7:std::back_insert_iterator<_Container>& std::back_insert_iterator<_Container>::operator=(typename _Container::value_type&&) [with _Container = std::vector<nlohmann::basic_json<>, std::allocator<nlohmann::basic_json<> > >]	24	static
stl_iterator.h:508:7:std::back_insert_iterator<_Container>& std::back_insert_iterator<_Container>::operator++() [with _Container = std::vector<nlohmann::basic_json<>, std::allocator<nlohmann::basic_json<> > >]	16	static
stl_tree.h:648:7:void std::_Rb_tree<_Key, _Val, _KeyOfValue, _Compare, _Alloc>::_M_destroy_node(std::_Rb_tree<_Key, _Val, _KeyOfValue, _Compare, _Alloc>::_Link_type) [with _Key = std::__cxx11::basic_string<char>; _Val = std::pair<const std::__cxx11::basic_string<char>, nlohmann::basic_json<> >; _KeyOfValue = std::_Select1st<std::pair<const std::__cxx11::basic_string<char>, nlohmann::basic_json<> > >; _Compare = std::less<void>; _Alloc = std::allocator<std::pair<const std::__cxx11::basic_string<char>, nlohmann::basic_json<> > >]	24	static
[...]
shared_ptr_base.h:445:2:std::_Sp_counted_deleter<_Ptr, _Deleter, _Alloc, _Lp>::_Impl::_Impl(_Ptr, _Deleter, const _Alloc&) [with _Ptr = nlohmann::detail::output_string_adapter<char, std::__cxx11::basic_string<char> >*; _Deleter = std::__shared_ptr<nlohmann::detail::output_string_adapter<char, std::__cxx11::basic_string<char> >, (__gnu_cxx::_Lock_policy)0>::_Deleter<std::allocator<nlohmann::detail::output_string_adapter<char, std::__cxx11::basic_string<char> > > >; _Alloc = std::allocator<nlohmann::detail::output_string_adapter<char, std::__cxx11::basic_string<char> > >; __gnu_cxx::_Lock_policy _Lp = (__gnu_cxx::_Lock_policy)0]	32	static
alloc_traits.h:486:2:static void std::allocator_traits<std::allocator<_CharT> >::destroy(std::allocator_traits<std::allocator<_CharT> >::allocator_type&, _Up*) [with _Up = nlohmann::detail::output_string_adapter<char, std::__cxx11::basic_string<char> >; _Tp = nlohmann::detail::output_string_adapter<char, std::__cxx11::basic_string<char> >]	16	static
tuple:132:19:constexpr std::_Head_base<_Idx, _Head, false>::_Head_base(_UHead&&) [with _UHead = std::__cxx11::basic_string<char>*&; unsigned int _Idx = 0; _Head = std::__cxx11::basic_string<char>*]	16	static
tuple:971:19:) [with T = std::__cxx11::basic_string<char>; Args = {const std::__cxx11::basic_string<char, std::char_traits<char>, std::allocator<char> >&}; ObjectType = std::map; ArrayType = std::vector; StringType = std::__cxx11::basic_string<char>; BooleanType = bool; NumberIntegerType = long long int; NumberUnsignedType = long long unsigned int; NumberFloatType = double; AllocatorType = std::allocator; JSONSerializer = nlohmann::adl_serializer; BinaryType = std::vector<unsigned char>]::<lambda(std::__cxx11::basic_string<char>*)>]	32	static
tuple:1314:5:) [with T = std::__cxx11::basic_string<char>; Args = {const std::__cxx11::basic_string<char, std::char_traits<char>, std::allocator<char> >&}; ObjectType = std::map; ArrayType = std::vector; StringType = std::__cxx11::basic_string<char>; BooleanType = bool; NumberIntegerType = long long int; NumberUnsignedType = long long unsigned int; NumberFloatType = double; AllocatorType = std::allocator; JSONSerializer = nlohmann::adl_serializer; BinaryType = std::vector<unsigned char>]::<lambda(std::__cxx11::basic_string<char, std::char_traits<char>, std::allocator<char> >*)>}]	16	static
unique_ptr.h:148:18:) [with T = std::__cxx11::basic_string<char>; Args = {const std::__cxx11::basic_string<char, std::char_traits<char>, std::allocator<char> >&}; ObjectType = std::map; ArrayType = std::vector; StringType = std::__cxx11::basic_string<char>; BooleanType = bool; NumberIntegerType = long long int; NumberUnsignedType = long long unsigned int; NumberFloatType = double; AllocatorType = std::allocator; JSONSerializer = nlohmann::adl_serializer; BinaryType = std::vector<unsigned char>]::<lambda(std::__cxx11::basic_string<char>*)>]	16	static
tuple:1320:5:) [with T = std::__cxx11::basic_string<char>; Args = {const std::__cxx11::basic_string<char, std::char_traits<char>, std::allocator<char> >&}; ObjectType = std::map; ArrayType = std::vector; StringType = std::__cxx11::basic_string<char>; BooleanType = bool; NumberIntegerType = long long int; NumberUnsignedType = long long unsigned int; NumberFloatType = double; AllocatorType = std::allocator; JSONSerializer = nlohmann::adl_serializer; BinaryType = std::vector<unsigned char>]::<lambda(std::__cxx11::basic_string<char, std::char_traits<char>, std::allocator<char> >*)>}]	16	static
stl_iterator.h:1045:7:std::move_iterator<_Iterator>::iterator_type std::move_iterator<_Iterator>::base() const [with _Iterator = nlohmann::basic_json<>*]	16	static
new_allocator.h:129:7:__gnu_cxx::new_allocator<_Tp>::size_type __gnu_cxx::new_allocator<_Tp>::max_size() const [with _Tp = nlohmann::detail::output_string_adapter<char, std::__cxx11::basic_string<char> >]	16	static
new_allocator.h:99:7:_Tp* __gnu_cxx::new_allocator<_Tp>::allocate(__gnu_cxx::new_allocator<_Tp>::size_type, const void*) [with _Tp = std::_Sp_counted_deleter<nlohmann::detail::output_string_adapter<char, std::__cxx11::basic_string<char> >*, std::__shared_ptr<nlohmann::detail::output_string_adapter<char, std::__cxx11::basic_string<char> >, (__gnu_cxx::_Lock_policy)0>::_Deleter<std::allocator<nlohmann::detail::output_string_adapter<char, std::__cxx11::basic_string<char> > > >, std::allocator<nlohmann::detail::output_string_adapter<char, std::__cxx11::basic_string<char> > >, (__gnu_cxx::_Lock_policy)0>]	24	static
move.h:47:5:constexpr _Tp* std::__addressof(_Tp&) [with _Tp = std::allocator<std::_Sp_counted_deleter<nlohmann::detail::output_string_adapter<char, std::__cxx11::basic_string<char> >*, std::__shared_ptr<nlohmann::detail::output_string_adapter<char, std::__cxx11::basic_string<char> >, (__gnu_cxx::_Lock_policy)0>::_Deleter<std::allocator<nlohmann::detail::output_string_adapter<char, std::__cxx11::basic_string<char> > > >, std::allocator<nlohmann::detail::output_string_adapter<char, std::__cxx11::basic_string<char> > >, (__gnu_cxx::_Lock_policy)0> >]	16	static
new_allocator.h:116:7:void __gnu_cxx::new_allocator<_Tp>::deallocate(__gnu_cxx::new_allocator<_Tp>::pointer, __gnu_cxx::new_allocator<_Tp>::size_type) [with _Tp = std::_Sp_counted_deleter<nlohmann::detail::output_string_adapter<char, std::__cxx11::basic_string<char> >*, std::__shared_ptr<nlohmann::detail::output_string_adapter<char, std::__cxx11::basic_string<char> >, (__gnu_cxx::_Lock_policy)0>::_Deleter<std::allocator<nlohmann::detail::output_string_adapter<char, std::__cxx11::basic_string<char> > > >, std::allocator<nlohmann::detail::output_string_adapter<char, std::__cxx11::basic_string<char> > >, (__gnu_cxx::_Lock_policy)0>]	24	static
shared_ptr_base.h:425:16:std::_Sp_ebo_helper<_Nm, _Tp, false>::_Sp_ebo_helper(_Tp&&) [with int _Nm = 0; _Tp = std::__shared_ptr<nlohmann::detail::output_string_adapter<char, std::__cxx11::basic_string<char> >, (__gnu_cxx::_Lock_policy)0>::_Deleter<std::allocator<nlohmann::detail::output_string_adapter<char, std::__cxx11::basic_string<char> > > >]	24	static
shared_ptr_base.h:413:16:std::_Sp_ebo_helper<_Nm, _Tp, true>::_Sp_ebo_helper(const _Tp&) [with int _Nm = 1; _Tp = std::allocator<nlohmann::detail::output_string_adapter<char, std::__cxx11::basic_string<char> > >]	16	static
json.hpp:12693:7:nlohmann::detail::output_string_adapter<char, std::__cxx11::basic_string<char> >::~output_string_adapter()	16	static
json.hpp:12693:7:virtual nlohmann::detail::output_string_adapter<char, std::__cxx11::basic_string<char> >::~output_string_adapter()	16	static
new_allocator.h:140:2:void __gnu_cxx::new_allocator<_Tp>::destroy(_Up*) [with _Up = nlohmann::detail::output_string_adapter<char, std::__cxx11::basic_string<char> >; _Tp = nlohmann::detail::output_string_adapter<char, std::__cxx11::basic_string<char> >]	16	static
tuple:160:7:static constexpr _Head& std::_Head_base<_Idx, _Head, false>::_M_head(std::_Head_base<_Idx, _Head, false>&) [with unsigned int _Idx = 0; _Head = std::__cxx11::basic_string<char>*]	16	static
tuple:163:7:static constexpr const _Head& std::_Head_base<_Idx, _Head, false>::_M_head(const std::_Head_base<_Idx, _Head, false>&) [with unsigned int _Idx = 0; _Head = std::__cxx11::basic_string<char>*]	16	static
tuple:216:19:) [with T = std::__cxx11::basic_string<char>; Args = {const std::__cxx11::basic_string<char, std::char_traits<char>, std::allocator<char> >&}; ObjectType = std::map; ArrayType = std::vector; StringType = std::__cxx11::basic_string<char>; BooleanType = bool; NumberIntegerType = long long int; NumberUnsignedType = long long unsigned int; NumberFloatType = double; AllocatorType = std::allocator; JSONSerializer = nlohmann::adl_serializer; BinaryType = std::vector<unsigned char>]::<lambda(std::__cxx11::basic_string<char, std::char_traits<char>, std::allocator<char> >*)>}]	32	static
tuple:1303:5:) [with T = std::__cxx11::basic_string<char>; Args = {const std::__cxx11::basic_string<char, std::char_traits<char>, std::allocator<char> >&}; ObjectType = std::map; ArrayType = std::vector; StringType = std::__cxx11::basic_string<char>; BooleanType = bool; NumberIntegerType = long long int; NumberUnsignedType = long long unsigned int; NumberFloatType = double; AllocatorType = std::allocator; JSONSerializer = nlohmann::adl_serializer; BinaryType = std::vector<unsigned char>]::<lambda(std::__cxx11::basic_string<char, std::char_traits<char>, std::allocator<char> >*)>}]	16	static
tuple:1314:5:) [with T = std::__cxx11::basic_string<char>; Args = {const std::__cxx11::basic_string<char, std::char_traits<char>, std::allocator<char> >&}; ObjectType = std::map; ArrayType = std::vector; StringType = std::__cxx11::basic_string<char>; BooleanType = bool; NumberIntegerType = long long int; NumberUnsignedType = long long unsigned int; NumberFloatType = double; AllocatorType = std::allocator; JSONSerializer = nlohmann::adl_serializer; BinaryType = std::vector<unsigned char>]::<lambda(std::__cxx11::basic_string<char, std::char_traits<char>, std::allocator<char> >*)>}]	16	static
tuple:1308:5:) [with T = std::__cxx11::basic_string<char>; Args = {const std::__cxx11::basic_string<char, std::char_traits<char>, std::allocator<char> >&}; ObjectType = std::map; ArrayType = std::vector; StringType = std::__cxx11::basic_string<char>; BooleanType = bool; NumberIntegerType = long long int; NumberUnsignedType = long long unsigned int; NumberFloatType = double; AllocatorType = std::allocator; JSONSerializer = nlohmann::adl_serializer; BinaryType = std::vector<unsigned char>]::<lambda(std::__cxx11::basic_string<char, std::char_traits<char>, std::allocator<char> >*)>}]	16	static
new_allocator.h:129:7:__gnu_cxx::new_allocator<_Tp>::size_type __gnu_cxx::new_allocator<_Tp>::max_size() const [with _Tp = std::_Sp_counted_deleter<nlohmann::detail::output_string_adapter<char, std::__cxx11::basic_string<char> >*, std::__shared_ptr<nlohmann::detail::output_string_adapter<char, std::__cxx11::basic_string<char> >, (__gnu_cxx::_Lock_policy)0>::_Deleter<std::allocator<nlohmann::detail::output_string_adapter<char, std::__cxx11::basic_string<char> > > >, std::allocator<nlohmann::detail::output_string_adapter<char, std::__cxx11::basic_string<char> > >, (__gnu_cxx::_Lock_policy)0>]	16	static
tuple:360:17:) [with T = std::__cxx11::basic_string<char>; Args = {const std::__cxx11::basic_string<char, std::char_traits<char>, std::allocator<char> >&}; ObjectType = std::map; ArrayType = std::vector; StringType = std::__cxx11::basic_string<char>; BooleanType = bool; NumberIntegerType = long long int; NumberUnsignedType = long long unsigned int; NumberFloatType = double; AllocatorType = std::allocator; JSONSerializer = nlohmann::adl_serializer; BinaryType = std::vector<unsigned char>]::<lambda(std::__cxx11::basic_string<char>*)>]	16	static
tuple:195:7:) [with T = std::__cxx11::basic_string<char>; Args = {const std::__cxx11::basic_string<char, std::char_traits<char>, std::allocator<char> >&}; ObjectType = std::map; ArrayType = std::vector; StringType = std::__cxx11::basic_string<char>; BooleanType = bool; NumberIntegerType = long long int; NumberUnsignedType = long long unsigned int; NumberFloatType = double; AllocatorType = std::allocator; JSONSerializer = nlohmann::adl_serializer; BinaryType = std::vector<unsigned char>]::<lambda(std::__cxx11::basic_string<char, std::char_traits<char>, std::allocator<char> >*)>}]	16	static
tuple:1303:5:) [with T = std::__cxx11::basic_string<char>; Args = {const std::__cxx11::basic_string<char, std::char_traits<char>, std::allocator<char> >&}; ObjectType = std::map; ArrayType = std::vector; StringType = std::__cxx11::basic_string<char>; BooleanType = bool; NumberIntegerType = long long int; NumberUnsignedType = long long unsigned int; NumberFloatType = double; AllocatorType = std::allocator; JSONSerializer = nlohmann::adl_serializer; BinaryType = std::vector<unsigned char>]::<lambda(std::__cxx11::basic_string<char>*)>; _Tail = {}]	16	static
tuple:198:7:) [with T = std::__cxx11::basic_string<char>; Args = {const std::__cxx11::basic_string<char, std::char_traits<char>, std::allocator<char> >&}; ObjectType = std::map; ArrayType = std::vector; StringType = std::__cxx11::basic_string<char>; BooleanType = bool; NumberIntegerType = long long int; NumberUnsignedType = long long unsigned int; NumberFloatType = double; AllocatorType = std::allocator; JSONSerializer = nlohmann::adl_serializer; BinaryType = std::vector<unsigned char>]::<lambda(std::__cxx11::basic_string<char, std::char_traits<char>, std::allocator<char> >*)>}]	16	static
tuple:125:17:) [with T = std::__cxx11::basic_string<char>; Args = {const std::__cxx11::basic_string<char, std::char_traits<char>, std::allocator<char> >&}; ObjectType = std::map; ArrayType = std::vector; StringType = std::__cxx11::basic_string<char>; BooleanType = bool; NumberIntegerType = long long int; NumberUnsignedType = long long unsigned int; NumberFloatType = double; AllocatorType = std::allocator; JSONSerializer = nlohmann::adl_serializer; BinaryType = std::vector<unsigned char>]::<lambda(std::__cxx11::basic_string<char>*)>]	16	static
tuple:351:7:) [with T = std::__cxx11::basic_string<char>; Args = {const std::__cxx11::basic_string<char, std::char_traits<char>, std::allocator<char> >&}; ObjectType = std::map; ArrayType = std::vector; StringType = std::__cxx11::basic_string<char>; BooleanType = bool; NumberIntegerType = long long int; NumberUnsignedType = long long unsigned int; NumberFloatType = double; AllocatorType = std::allocator; JSONSerializer = nlohmann::adl_serializer; BinaryType = std::vector<unsigned char>]::<lambda(std::__cxx11::basic_string<char>*)>]	16	static
tuple:160:7:) [with T = std::__cxx11::basic_string<char>; Args = {const std::__cxx11::basic_string<char, std::char_traits<char>, std::allocator<char> >&}; ObjectType = std::map; ArrayType = std::vector; StringType = std::__cxx11::basic_string<char>; BooleanType = bool; NumberIntegerType = long long int; NumberUnsignedType = long long unsigned int; NumberFloatType = double; AllocatorType = std::allocator; JSONSerializer = nlohmann::adl_serializer; BinaryType = std::vector<unsigned char>]::<lambda(std::__cxx11::basic_string<char>*)>]	16	static
json.hpp:2564:7:nlohmann::detail::type_error::~type_error()	16	static
json.hpp:2564:7:virtual nlohmann::detail::type_error::~type_error()	16	static
OUCART0018.cpp:196:1:void __static_initialization_and_destruction_0(int, int)	16	static
shared_ptr_base.h:466:7:std::_Sp_counted_deleter<_Ptr, _Deleter, _Alloc, _Lp>::~_Sp_counted_deleter() [with _Ptr = nlohmann::detail::output_string_adapter<char, std::__cxx11::basic_string<char> >*; _Deleter = std::__shared_ptr<nlohmann::detail::output_string_adapter<char, std::__cxx11::basic_string<char> >, (__gnu_cxx::_Lock_policy)0>::_Deleter<std::allocator<nlohmann::detail::output_string_adapter<char, std::__cxx11::basic_string<char> > > >; _Alloc = std::allocator<nlohmann::detail::output_string_adapter<char, std::__cxx11::basic_string<char> > >; __gnu_cxx::_Lock_policy _Lp = (__gnu_cxx::_Lock_policy)0]	16	static
shared_ptr_base.h:466:7:std::_Sp_counted_deleter<_Ptr, _Deleter, _Alloc, _Lp>::~_Sp_counted_deleter() [with _Ptr = nlohmann::detail::output_string_adapter<char, std::__cxx11::basic_string<char> >*; _Deleter = std::__shared_ptr<nlohmann::detail::output_string_adapter<char, std::__cxx11::basic_string<char> >, (__gnu_cxx::_Lock_policy)0>::_Deleter<std::allocator<nlohmann::detail::output_string_adapter<char, std::__cxx11::basic_string<char> > > >; _Alloc = std::allocator<nlohmann::detail::output_string_adapter<char, std::__cxx11::basic_string<char> > >; __gnu_cxx::_Lock_policy _Lp = (__gnu_cxx::_Lock_policy)0]	16	static
shared_ptr_base.h:469:7:void std::_Sp_counted_deleter<_Ptr, _Deleter, _Alloc, _Lp>::_M_dispose() [with _Ptr = nlohmann::detail::output_string_adapter<char, std::__cxx11::basic_string<char> >*; _Deleter = std::__shared_ptr<nlohmann::detail::output_string_adapter<char, std::__cxx11::basic_string<char> >, (__gnu_cxx::_Lock_policy)0>::_Deleter<std::allocator<nlohmann::detail::output_string_adapter<char, std::__cxx11::basic_string<char> > > >; _Alloc = std::allocator<nlohmann::detail::output_string_adapter<char, std::__cxx11::basic_string<char> > >; __gnu_cxx::_Lock_policy _Lp = (__gnu_cxx::_Lock_policy)0]	16	static
shared_ptr_base.h:473:7:void std::_Sp_counted_deleter<_Ptr, _Deleter, _Alloc, _Lp>::_M_destroy() [with _Ptr = nlohmann::detail::output_string_adapter<char, std::__cxx11::basic_string<char> >*; _Deleter = std::__shared_ptr<nlohmann::detail::output_string_adapter<char, std::__cxx11::basic_string<char> >, (__gnu_cxx::_Lock_policy)0>::_Deleter<std::allocator<nlohmann::detail::output_string_adapter<char, std::__cxx11::basic_string<char> > > >; _Alloc = std::allocator<nlohmann::detail::output_string_adapter<char, std::__cxx11::basic_string<char> > >; __gnu_cxx::_Lock_policy _Lp = (__gnu_cxx::_Lock_policy)0]	32	static
shared_ptr_base.h:481:7:void* std::_Sp_counted_deleter<_Ptr, _Deleter, _Alloc, _Lp>::_M_get_deleter(const std::type_info&) [with _Ptr = nlohmann::detail::output_string_adapter<char, std::__cxx11::basic_string<char> >*; _Deleter = std::__shared_ptr<nlohmann::detail::output_string_adapter<char, std::__cxx11::basic_string<char> >, (__gnu_cxx::_Lock_policy)0>::_Deleter<std::allocator<nlohmann::detail::output_string_adapter<char, std::__cxx11::basic_string<char> > > >; _Alloc = std::allocator<nlohmann::detail::output_string_adapter<char, std::__cxx11::basic_string<char> > >; __gnu_cxx::_Lock_policy _Lp = (__gnu_cxx::_Lock_policy)0]	16	static
json.hpp:12700:10:void nlohmann::detail::output_string_adapter<CharType, StringType>::write_character(CharType) [with CharType = char; StringType = std::__cxx11::basic_string<char>]	16	static
json.hpp:12706:10:void nlohmann::detail::output_string_adapter<CharType, StringType>::write_characters(const CharType*, std::size_t) [with CharType = char; StringType = std::__cxx11::basic_string<char>]	24	static
shared_ptr_base.h:449:12:_Deleter& std::_Sp_counted_deleter<_Ptr, _Deleter, _Alloc, _Lp>::_Impl::_M_del() [with _Ptr = nlohmann::detail::output_string_adapter<char, std::__cxx11::basic_string<char> >*; _Deleter = std::__shared_ptr<nlohmann::detail::output_string_adapter<char, std::__cxx11::basic_string<char> >, (__gnu_cxx::_Lock_policy)0>::_Deleter<std::allocator<nlohmann::detail::output_string_adapter<char, std::__cxx11::basic_string<char> > > >; _Alloc = std::allocator<nlohmann::detail::output_string_adapter<char, std::__cxx11::basic_string<char> > >; __gnu_cxx::_Lock_policy _Lp = (__gnu_cxx::_Lock_policy)0]	16	static
shared_ptr_base.h:450:10:_Alloc& std::_Sp_counted_deleter<_Ptr, _Deleter, _Alloc, _Lp>::_Impl::_M_alloc() [with _Ptr = nlohmann::detail::output_string_adapter<char, std::__cxx11::basic_string<char> >*; _Deleter = std::__shared_ptr<nlohmann::detail::output_string_adapter<char, std::__cxx11::basic_string<char> >, (__gnu_cxx::_Lock_policy)0>::_Deleter<std::allocator<nlohmann::detail::output_string_adapter<char, std::__cxx11::basic_string<char> > > >; _Alloc = std::allocator<nlohmann::detail::output_string_adapter<char, std::__cxx11::basic_string<char> > >; __gnu_cxx::_Lock_policy _Lp = (__gnu_cxx::_Lock_policy)0]	16	static
shared_ptr_base.h:428:7:static _Tp& std::_Sp_ebo_helper<_Nm, _Tp, false>::_S_get(std::_Sp_ebo_helper<_Nm, _Tp, false>&) [with int _Nm = 0; _Tp = std::__shared_ptr<nlohmann::detail::output_string_adapter<char, std::__cxx11::basic_string<char> >, (__gnu_cxx::_Lock_policy)0>::_Deleter<std::allocator<nlohmann::detail::output_string_adapter<char, std::__cxx11::basic_string<char> > > >]	16	static
shared_ptr_base.h:417:7:static _Tp& std::_Sp_ebo_helper<_Nm, _Tp, true>::_S_get(std::_Sp_ebo_helper<_Nm, _Tp, true>&) [with int _Nm = 1; _Tp = std::allocator<nlohmann::detail::output_string_adapter<char, std::__cxx11::basic_string<char> > >]	16	static
OUCART0018.cpp:196:1:cpp)	8	static
OUCART0018.cpp:196:1:cpp)	8	static
