gthr-default.h:229:1:int __gthread_key_delete(__gthread_key_t)	16	static
OUCART0020FCT.cpp:10:1:OUCART0020FCT::OUCART0020FCT()	16	static
OUCART0020FCT.cpp:15:1:OUCART0020FCT::OUCART0020FCT(uint8_t, uint8_t)	16	static
OUCART0020FCT.cpp:20:1:OUCART0020FCT::~OUCART0020FCT()	16	static
OUCART0020FCT.cpp:20:1:virtual OUCART0020FCT::~OUCART0020FCT()	16	static
OUCART0020FCT.cpp:27:6:void OUCART0020FCT::ADCinternref(uint8_t)	16	static
OUCART0020FCT.cpp:39:1:void __static_initialization_and_destruction_0(int, int)	16	static
OUCART0020FCT.cpp:39:1:cpp)	8	static
OUCART0020FCT.cpp:39:1:cpp)	8	static
