gthr-default.h:229:1:int __gthread_key_delete(__gthread_key_t)	16	static
basic_string.h:6362:3:int std::__cxx11::stoi(const string&, std::size_t*, int)	32	static
Pwm.cpp:14:1:Pwm::Pwm()	16	static
Pwm.cpp:20:1:Pwm::Pwm(std::__cxx11::string)	48	static
Pwm.cpp:25:1:Pwm::~Pwm()	16	static
Pwm.cpp:25:1:virtual Pwm::~Pwm()	16	static
Pwm.cpp:29:11:virtual short int Pwm::ExecuteCmde(std::__cxx11::string&, std::__cxx11::string&)	144	static
Pwm.cpp:60:5:int Pwm::decodeInstruct(std::__cxx11::string&)	48	static
string_conversions.h:63:2:)::_Save_errno::_Save_errno() [with _TRet = long int; _Ret = int; _CharT = char; _Base = {int}]	16	static
string_conversions.h:64:2:)::_Save_errno::~_Save_errno() [with _TRet = long int; _Ret = int; _CharT = char; _Base = {int}]	16	static
string_conversions.h:73:4:)::_Range_chk::_S_chk(_TRet, std::true_type) [with _TRet = long int; _Ret = int; _CharT = char; _Base = {int}]	16	static
string_conversions.h:54:5:) [with _TRet = long int; _Ret = int; _CharT = char; _Base = {int}]	56	static
Pwm.cpp:83:1:void __static_initialization_and_destruction_0(int, int)	16	static
Pwm.cpp:83:1:cpp)	8	static
Pwm.cpp:83:1:cpp)	8	static
