char_traits.h:314:7:static std::size_t std::char_traits<char>::length(const char_type*)	16	static
new:168:14:void* operator new(std::size_t, void*)	16	static
gthr-default.h:229:1:int __gthread_key_delete(__gthread_key_t)	16	static
ScpiClientServer.cpp:15:1:ScpiClientServer::ScpiClientServer(std::__cxx11::string)	16	static
ScpiClientServer.cpp:21:1:ScpiClientServer::ScpiClientServer(std::__cxx11::string, int)	24	static
ScpiClientServer.cpp:31:1:ScpiClientServer::ScpiClientServer()	16	static
ScpiClientServer.cpp:35:1:ScpiClientServer::~ScpiClientServer()	16	static
ScpiClientServer.cpp:35:1:virtual ScpiClientServer::~ScpiClientServer()	16	static
ScpiClientServer.cpp:39:11:short int ScpiClientServer::AddClient(ScpiClientServer*)	64	static
ScpiClientServer.cpp:59:11:short int ScpiClientServer::DecodeMsg(std::__cxx11::string&, std::__cxx11::string&, std::__cxx11::string&)	80	static
ScpiClientServer.cpp:89:11:virtual short int ScpiClientServer::ExecuteCmde(std::__cxx11::string&, std::__cxx11::string&)	144	static
ScpiClientServer.cpp:113:13:std::__cxx11::string ScpiClientServer::getHeader()	16	static
ScpiClientServer.cpp:117:19:ScpiClientServer* ScpiClientServer::getClient(uint8_t)	16	static
CerrG.h:13:7:constexpr CerrG::CerrG(const CerrG&)	16	static
ScpiClientServer.cpp:121:11:short int ScpiClientServer::ReceiveMsg(std::__cxx11::string, std::__cxx11::string&, CerrG&)	184	static
ScpiClientServer.cpp:175:5:int ScpiClientServer::FindClientinList(std::__cxx11::string)	56	static
ScpiClientServer.cpp:184:5:int ScpiClientServer::getTailleListClient()	16	static
ScpiClientServer.cpp:188:6:void ScpiClientServer::SetSendEnable(int)	24	static
ScpiClientServer.cpp:197:6:void ScpiClientServer::modeperoquet(int)	24	static
ScpiClientServer.cpp:205:5:int ScpiClientServer::BroadCastCmde(std::__cxx11::string&, std::__cxx11::string&)	112	static
ScpiClientServer.cpp:223:19:ScpiClientServer* ScpiClientServer::getSCPIClientServer()	16	static
stl_vector.h:259:7:std::vector<_Tp, _Alloc>::vector() [with _Tp = ScpiClientServer*; _Alloc = std::allocator<ScpiClientServer*>]	16	static
stl_vector.h:433:7:std::vector<_Tp, _Alloc>::~vector() [with _Tp = ScpiClientServer*; _Alloc = std::allocator<ScpiClientServer*>]	24	static
basic_string.h:6072:5:bool std::operator!=(const std::__cxx11::basic_string<_CharT, _Traits, _Alloc>&, const _CharT*) [with _CharT = char; _Traits = std::char_traits<char>; _Alloc = std::allocator<char>]	16	static
stl_vector.h:939:7:void std::vector<_Tp, _Alloc>::push_back(const value_type&) [with _Tp = ScpiClientServer*; _Alloc = std::allocator<ScpiClientServer*>]	16	static
basic_string.tcc:1157:5:std::__cxx11::basic_string<_CharT, _Traits, _Alloc> std::operator+(const _CharT*, const std::__cxx11::basic_string<_CharT, _Traits, _Alloc>&) [with _CharT = char; _Traits = std::char_traits<char>; _Alloc = std::allocator<char>]	32	static
basic_string.h:5980:5:std::__cxx11::basic_string<_CharT, _Traits, _Alloc> std::operator+(std::__cxx11::basic_string<_CharT, _Traits, _Alloc>&&, const _CharT*) [with _CharT = char; _Traits = std::char_traits<char>; _Alloc = std::allocator<char>]	24	static
basic_string.h:5944:5:std::__cxx11::basic_string<_CharT, _Traits, _Alloc> std::operator+(std::__cxx11::basic_string<_CharT, _Traits, _Alloc>&&, const std::__cxx11::basic_string<_CharT, _Traits, _Alloc>&) [with _CharT = char; _Traits = std::char_traits<char>; _Alloc = std::allocator<char>]	24	static
move.h:98:5:constexpr typename std::remove_reference< <template-parameter-1-1> >::type&& std::move(_Tp&&) [with _Tp = std::__cxx11::basic_string<char>&]	16	static
stl_vector.h:844:7:std::vector<_Tp, _Alloc>::reference std::vector<_Tp, _Alloc>::at(std::vector<_Tp, _Alloc>::size_type) [with _Tp = ScpiClientServer*; _Alloc = std::allocator<ScpiClientServer*>]	16	static
stl_vector.h:670:7:std::vector<_Tp, _Alloc>::size_type std::vector<_Tp, _Alloc>::size() const [with _Tp = ScpiClientServer*; _Alloc = std::allocator<ScpiClientServer*>]	16	static
basic_string.h:5879:5:std::__cxx11::basic_string<_CharT, _Traits, _Alloc> std::operator+(const std::__cxx11::basic_string<_CharT, _Traits, _Alloc>&, const std::__cxx11::basic_string<_CharT, _Traits, _Alloc>&) [with _CharT = char; _Traits = std::char_traits<char>; _Alloc = std::allocator<char>]	24	static
stl_vector.h:81:14:std::_Vector_base<ScpiClientServer*, std::allocator<ScpiClientServer*> >::_Vector_impl::~_Vector_impl()	16	static
stl_vector.h:126:7:std::_Vector_base<_Tp, _Alloc>::_Vector_base() [with _Tp = ScpiClientServer*; _Alloc = std::allocator<ScpiClientServer*>]	16	static
stl_vector.h:161:7:std::_Vector_base<_Tp, _Alloc>::~_Vector_base() [with _Tp = ScpiClientServer*; _Alloc = std::allocator<ScpiClientServer*>]	16	static
stl_vector.h:115:7:std::_Vector_base<_Tp, _Alloc>::_Tp_alloc_type& std::_Vector_base<_Tp, _Alloc>::_M_get_Tp_allocator() [with _Tp = ScpiClientServer*; _Alloc = std::allocator<ScpiClientServer*>]	16	static
stl_construct.h:203:5:void std::_Destroy(_ForwardIterator, _ForwardIterator, std::allocator<_T2>&) [with _ForwardIterator = ScpiClientServer**; _Tp = ScpiClientServer*]	24	static
basic_string.h:6034:5:bool std::operator==(const std::__cxx11::basic_string<_CharT, _Traits, _Alloc>&, const _CharT*) [with _CharT = char; _Traits = std::char_traits<char>; _Alloc = std::allocator<char>]	16	static
move.h:73:5:constexpr _Tp&& std::forward(typename std::remove_reference<_From>::type&) [with _Tp = ScpiClientServer* const&]	16	static
alloc_traits.h:474:2:) [with _Up = ScpiClientServer*; _Args = {ScpiClientServer* const&}; _Tp = ScpiClientServer*]	24	static
stl_vector.h:581:7:std::vector<_Tp, _Alloc>::iterator std::vector<_Tp, _Alloc>::end() [with _Tp = ScpiClientServer*; _Alloc = std::allocator<ScpiClientServer*>]	24	static
vector.tcc:394:7:) [with _Args = {ScpiClientServer* const&}; _Tp = ScpiClientServer*; _Alloc = std::allocator<ScpiClientServer*>]	56	static
stl_vector.h:822:7:void std::vector<_Tp, _Alloc>::_M_range_check(std::vector<_Tp, _Alloc>::size_type) const [with _Tp = ScpiClientServer*; _Alloc = std::allocator<ScpiClientServer*>]	16	static
stl_vector.h:795:7:std::vector<_Tp, _Alloc>::reference std::vector<_Tp, _Alloc>::operator[](std::vector<_Tp, _Alloc>::size_type) [with _Tp = ScpiClientServer*; _Alloc = std::allocator<ScpiClientServer*>]	16	static
stl_vector.h:88:2:std::_Vector_base<_Tp, _Alloc>::_Vector_impl::_Vector_impl() [with _Tp = ScpiClientServer*; _Alloc = std::allocator<ScpiClientServer*>]	16	static
allocator.h:139:7:std::allocator< <template-parameter-1-1> >::~allocator() [with _Tp = ScpiClientServer*]	16	static
stl_vector.h:176:7:void std::_Vector_base<_Tp, _Alloc>::_M_deallocate(std::_Vector_base<_Tp, _Alloc>::pointer, std::size_t) [with _Tp = ScpiClientServer*; _Alloc = std::allocator<ScpiClientServer*>]	24	static
stl_construct.h:127:5:void std::_Destroy(_ForwardIterator, _ForwardIterator) [with _ForwardIterator = ScpiClientServer**]	16	static
new_allocator.h:135:2:) [with _Up = ScpiClientServer*; _Args = {ScpiClientServer* const&}; _Tp = ScpiClientServer*]	32	static
stl_iterator.h:779:7:__gnu_cxx::__normal_iterator<_Iterator, _Container>::__normal_iterator(const _Iterator&) [with _Iterator = ScpiClientServer**; _Container = std::vector<ScpiClientServer*>]	16	static
stl_vector.h:1497:7:std::vector<_Tp, _Alloc>::size_type std::vector<_Tp, _Alloc>::_M_check_len(std::vector<_Tp, _Alloc>::size_type, const char*) const [with _Tp = ScpiClientServer*; _Alloc = std::allocator<ScpiClientServer*>]	40	static
stl_vector.h:563:7:std::vector<_Tp, _Alloc>::iterator std::vector<_Tp, _Alloc>::begin() [with _Tp = ScpiClientServer*; _Alloc = std::allocator<ScpiClientServer*>]	24	static
stl_iterator.h:962:5:typename __gnu_cxx::__normal_iterator<_Iterator, _Container>::difference_type __gnu_cxx::operator-(const __gnu_cxx::__normal_iterator<_Iterator, _Container>&, const __gnu_cxx::__normal_iterator<_Iterator, _Container>&) [with _Iterator = ScpiClientServer**; _Container = std::vector<ScpiClientServer*>]	24	static
stl_vector.h:169:7:std::_Vector_base<_Tp, _Alloc>::pointer std::_Vector_base<_Tp, _Alloc>::_M_allocate(std::size_t) [with _Tp = ScpiClientServer*; _Alloc = std::allocator<ScpiClientServer*>]	16	static
stl_iterator.h:844:7:const _Iterator& __gnu_cxx::__normal_iterator<_Iterator, _Container>::base() const [with _Iterator = ScpiClientServer**; _Container = std::vector<ScpiClientServer*>]	16	static
stl_uninitialized.h:305:5:_ForwardIterator std::__uninitialized_move_if_noexcept_a(_InputIterator, _InputIterator, _ForwardIterator, _Allocator&) [with _InputIterator = ScpiClientServer**; _ForwardIterator = ScpiClientServer**; _Allocator = std::allocator<ScpiClientServer*>]	32	static
alloc_traits.h:486:2:static void std::allocator_traits<std::allocator<_CharT> >::destroy(std::allocator_traits<std::allocator<_CharT> >::allocator_type&, _Up*) [with _Up = ScpiClientServer*; _Tp = ScpiClientServer*]	16	static
allocator.h:131:7:std::allocator< <template-parameter-1-1> >::allocator() [with _Tp = ScpiClientServer*]	16	static
new_allocator.h:86:7:__gnu_cxx::new_allocator<_Tp>::~new_allocator() [with _Tp = ScpiClientServer*]	16	static
alloc_traits.h:461:7:static void std::allocator_traits<std::allocator<_CharT> >::deallocate(std::allocator_traits<std::allocator<_CharT> >::allocator_type&, std::allocator_traits<std::allocator<_CharT> >::pointer, std::allocator_traits<std::allocator<_CharT> >::size_type) [with _Tp = ScpiClientServer*]	24	static
stl_construct.h:117:9:static void std::_Destroy_aux<true>::__destroy(_ForwardIterator, _ForwardIterator) [with _ForwardIterator = ScpiClientServer**]	16	static
stl_vector.h:675:7:std::vector<_Tp, _Alloc>::size_type std::vector<_Tp, _Alloc>::max_size() const [with _Tp = ScpiClientServer*; _Alloc = std::allocator<ScpiClientServer*>]	16	static
stl_algobase.h:219:5:constexpr const _Tp& std::max(const _Tp&, const _Tp&) [with _Tp = unsigned int]	16	static
alloc_traits.h:435:7:static _Tp* std::allocator_traits<std::allocator<_CharT> >::allocate(std::allocator_traits<std::allocator<_CharT> >::allocator_type&, std::allocator_traits<std::allocator<_CharT> >::size_type) [with _Tp = ScpiClientServer*]	16	static
stl_iterator.h:1221:5:_ReturnType std::__make_move_if_noexcept_iterator(_Tp*) [with _Tp = ScpiClientServer*; _ReturnType = std::move_iterator<ScpiClientServer**>]	24	static
stl_uninitialized.h:287:5:_ForwardIterator std::__uninitialized_copy_a(_InputIterator, _InputIterator, _ForwardIterator, std::allocator<_Tp>&) [with _InputIterator = std::move_iterator<ScpiClientServer**>; _ForwardIterator = ScpiClientServer**; _Tp = ScpiClientServer*]	24	static
new_allocator.h:140:2:void __gnu_cxx::new_allocator<_Tp>::destroy(_Up*) [with _Up = ScpiClientServer*; _Tp = ScpiClientServer*]	16	static
new_allocator.h:79:7:__gnu_cxx::new_allocator<_Tp>::new_allocator() [with _Tp = ScpiClientServer*]	16	static
new_allocator.h:116:7:void __gnu_cxx::new_allocator<_Tp>::deallocate(__gnu_cxx::new_allocator<_Tp>::pointer, __gnu_cxx::new_allocator<_Tp>::size_type) [with _Tp = ScpiClientServer*]	24	static
alloc_traits.h:495:7:static std::allocator_traits<std::allocator<_CharT> >::size_type std::allocator_traits<std::allocator<_CharT> >::max_size(const allocator_type&) [with _Tp = ScpiClientServer*]	16	static
stl_vector.h:119:7:const _Tp_alloc_type& std::_Vector_base<_Tp, _Alloc>::_M_get_Tp_allocator() const [with _Tp = ScpiClientServer*; _Alloc = std::allocator<ScpiClientServer*>]	16	static
new_allocator.h:99:7:_Tp* __gnu_cxx::new_allocator<_Tp>::allocate(__gnu_cxx::new_allocator<_Tp>::size_type, const void*) [with _Tp = ScpiClientServer*]	24	static
stl_iterator.h:1036:7:std::move_iterator<_Iterator>::move_iterator(std::move_iterator<_Iterator>::iterator_type) [with _Iterator = ScpiClientServer**]	16	static
stl_uninitialized.h:115:5:_ForwardIterator std::uninitialized_copy(_InputIterator, _InputIterator, _ForwardIterator) [with _InputIterator = std::move_iterator<ScpiClientServer**>; _ForwardIterator = ScpiClientServer**]	32	static
new_allocator.h:129:7:__gnu_cxx::new_allocator<_Tp>::size_type __gnu_cxx::new_allocator<_Tp>::max_size() const [with _Tp = ScpiClientServer*]	16	static
stl_uninitialized.h:99:9:static _ForwardIterator std::__uninitialized_copy<true>::__uninit_copy(_InputIterator, _InputIterator, _ForwardIterator) [with _InputIterator = std::move_iterator<ScpiClientServer**>; _ForwardIterator = ScpiClientServer**]	24	static
stl_algobase.h:446:5:_OI std::copy(_II, _II, _OI) [with _II = std::move_iterator<ScpiClientServer**>; _OI = ScpiClientServer**]	32	static
stl_iterator.h:1241:5:base())) std::__miter_base(std::move_iterator<_IteratorL>) [with _Iterator = ScpiClientServer**]	16	static
stl_algobase.h:420:5:_OI std::__copy_move_a2(_II, _II, _OI) [with bool _IsMove = true; _II = ScpiClientServer**; _OI = ScpiClientServer**]	32	static
stl_iterator.h:1045:7:std::move_iterator<_Iterator>::iterator_type std::move_iterator<_Iterator>::base() const [with _Iterator = ScpiClientServer**]	16	static
cpp_type_traits.h:408:5:_Iterator std::__miter_base(_Iterator) [with _Iterator = ScpiClientServer**]	16	static
stl_algobase.h:277:5:_Iterator std::__niter_base(_Iterator) [with _Iterator = ScpiClientServer**]	16	static
stl_algobase.h:375:5:_OI std::__copy_move_a(_II, _II, _OI) [with bool _IsMove = true; _II = ScpiClientServer**; _OI = ScpiClientServer**]	32	static
stl_algobase.h:357:9:static _Tp* std::__copy_move<_IsMove, true, std::random_access_iterator_tag>::__copy_m(const _Tp*, const _Tp*, _Tp*) [with _Tp = ScpiClientServer*; bool _IsMove = true]	32	static
ScpiClientServer.cpp:225:1:void __static_initialization_and_destruction_0(int, int)	16	static
ScpiClientServer.cpp:225:1:cpp)	8	static
ScpiClientServer.cpp:225:1:cpp)	8	static
